Archive member included to satisfy reference by file (symbol)

../../NuttX/nuttx/arch/arm/src/libarch.a(arm_vectors.o)
                              (_vectors)
../../NuttX/nuttx/arch/arm/src/libarch.a(arm_exception.o)
                              ../../NuttX/nuttx/arch/arm/src/libarch.a(arm_vectors.o) (exception_common)
../../NuttX/nuttx/arch/arm/src/libarch.a(stm32_start.o)
                              ../../NuttX/nuttx/arch/arm/src/libarch.a(arm_vectors.o) (__start)
../../NuttX/nuttx/arch/arm/src/libarch.a(stm32_rcc.o)
                              ../../NuttX/nuttx/arch/arm/src/libarch.a(stm32_start.o) (stm32_clockconfig)
../../NuttX/nuttx/arch/arm/src/libarch.a(stm32_lowputc.o)
                              ../../NuttX/nuttx/arch/arm/src/libarch.a(stm32_start.o) (stm32_lowsetup)
../../NuttX/nuttx/arch/arm/src/libarch.a(stm32_serial.o)
                              ../../NuttX/nuttx/arch/arm/src/libarch.a(stm32_start.o) (arm_earlyserialinit)
../../NuttX/nuttx/arch/arm/src/libarch.a(arm_doirq.o)
                              ../../NuttX/nuttx/arch/arm/src/libarch.a(arm_exception.o) (arm_doirq)
../../NuttX/nuttx/arch/arm/src/libarch.a(arm_modifyreg32.o)
                              ../../NuttX/nuttx/arch/arm/src/libarch.a(stm32_lowputc.o) (modifyreg32)
../../NuttX/nuttx/arch/arm/src/libarch.a(arm_cache.o)
                              ../../NuttX/nuttx/arch/arm/src/libarch.a(stm32_start.o) (up_enable_icache)
../../NuttX/nuttx/arch/arm/src/libarch.a(stm32_gpio.o)
                              ../../NuttX/nuttx/arch/arm/src/libarch.a(stm32_lowputc.o) (stm32_configgpio)
../../NuttX/nuttx/arch/arm/src/libarch.a(stm32_irq.o)
                              ../../NuttX/nuttx/arch/arm/src/libarch.a(stm32_serial.o) (up_disable_irq)
../../NuttX/nuttx/arch/arm/src/libarch.a(arm_hardfault.o)
                              ../../NuttX/nuttx/arch/arm/src/libarch.a(stm32_irq.o) (arm_hardfault)
../../NuttX/nuttx/arch/arm/src/libarch.a(arm_svcall.o)
                              ../../NuttX/nuttx/arch/arm/src/libarch.a(stm32_irq.o) (arm_svcall)
../../NuttX/nuttx/libs/libc/libc.a(arch_memcpy.o)
                              ../../NuttX/nuttx/arch/arm/src/libarch.a(arm_svcall.o) (memcpy)
../../NuttX/nuttx/libs/libc/libc.a(lib_assert.o)
                              ../../NuttX/nuttx/arch/arm/src/libarch.a(arm_hardfault.o) (_assert)
../../NuttX/nuttx/libs/libc/libc.a(lib_strcpy.o)
                              ../../NuttX/nuttx/arch/arm/src/libarch.a(stm32_serial.o) (strcpy)
../../NuttX/nuttx/libs/libc/libc.a(lib_syslog.o)
                              ../../NuttX/nuttx/arch/arm/src/libarch.a(arm_hardfault.o) (syslog)
../../NuttX/nuttx/libs/libc/libc.a(lib_setlogmask.o)
                              ../../NuttX/nuttx/libs/libc/libc.a(lib_syslog.o) (g_syslog_mask)
../../NuttX/nuttx/drivers/libdrivers.a(serial.o)
                              ../../NuttX/nuttx/arch/arm/src/libarch.a(stm32_serial.o) (uart_register)
../../NuttX/nuttx/drivers/libdrivers.a(serial_io.o)
                              ../../NuttX/nuttx/arch/arm/src/libarch.a(stm32_serial.o) (uart_xmitchars)
../../NuttX/nuttx/drivers/libdrivers.a(vsyslog.o)
                              ../../NuttX/nuttx/libs/libc/libc.a(lib_syslog.o) (nx_vsyslog)
../../NuttX/nuttx/drivers/libdrivers.a(syslog_stream.o)
                              ../../NuttX/nuttx/drivers/libdrivers.a(vsyslog.o) (syslogstream_create)
../../NuttX/nuttx/drivers/libdrivers.a(syslog_emergstream.o)
                              ../../NuttX/nuttx/drivers/libdrivers.a(vsyslog.o) (emergstream)
../../NuttX/nuttx/drivers/libdrivers.a(syslog_putc.o)
                              ../../NuttX/nuttx/drivers/libdrivers.a(syslog_stream.o) (syslog_putc)
../../NuttX/nuttx/drivers/libdrivers.a(syslog_force.o)
                              ../../NuttX/nuttx/drivers/libdrivers.a(syslog_emergstream.o) (syslog_force)
../../NuttX/nuttx/drivers/libdrivers.a(syslog_channel.o)
                              ../../NuttX/nuttx/drivers/libdrivers.a(syslog_putc.o) (g_syslog_channel)
../../NuttX/nuttx/fs/libfs.a(fs_registerdriver.o)
                              ../../NuttX/nuttx/drivers/libdrivers.a(serial.o) (register_driver)
../../NuttX/nuttx/fs/libfs.a(fs_inode.o)
                              ../../NuttX/nuttx/fs/libfs.a(fs_registerdriver.o) (inode_semtake)
../../NuttX/nuttx/fs/libfs.a(fs_inodereserve.o)
                              ../../NuttX/nuttx/fs/libfs.a(fs_inode.o) (inode_root_reserve)
../../NuttX/nuttx/fs/libfs.a(fs_inodesearch.o)
                              ../../NuttX/nuttx/fs/libfs.a(fs_inodereserve.o) (inode_nextname)
../../NuttX/nuttx/mm/libmm.a(umm_free.o)
                              ../../NuttX/nuttx/fs/libfs.a(fs_inodereserve.o) (free)
../../NuttX/nuttx/mm/libmm.a(umm_zalloc.o)
                              ../../NuttX/nuttx/fs/libfs.a(fs_inodereserve.o) (zalloc)
../../NuttX/nuttx/mm/libmm.a(umm_globals.o)
                              ../../NuttX/nuttx/mm/libmm.a(umm_free.o) (g_mmheap)
[...]
Memory Configuration

Name             Origin             Length             Attributes
itcm             0x0000000000000000 0x0000000000010000 xrw
flash            0x0000000008000000 0x0000000000200000 xr
dtcm1            0x0000000020000000 0x0000000000010000 xrw
dtcm2            0x0000000020010000 0x0000000000010000 xrw
sram             0x0000000024000000 0x0000000000080000 xrw
sram1            0x0000000030000000 0x0000000000020000 xrw
sram2            0x0000000030020000 0x0000000000020000 xrw
sram3            0x0000000030040000 0x0000000000008000 xrw
sram4            0x0000000038000000 0x0000000000010000 xrw
bbram            0x0000000038800000 0x0000000000001000 xrw
*default*        0x0000000000000000 0xffffffffffffffff

Linker script and memory map

LOAD CMakeFiles/embedded_project_template.dir/__/common/empty.c.obj

.text           0x0000000008000000     0xd6a4
                0x0000000008000000                _stext = ABSOLUTE (.)
 *(.vectors)
 .vectors       0x0000000008000000      0x298 ../../NuttX/nuttx/arch/arm/src/libarch.a(arm_vectors.o)
                0x0000000008000000                _vectors
 *(.text .text.*)
 .text          0x0000000008000298       0x7a ../../NuttX/nuttx/arch/arm/src/libarch.a(arm_exception.o)
                0x0000000008000298                exception_common
 *fill*         0x0000000008000312        0x2 
 .text.__start  0x0000000008000314       0xa8 ../../NuttX/nuttx/arch/arm/src/libarch.a(stm32_start.o)
                0x0000000008000314                __start
 .text.stm32_clockconfig
                0x00000000080003bc      0x208 ../../NuttX/nuttx/arch/arm/src/libarch.a(stm32_rcc.o)
                0x00000000080003bc                stm32_clockconfig
 .text.arm_lowputc
                0x00000000080005c4       0x18 ../../NuttX/nuttx/arch/arm/src/libarch.a(stm32_lowputc.o)
                0x00000000080005c4                arm_lowputc
 .text.stm32_lowsetup
                0x00000000080005dc       0x80 ../../NuttX/nuttx/arch/arm/src/libarch.a(stm32_lowputc.o)
                0x00000000080005dc                stm32_lowsetup
 .text.up_setusartint
                0x000000000800065c       0x26 ../../NuttX/nuttx/arch/arm/src/libarch.a(stm32_serial.o)
 .text.up_restoreusartint
                0x0000000008000682       0x24 ../../NuttX/nuttx/arch/arm/src/libarch.a(stm32_serial.o)
 .text.up_disableusartint
                0x00000000080006a6       0x3a ../../NuttX/nuttx/arch/arm/src/libarch.a(stm32_serial.o)
 .text.up_ioctl
                0x00000000080006e0        0x6 ../../NuttX/nuttx/arch/arm/src/libarch.a(stm32_serial.o)
 .text.up_receive
                0x00000000080006e6       0x16 ../../NuttX/nuttx/arch/arm/src/libarch.a(stm32_serial.o)
 .text.up_rxint
                0x00000000080006fc       0x38 ../../NuttX/nuttx/arch/arm/src/libarch.a(stm32_serial.o)
 .text.up_rxavailable
                0x0000000008000734        0xc ../../NuttX/nuttx/arch/arm/src/libarch.a(stm32_serial.o)
 .text.up_send  0x0000000008000740        0x8 ../../NuttX/nuttx/arch/arm/src/libarch.a(stm32_serial.o)
 .text.up_txready
                0x0000000008000748        0xc ../../NuttX/nuttx/arch/arm/src/libarch.a(stm32_serial.o)
 .text.up_txint
                0x0000000008000754       0x46 ../../NuttX/nuttx/arch/arm/src/libarch.a(stm32_serial.o)
 .text.up_detach
                0x000000000800079a       0x1c ../../NuttX/nuttx/arch/arm/src/libarch.a(stm32_serial.o)
 *fill*         0x00000000080007b6        0x2 
 .text.up_attach
                0x00000000080007b8       0x24 ../../NuttX/nuttx/arch/arm/src/libarch.a(stm32_serial.o)
 .text.up_interrupt
                0x00000000080007dc       0x50 ../../NuttX/nuttx/arch/arm/src/libarch.a(stm32_serial.o)
 .text.up_setup
                0x000000000800082c      0x158 ../../NuttX/nuttx/arch/arm/src/libarch.a(stm32_serial.o)
 .text.up_shutdown
                0x0000000008000984       0x4c ../../NuttX/nuttx/arch/arm/src/libarch.a(stm32_serial.o)
 .text.arm_earlyserialinit
                0x00000000080009d0       0x2c ../../NuttX/nuttx/arch/arm/src/libarch.a(stm32_serial.o)
                0x00000000080009d0                arm_earlyserialinit
 .text.arm_serialinit
                0x00000000080009fc       0x58 ../../NuttX/nuttx/arch/arm/src/libarch.a(stm32_serial.o)
                0x00000000080009fc                arm_serialinit
 .text.up_putc  0x0000000008000a54       0x34 ../../NuttX/nuttx/arch/arm/src/libarch.a(stm32_serial.o)
                0x0000000008000a54                up_putc
 .text.arm_doirq
                0x0000000008000a88       0x24 ../../NuttX/nuttx/arch/arm/src/libarch.a(arm_doirq.o)
                0x0000000008000a88                arm_doirq
 .text.modifyreg32
                0x0000000008000aac       0x2a ../../NuttX/nuttx/arch/arm/src/libarch.a(arm_modifyreg32.o)
                0x0000000008000aac                modifyreg32
 *fill*         0x0000000008000ad6        0x2 
 .text.up_enable_icache
                0x0000000008000ad8       0x2c ../../NuttX/nuttx/arch/arm/src/libarch.a(arm_cache.o)
                0x0000000008000ad8                up_enable_icache
 .text.up_enable_dcache
                0x0000000008000b04       0x78 ../../NuttX/nuttx/arch/arm/src/libarch.a(arm_cache.o)
                0x0000000008000b04                up_enable_dcache
 .text.stm32_gpiowrite
                0x0000000008000b7c       0x28 ../../NuttX/nuttx/arch/arm/src/libarch.a(stm32_gpio.o)
                0x0000000008000b7c                stm32_gpiowrite
 .text.stm32_configgpio
                0x0000000008000ba4      0x1a4 ../../NuttX/nuttx/arch/arm/src/libarch.a(stm32_gpio.o)
                0x0000000008000ba4                stm32_configgpio
 .text.stm32_unconfiggpio
                0x0000000008000d48        0x6 ../../NuttX/nuttx/arch/arm/src/libarch.a(stm32_gpio.o)
                0x0000000008000d48                stm32_unconfiggpio
 *fill*         0x0000000008000d4e        0x2 
 .text.stm32_irqinfo
                0x0000000008000d50       0xb4 ../../NuttX/nuttx/arch/arm/src/libarch.a(stm32_irq.o)
 .text.up_irqinitialize
                0x0000000008000e04       0x94 ../../NuttX/nuttx/arch/arm/src/libarch.a(stm32_irq.o)
                0x0000000008000e04                up_irqinitialize
 .text.up_disable_irq
                0x0000000008000e98       0x28 ../../NuttX/nuttx/arch/arm/src/libarch.a(stm32_irq.o)
                0x0000000008000e98                up_disable_irq
 .text.up_enable_irq
                0x0000000008000ec0       0x26 ../../NuttX/nuttx/arch/arm/src/libarch.a(stm32_irq.o)
                0x0000000008000ec0                up_enable_irq
 .text.arm_ack_irq
                0x0000000008000ee6        0x2 ../../NuttX/nuttx/arch/arm/src/libarch.a(stm32_irq.o)
                0x0000000008000ee6                arm_ack_irq
 .text.arm_hardfault
                0x0000000008000ee8       0x40 ../../NuttX/nuttx/arch/arm/src/libarch.a(arm_hardfault.o)
                0x0000000008000ee8                arm_hardfault
 .text.arm_svcall
                0x0000000008000f28       0x38 ../../NuttX/nuttx/arch/arm/src/libarch.a(arm_svcall.o)
                0x0000000008000f28                arm_svcall
 .text          0x0000000008000f60      0x230 ../../NuttX/nuttx/libs/libc/libc.a(arch_memcpy.o)
                0x0000000008000f80                memcpy
 .text._assert  0x0000000008001190        0xc ../../NuttX/nuttx/libs/libc/libc.a(lib_assert.o)
                0x0000000008001190                _assert
 .text.strcpy   0x000000000800119c       0x10 ../../NuttX/nuttx/libs/libc/libc.a(lib_strcpy.o)
                0x000000000800119c                strcpy
 .text.vsyslog  0x00000000080011ac       0x24 ../../NuttX/nuttx/libs/libc/libc.a(lib_syslog.o)
                0x00000000080011ac                vsyslog
 .text.syslog   0x00000000080011d0       0x1a ../../NuttX/nuttx/libs/libc/libc.a(lib_syslog.o)
                0x00000000080011d0                syslog
 .text.uart_putc
                0x00000000080011ea       0x20 ../../NuttX/nuttx/drivers/libdrivers.a(serial.o)
 .text.uart_ioctl
                0x000000000800120a       0xec ../../NuttX/nuttx/drivers/libdrivers.a(serial.o)
 .text.uart_putxmitchar
                0x00000000080012f6       0x9c ../../NuttX/nuttx/drivers/libdrivers.a(serial.o)
 .text.uart_read
                0x0000000008001392      0x102 ../../NuttX/nuttx/drivers/libdrivers.a(serial.o)
 .text.uart_open
                0x0000000008001494       0x88 ../../NuttX/nuttx/drivers/libdrivers.a(serial.o)
 .text.uart_pollnotify
                0x000000000800151c       0x5c ../../NuttX/nuttx/drivers/libdrivers.a(serial.o)
 .text.uart_poll
                0x0000000008001578       0xd0 ../../NuttX/nuttx/drivers/libdrivers.a(serial.o)
 .text.uart_write
                0x0000000008001648       0xee ../../NuttX/nuttx/drivers/libdrivers.a(serial.o)
 *fill*         0x0000000008001736        0x2 
 .text.uart_register
                0x0000000008001738       0x78 ../../NuttX/nuttx/drivers/libdrivers.a(serial.o)
                0x0000000008001738                uart_register
 .text.uart_datareceived
                0x00000000080017b0       0x20 ../../NuttX/nuttx/drivers/libdrivers.a(serial.o)
                0x00000000080017b0                uart_datareceived
 .text.uart_datasent
                0x00000000080017d0       0x1e ../../NuttX/nuttx/drivers/libdrivers.a(serial.o)
                0x00000000080017d0                uart_datasent
 .text.uart_reset_sem
                0x00000000080017ee       0x38 ../../NuttX/nuttx/drivers/libdrivers.a(serial.o)
                0x00000000080017ee                uart_reset_sem
 *fill*         0x0000000008001826        0x2 
 .text.uart_close
                0x0000000008001828      0x110 ../../NuttX/nuttx/drivers/libdrivers.a(serial.o)
 .text.uart_xmitchars
                0x0000000008001938       0x6c ../../NuttX/nuttx/drivers/libdrivers.a(serial_io.o)
                0x0000000008001938                uart_xmitchars
 .text.uart_recvchars
                0x00000000080019a4       0x66 ../../NuttX/nuttx/drivers/libdrivers.a(serial_io.o)
                0x00000000080019a4                uart_recvchars
 .text.nx_vsyslog
                0x0000000008001a0a       0x26 ../../NuttX/nuttx/drivers/libdrivers.a(vsyslog.o)
                0x0000000008001a0a                nx_vsyslog
 .text.syslogstream_putc
                0x0000000008001a30       0x22 ../../NuttX/nuttx/drivers/libdrivers.a(syslog_stream.o)
 *fill*         0x0000000008001a52        0x2 
 .text.syslogstream_create
                0x0000000008001a54       0x18 ../../NuttX/nuttx/drivers/libdrivers.a(syslog_stream.o)
                0x0000000008001a54                syslogstream_create
 .text.emergstream_putc
                0x0000000008001a6c       0x1e ../../NuttX/nuttx/drivers/libdrivers.a(syslog_emergstream.o)
 *fill*         0x0000000008001a8a        0x2 
 .text.emergstream
                0x0000000008001a8c       0x18 ../../NuttX/nuttx/drivers/libdrivers.a(syslog_emergstream.o)
                0x0000000008001a8c                emergstream
 .text.syslog_putc
                0x0000000008001aa4       0x2c ../../NuttX/nuttx/drivers/libdrivers.a(syslog_putc.o)
                0x0000000008001aa4                syslog_putc
 .text.syslog_force
                0x0000000008001ad0        0xc ../../NuttX/nuttx/drivers/libdrivers.a(syslog_force.o)
                0x0000000008001ad0                syslog_force
 .text.register_driver
                0x0000000008001adc       0x36 ../../NuttX/nuttx/fs/libfs.a(fs_registerdriver.o)
                0x0000000008001adc                register_driver
 *fill*         0x0000000008001b12        0x2 
 .text.inode_initialize
                0x0000000008001b14       0x30 ../../NuttX/nuttx/fs/libfs.a(fs_inode.o)
                0x0000000008001b14                inode_initialize
 .text.inode_semtake
                0x0000000008001b44       0x34 ../../NuttX/nuttx/fs/libfs.a(fs_inode.o)
                0x0000000008001b44                inode_semtake
 .text.inode_semgive
                0x0000000008001b78       0x24 ../../NuttX/nuttx/fs/libfs.a(fs_inode.o)
                0x0000000008001b78                inode_semgive
 .text.inode_alloc
                0x0000000008001b9c       0x3c ../../NuttX/nuttx/fs/libfs.a(fs_inodereserve.o)
 .text.inode_root_reserve
                0x0000000008001bd8       0x18 ../../NuttX/nuttx/fs/libfs.a(fs_inodereserve.o)
                0x0000000008001bd8                inode_root_reserve
 .text.inode_reserve
                0x0000000008001bf0       0x9c ../../NuttX/nuttx/fs/libfs.a(fs_inodereserve.o)
                0x0000000008001bf0                inode_reserve
 .text.inode_nextname
                0x0000000008001c8c       0x20 ../../NuttX/nuttx/fs/libfs.a(fs_inodesearch.o)
                0x0000000008001c8c                inode_nextname
 .text.inode_search
                0x0000000008001cac       0xcc ../../NuttX/nuttx/fs/libfs.a(fs_inodesearch.o)
                0x0000000008001cac                inode_search
 .text.free     0x0000000008001d78        0xc ../../NuttX/nuttx/mm/libmm.a(umm_free.o)
                0x0000000008001d78                free
 .text.zalloc   0x0000000008001d84        0xc ../../NuttX/nuttx/mm/libmm.a(umm_zalloc.o)
                0x0000000008001d84                zalloc
 .text.mm_add_delaylist
                0x0000000008001d90       0x2a ../../NuttX/nuttx/mm/libmm.a(mm_free.o)
 .text.mm_free  0x0000000008001dba       0xbe ../../NuttX/nuttx/mm/libmm.a(mm_free.o)
                0x0000000008001dba                mm_free
 .text.mm_zalloc
                0x0000000008001e78       0x18 ../../NuttX/nuttx/mm/libmm.a(mm_zalloc.o)
                0x0000000008001e78                mm_zalloc
 .text.mm_seminitialize
                0x0000000008001e90       0x18 ../../NuttX/nuttx/mm/libmm.a(mm_sem.o)
                0x0000000008001e90                mm_seminitialize
 .text.mm_trysemaphore
                0x0000000008001ea8       0x32 ../../NuttX/nuttx/mm/libmm.a(mm_sem.o)
                0x0000000008001ea8                mm_trysemaphore
 .text.mm_takesemaphore
                0x0000000008001eda       0x2a ../../NuttX/nuttx/mm/libmm.a(mm_sem.o)
                0x0000000008001eda                mm_takesemaphore
 .text.mm_givesemaphore
                0x0000000008001f04       0x1a ../../NuttX/nuttx/mm/libmm.a(mm_sem.o)
                0x0000000008001f04                mm_givesemaphore
 .text.mm_addfreechunk
                0x0000000008001f1e       0x36 ../../NuttX/nuttx/mm/libmm.a(mm_addfreechunk.o)
                0x0000000008001f1e                mm_addfreechunk
 .text.mm_size2ndx
                0x0000000008001f54       0x1a ../../NuttX/nuttx/mm/libmm.a(mm_size2ndx.o)
                0x0000000008001f54                mm_size2ndx
 .text.mm_malloc
                0x0000000008001f6e       0xb4 ../../NuttX/nuttx/mm/libmm.a(mm_malloc.o)
                0x0000000008001f6e                mm_malloc
 .text.clock_initialize
                0x0000000008002022        0x4 ../../NuttX/nuttx/sched/libsched.a(clock_initialize.o)
                0x0000000008002022                clock_initialize
 *fill*         0x0000000008002026        0x2 
 .text.clock_timer
                0x0000000008002028       0x10 ../../NuttX/nuttx/sched/libsched.a(clock_initialize.o)
                0x0000000008002028                clock_timer
 .text.getenv   0x0000000008002038       0x48 ../../NuttX/nuttx/sched/libsched.a(env_getenv.o)
                0x0000000008002038                getenv
 .text.nx_start
                0x0000000008002080      0x180 ../../NuttX/nuttx/sched/libsched.a(nx_start.o)
                0x0000000008002080                nx_start
 .text.nx_bringup
                0x0000000008002200       0x34 ../../NuttX/nuttx/sched/libsched.a(nx_bringup.o)
                0x0000000008002200                nx_bringup
 .text.irq_attach
                0x0000000008002234       0x50 ../../NuttX/nuttx/sched/libsched.a(irq_attach.o)
                0x0000000008002234                irq_attach
 .text.irq_dispatch
                0x0000000008002284       0x3c ../../NuttX/nuttx/sched/libsched.a(irq_dispatch.o)
                0x0000000008002284                irq_dispatch
 .text.irq_unexpected_isr
                0x00000000080022c0       0x24 ../../NuttX/nuttx/sched/libsched.a(irq_unexpectedisr.o)
                0x00000000080022c0                irq_unexpected_isr
 .text.sched_lock
                0x00000000080022e4       0x1c ../../NuttX/nuttx/sched/libsched.a(sched_lock.o)
                0x00000000080022e4                sched_lock
 .text.sched_unlock
                0x0000000008002300       0x74 ../../NuttX/nuttx/sched/libsched.a(sched_unlock.o)
                0x0000000008002300                sched_unlock
 .text.sched_idletask
                0x0000000008002374       0x18 ../../NuttX/nuttx/sched/libsched.a(sched_idletask.o)
                0x0000000008002374                sched_idletask
 .text.nxsem_wait
                0x000000000800238c       0x60 ../../NuttX/nuttx/sched/libsched.a(sem_wait.o)
                0x000000000800238c                nxsem_wait
 .text.nxsem_wait_uninterruptible
                0x00000000080023ec       0x10 ../../NuttX/nuttx/sched/libsched.a(sem_wait.o)
                0x00000000080023ec                nxsem_wait_uninterruptible
 .text.sem_wait
                0x00000000080023fc       0x1c ../../NuttX/nuttx/sched/libsched.a(sem_wait.o)
                0x00000000080023fc                sem_wait
 .text.nxsem_trywait
                0x0000000008002418       0x4c ../../NuttX/nuttx/sched/libsched.a(sem_trywait.o)
                0x0000000008002418                nxsem_trywait
 .text.sem_trywait
                0x0000000008002464       0x1a ../../NuttX/nuttx/sched/libsched.a(sem_trywait.o)
                0x0000000008002464                sem_trywait
 *fill*         0x000000000800247e        0x2 
 .text.nxsem_post
                0x0000000008002480       0x70 ../../NuttX/nuttx/sched/libsched.a(sem_post.o)
                0x0000000008002480                nxsem_post
 .text.sem_post
                0x00000000080024f0       0x1a ../../NuttX/nuttx/sched/libsched.a(sem_post.o)
                0x00000000080024f0                sem_post
 .text.nxsem_reset
                0x000000000800250a       0x4e ../../NuttX/nuttx/sched/libsched.a(sem_reset.o)
                0x000000000800250a                nxsem_reset
 .text.nxsig_usleep
                0x0000000008002558       0x2c ../../NuttX/nuttx/sched/libsched.a(sig_usleep.o)
                0x0000000008002558                nxsig_usleep
 .text.nxthread_create
                0x0000000008002584       0x54 ../../NuttX/nuttx/sched/libsched.a(task_create.o)
 .text.nxtask_create
                0x00000000080025d8       0x16 ../../NuttX/nuttx/sched/libsched.a(task_create.o)
                0x00000000080025d8                nxtask_create
 *fill*         0x00000000080025ee        0x2 
 .text.nxtask_init
                0x00000000080025f0       0xa0 ../../NuttX/nuttx/sched/libsched.a(task_init.o)
                0x00000000080025f0                nxtask_init
 .text.nxtask_assign_pid
                0x0000000008002690       0x54 ../../NuttX/nuttx/sched/libsched.a(task_setup.o)
 .text.nxtask_setup_scheduler
                0x00000000080026e4       0x64 ../../NuttX/nuttx/sched/libsched.a(task_setup.o)
                0x00000000080026e4                nxtask_setup_scheduler
 .text.pthread_setup_scheduler
                0x0000000008002748       0x60 ../../NuttX/nuttx/sched/libsched.a(task_setup.o)
                0x0000000008002748                pthread_setup_scheduler
 .text.nxtask_setup_arguments
                0x00000000080027a8       0xb0 ../../NuttX/nuttx/sched/libsched.a(task_setup.o)
                0x00000000080027a8                nxtask_setup_arguments
 .text.nxtask_activate
                0x0000000008002858       0x24 ../../NuttX/nuttx/sched/libsched.a(task_activate.o)
                0x0000000008002858                nxtask_activate
 .text.nxtask_start
                0x000000000800287c       0x44 ../../NuttX/nuttx/sched/libsched.a(task_start.o)
                0x000000000800287c                nxtask_start
 .text.getpid   0x00000000080028c0       0x1c ../../NuttX/nuttx/sched/libsched.a(task_getpid.o)
                0x00000000080028c0                getpid
 .text._exit    0x00000000080028dc        0x6 ../../NuttX/nuttx/sched/libsched.a(exit.o)
                0x00000000080028dc                _exit
 *fill*         0x00000000080028e2        0x2 
 .text.exit     0x00000000080028e4       0x24 ../../NuttX/nuttx/sched/libsched.a(exit.o)
                0x00000000080028e4                exit
 .text.env_findvar
                0x0000000008002908       0x38 ../../NuttX/nuttx/sched/libsched.a(env_findvar.o)
                0x0000000008002908                env_findvar
 .text.setenv   0x0000000008002940       0xc4 ../../NuttX/nuttx/sched/libsched.a(env_setenv.o)
                0x0000000008002940                setenv
 .text.unsetenv
                0x0000000008002a04       0x64 ../../NuttX/nuttx/sched/libsched.a(env_unsetenv.o)
                0x0000000008002a04                unsetenv
 .text.group_allocate
                0x0000000008002a68       0x52 ../../NuttX/nuttx/sched/libsched.a(group_create.o)
                0x0000000008002a68                group_allocate
 .text.group_initialize
                0x0000000008002aba        0xa ../../NuttX/nuttx/sched/libsched.a(group_create.o)
                0x0000000008002aba                group_initialize
 .text.group_leave
                0x0000000008002ac4       0x54 ../../NuttX/nuttx/sched/libsched.a(group_leave.o)
                0x0000000008002ac4                group_leave
 .text.group_setupidlefiles
                0x0000000008002b18       0x40 ../../NuttX/nuttx/sched/libsched.a(group_setupidlefiles.o)
                0x0000000008002b18                group_setupidlefiles
 .text.group_setuptaskfiles
                0x0000000008002b58       0x44 ../../NuttX/nuttx/sched/libsched.a(group_setuptaskfiles.o)
                0x0000000008002b58                group_setuptaskfiles
 .text.irq_initialize
                0x0000000008002b9c       0x28 ../../NuttX/nuttx/sched/libsched.a(irq_initialize.o)
                0x0000000008002b9c                irq_initialize
 .text.nxmq_release
                0x0000000008002bc4       0x14 ../../NuttX/nuttx/sched/libsched.a(mq_release.o)
                0x0000000008002bc4                nxmq_release
 .text.pthread_release
                0x0000000008002bd8       0x30 ../../NuttX/nuttx/sched/libsched.a(pthread_release.o)
                0x0000000008002bd8                pthread_release
 .text.pthread_mutex_inconsistent
                0x0000000008002c08       0x4c ../../NuttX/nuttx/sched/libsched.a(pthread_mutexinconsistent.o)
                0x0000000008002c08                pthread_mutex_inconsistent
 .text.nxsched_release_tcb
                0x0000000008002c54       0x54 ../../NuttX/nuttx/sched/libsched.a(sched_releasetcb.o)
                0x0000000008002c54                nxsched_release_tcb
 .text.nxsem_destroy
                0x0000000008002ca8       0x16 ../../NuttX/nuttx/sched/libsched.a(sem_destroy.o)
                0x0000000008002ca8                nxsem_destroy
 .text.sem_destroy
                0x0000000008002cbe       0x1a ../../NuttX/nuttx/sched/libsched.a(sem_destroy.o)
                0x0000000008002cbe                sem_destroy
 .text.nxsig_procmask
                0x0000000008002cd8       0x70 ../../NuttX/nuttx/sched/libsched.a(sig_procmask.o)
                0x0000000008002cd8                nxsig_procmask
 .text.nxsig_unmask_pendingsignal
                0x0000000008002d48       0x64 ../../NuttX/nuttx/sched/libsched.a(sig_unmaskpendingsignal.o)
                0x0000000008002d48                nxsig_unmask_pendingsignal
 .text.nxsig_remove_pendingsignal
                0x0000000008002dac       0x48 ../../NuttX/nuttx/sched/libsched.a(sig_removependingsignal.o)
                0x0000000008002dac                nxsig_remove_pendingsignal
 .text.nxsig_release_pendingsignal
                0x0000000008002df4       0x5c ../../NuttX/nuttx/sched/libsched.a(sig_releasependingsignal.o)
                0x0000000008002df4                nxsig_release_pendingsignal
 .text.nxsig_lowest
                0x0000000008002e50       0x1e ../../NuttX/nuttx/sched/libsched.a(sig_lowest.o)
                0x0000000008002e50                nxsig_lowest
 .text.nxsig_cleanup
                0x0000000008002e6e       0x32 ../../NuttX/nuttx/sched/libsched.a(sig_cleanup.o)
                0x0000000008002e6e                nxsig_cleanup
 .text.nxsig_release
                0x0000000008002ea0       0x28 ../../NuttX/nuttx/sched/libsched.a(sig_cleanup.o)
                0x0000000008002ea0                nxsig_release
 .text.nxsig_tcbdispatch
                0x0000000008002ec8      0x1ec ../../NuttX/nuttx/sched/libsched.a(sig_dispatch.o)
                0x0000000008002ec8                nxsig_tcbdispatch
 .text.nxsig_dispatch
                0x00000000080030b4       0x1a ../../NuttX/nuttx/sched/libsched.a(sig_dispatch.o)
                0x00000000080030b4                nxsig_dispatch
 .text.nxsig_deliver
                0x00000000080030ce       0xc8 ../../NuttX/nuttx/sched/libsched.a(sig_deliver.o)
                0x00000000080030ce                nxsig_deliver
 *fill*         0x0000000008003196        0x2 
 .text.nxsig_nanosleep
                0x0000000008003198       0x90 ../../NuttX/nuttx/sched/libsched.a(sig_nanosleep.o)
                0x0000000008003198                nxsig_nanosleep
 .text.clock_nanosleep
                0x0000000008003228       0x6c ../../NuttX/nuttx/sched/libsched.a(sig_nanosleep.o)
                0x0000000008003228                clock_nanosleep
 .text.nxtask_exithook
                0x0000000008003294       0x6c ../../NuttX/nuttx/sched/libsched.a(task_exithook.o)
                0x0000000008003294                nxtask_exithook
 .text.nxtask_recover
                0x0000000008003300       0x18 ../../NuttX/nuttx/sched/libsched.a(task_recover.o)
                0x0000000008003300                nxtask_recover
 .text.wd_recover
                0x0000000008003318        0x6 ../../NuttX/nuttx/sched/libsched.a(wd_recover.o)
                0x0000000008003318                wd_recover
 *fill*         0x000000000800331e        0x2 
 .text.clock_gettime
                0x0000000008003320       0x8c ../../NuttX/nuttx/sched/libsched.a(clock_gettime.o)
                0x0000000008003320                clock_gettime
 *fill*         0x00000000080033ac        0x4 
 .text.clock_time2ticks
                0x00000000080033b0       0x40 ../../NuttX/nuttx/sched/libsched.a(clock_time2ticks.o)
                0x00000000080033b0                clock_time2ticks
 .text.clock_ticks2time
                0x00000000080033f0       0x1c ../../NuttX/nuttx/sched/libsched.a(clock_ticks2time.o)
                0x00000000080033f0                clock_ticks2time
 .text.clock_systime_timespec
                0x000000000800340c       0x40 ../../NuttX/nuttx/sched/libsched.a(clock_systime_timespec.o)
                0x000000000800340c                clock_systime_timespec
 .text.clock_timespec_subtract
                0x000000000800344c       0x3c ../../NuttX/nuttx/sched/libsched.a(clock_timespec_subtract.o)
                0x000000000800344c                clock_timespec_subtract
 .text.env_dup  0x0000000008003488       0x50 ../../NuttX/nuttx/sched/libsched.a(env_dup.o)
                0x0000000008003488                env_dup
 .text.env_release
                0x00000000080034d8       0x14 ../../NuttX/nuttx/sched/libsched.a(env_release.o)
                0x00000000080034d8                env_release
 .text.env_removevar
                0x00000000080034ec       0x46 ../../NuttX/nuttx/sched/libsched.a(env_removevar.o)
                0x00000000080034ec                env_removevar
 .text.group_setupstreams
                0x0000000008003532       0x32 ../../NuttX/nuttx/sched/libsched.a(group_setupstreams.o)
                0x0000000008003532                group_setupstreams
 .text.nxmq_recover
                0x0000000008003564       0x20 ../../NuttX/nuttx/sched/libsched.a(mq_recover.o)
                0x0000000008003564                nxmq_recover
 .text.nxmq_wait_irq
                0x0000000008003584       0x4c ../../NuttX/nuttx/sched/libsched.a(mq_waitirq.o)
                0x0000000008003584                nxmq_wait_irq
 .text.pthread_initialize
                0x00000000080035d0        0x2 ../../NuttX/nuttx/sched/libsched.a(pthread_initialize.o)
                0x00000000080035d0                pthread_initialize
 .text.pthread_sem_take
                0x00000000080035d2       0x22 ../../NuttX/nuttx/sched/libsched.a(pthread_initialize.o)
                0x00000000080035d2                pthread_sem_take
 .text.pthread_sem_give
                0x00000000080035f4       0x18 ../../NuttX/nuttx/sched/libsched.a(pthread_initialize.o)
                0x00000000080035f4                pthread_sem_give
 .text.nxsched_get_tcb
                0x000000000800360c       0x44 ../../NuttX/nuttx/sched/libsched.a(sched_gettcb.o)
                0x000000000800360c                nxsched_get_tcb
 .text.nxsem_timedwait
                0x0000000008003650        0x8 ../../NuttX/nuttx/sched/libsched.a(sem_timedwait.o)
                0x0000000008003650                nxsem_timedwait
 .text.nxsem_timedwait_uninterruptible
                0x0000000008003658        0x8 ../../NuttX/nuttx/sched/libsched.a(sem_timedwait.o)
                0x0000000008003658                nxsem_timedwait_uninterruptible
 .text.nxsem_clockwait
                0x0000000008003660       0x90 ../../NuttX/nuttx/sched/libsched.a(sem_clockwait.o)
                0x0000000008003660                nxsem_clockwait
 .text.nxsem_clockwait_uninterruptible
                0x00000000080036f0       0x18 ../../NuttX/nuttx/sched/libsched.a(sem_clockwait.o)
                0x00000000080036f0                nxsem_clockwait_uninterruptible
 .text.nxsem_timeout
                0x0000000008003708       0x34 ../../NuttX/nuttx/sched/libsched.a(sem_timeout.o)
                0x0000000008003708                nxsem_timeout
 .text.nxsem_recover
                0x000000000800373c       0x32 ../../NuttX/nuttx/sched/libsched.a(sem_recover.o)
                0x000000000800373c                nxsem_recover
 .text.nxsem_wait_irq
                0x000000000800376e       0x3a ../../NuttX/nuttx/sched/libsched.a(sem_waitirq.o)
                0x000000000800376e                nxsem_wait_irq
 .text.nxsig_initialize
                0x00000000080037a8       0xc4 ../../NuttX/nuttx/sched/libsched.a(sig_initialize.o)
                0x00000000080037a8                nxsig_initialize
 .text.nxsig_release_action
                0x000000000800386c        0xc ../../NuttX/nuttx/sched/libsched.a(sig_action.o)
                0x000000000800386c                nxsig_release_action
 .text.nxsig_pendingset
                0x0000000008003878       0x3c ../../NuttX/nuttx/sched/libsched.a(sig_pending.o)
                0x0000000008003878                nxsig_pendingset
 .text.nxsig_timeout
                0x00000000080038b4       0x22 ../../NuttX/nuttx/sched/libsched.a(sig_timedwait.o)
 *fill*         0x00000000080038d6        0x2 
 .text.nxsig_timedwait
                0x00000000080038d8      0x108 ../../NuttX/nuttx/sched/libsched.a(sig_timedwait.o)
                0x00000000080038d8                nxsig_timedwait
 .text.nxsig_find_action
                0x00000000080039e0       0x22 ../../NuttX/nuttx/sched/libsched.a(sig_findaction.o)
                0x00000000080039e0                nxsig_find_action
 *fill*         0x0000000008003a02        0x2 
 .text.nxsig_alloc_pendingsigaction
                0x0000000008003a04       0x54 ../../NuttX/nuttx/sched/libsched.a(sig_allocpendingsigaction.o)
                0x0000000008003a04                nxsig_alloc_pendingsigaction
 .text.nxsig_release_pendingsigaction
                0x0000000008003a58       0x5c ../../NuttX/nuttx/sched/libsched.a(sig_releasependingsigaction.o)
                0x0000000008003a58                nxsig_release_pendingsigaction
 .text.wd_start
                0x0000000008003ab4       0xc0 ../../NuttX/nuttx/sched/libsched.a(wd_start.o)
                0x0000000008003ab4                wd_start
 .text.wd_timer
                0x0000000008003b74       0x48 ../../NuttX/nuttx/sched/libsched.a(wd_start.o)
                0x0000000008003b74                wd_timer
 .text.wd_cancel
                0x0000000008003bbc       0x74 ../../NuttX/nuttx/sched/libsched.a(wd_cancel.o)
                0x0000000008003bbc                wd_cancel
 .text.clock_timespec_compare
                0x0000000008003c30       0x1c ../../NuttX/nuttx/sched/libsched.a(clock_abstime2ticks.o)
                0x0000000008003c30                clock_timespec_compare
 .text.clock_abstime2ticks
                0x0000000008003c4c       0x5c ../../NuttX/nuttx/sched/libsched.a(clock_abstime2ticks.o)
                0x0000000008003c4c                clock_abstime2ticks
 .text.wd_initialize
                0x0000000008003ca8       0x10 ../../NuttX/nuttx/sched/libsched.a(wd_initialize.o)
                0x0000000008003ca8                wd_initialize
 .text.nsh_main
                0x0000000008003cb8       0x48 ../../NuttX/apps/libapps.a(nsh_main.home.andressanchez.Escritorio.GIT.project_template.build.NuttX.apps.system.nsh.o)
                0x0000000008003cb8                nsh_main
 .text.nsh_initialize
                0x0000000008003d00        0x2 ../../NuttX/apps/libapps.a(nsh_init.home.andressanchez.Escritorio.GIT.project_template.build.NuttX.apps.nshlib.o)
                0x0000000008003d00                nsh_initialize
 .text.nsh_consolemain
                0x0000000008003d02       0x1e ../../NuttX/apps/libapps.a(nsh_consolemain.home.andressanchez.Escritorio.GIT.project_template.build.NuttX.apps.nshlib.o)
                0x0000000008003d02                nsh_consolemain
 .text.nsh_consolelinebuffer
                0x0000000008003d20        0x6 ../../NuttX/apps/libapps.a(nsh_console.home.andressanchez.Escritorio.GIT.project_template.build.NuttX.apps.nshlib.o)
 .text.nsh_consoleredirect
                0x0000000008003d26       0x44 ../../NuttX/apps/libapps.a(nsh_console.home.andressanchez.Escritorio.GIT.project_template.build.NuttX.apps.nshlib.o)
 .text.nsh_closeifnotclosed
                0x0000000008003d6a       0x60 ../../NuttX/apps/libapps.a(nsh_console.home.andressanchez.Escritorio.GIT.project_template.build.NuttX.apps.nshlib.o)
 .text.nsh_consoleundirect
                0x0000000008003dca       0x24 ../../NuttX/apps/libapps.a(nsh_console.home.andressanchez.Escritorio.GIT.project_template.build.NuttX.apps.nshlib.o)
 .text.nsh_consolerelease
                0x0000000008003dee       0x12 ../../NuttX/apps/libapps.a(nsh_console.home.andressanchez.Escritorio.GIT.project_template.build.NuttX.apps.nshlib.o)
 .text.nsh_consoleexit
                0x0000000008003e00        0xe ../../NuttX/apps/libapps.a(nsh_console.home.andressanchez.Escritorio.GIT.project_template.build.NuttX.apps.nshlib.o)
 *fill*         0x0000000008003e0e        0x2 
 .text.nsh_openifnotopen.part.1
                0x0000000008003e10       0x30 ../../NuttX/apps/libapps.a(nsh_console.home.andressanchez.Escritorio.GIT.project_template.build.NuttX.apps.nshlib.o)
 .text.nsh_consolewrite
                0x0000000008003e40       0x38 ../../NuttX/apps/libapps.a(nsh_console.home.andressanchez.Escritorio.GIT.project_template.build.NuttX.apps.nshlib.o)
 .text.nsh_erroroutput
                0x0000000008003e78       0x32 ../../NuttX/apps/libapps.a(nsh_console.home.andressanchez.Escritorio.GIT.project_template.build.NuttX.apps.nshlib.o)
 .text.nsh_consoleoutput
                0x0000000008003eaa       0x32 ../../NuttX/apps/libapps.a(nsh_console.home.andressanchez.Escritorio.GIT.project_template.build.NuttX.apps.nshlib.o)
 .text.nsh_newconsole
                0x0000000008003edc       0x80 ../../NuttX/apps/libapps.a(nsh_console.home.andressanchez.Escritorio.GIT.project_template.build.NuttX.apps.nshlib.o)
                0x0000000008003edc                nsh_newconsole
 .text.nsh_consoleclone
                0x0000000008003f5c        0x8 ../../NuttX/apps/libapps.a(nsh_console.home.andressanchez.Escritorio.GIT.project_template.build.NuttX.apps.nshlib.o)
 .text.nsh_session
                0x0000000008003f64       0xf8 ../../NuttX/apps/libapps.a(nsh_session.home.andressanchez.Escritorio.GIT.project_template.build.NuttX.apps.nshlib.o)
                0x0000000008003f64                nsh_session
 .text.readline_write
                0x000000000800405c        0x6 ../../NuttX/apps/libapps.a(readline.home.andressanchez.Escritorio.GIT.project_template.build.NuttX.apps.system.readline.o)
 .text.readline_putc
                0x0000000008004062       0x26 ../../NuttX/apps/libapps.a(readline.home.andressanchez.Escritorio.GIT.project_template.build.NuttX.apps.system.readline.o)
 .text.readline_getc
                0x0000000008004088       0x30 ../../NuttX/apps/libapps.a(readline.home.andressanchez.Escritorio.GIT.project_template.build.NuttX.apps.system.readline.o)
 .text.readline
                0x00000000080040b8       0x34 ../../NuttX/apps/libapps.a(readline.home.andressanchez.Escritorio.GIT.project_template.build.NuttX.apps.system.readline.o)
                0x00000000080040b8                readline
 .text.readline_common
                0x00000000080040ec       0xd4 ../../NuttX/apps/libapps.a(readline_common.home.andressanchez.Escritorio.GIT.project_template.build.NuttX.apps.system.readline.o)
                0x00000000080040ec                readline_common
 .text.nsh_strchr
                0x00000000080041c0       0x26 ../../NuttX/apps/libapps.a(nsh_parse.home.andressanchez.Escritorio.GIT.project_template.build.NuttX.apps.nshlib.o)
 .text.nsh_dequote
                0x00000000080041e6       0x24 ../../NuttX/apps/libapps.a(nsh_parse.home.andressanchez.Escritorio.GIT.project_template.build.NuttX.apps.nshlib.o)
 .text.nsh_cmdenabled
                0x000000000800420a       0x42 ../../NuttX/apps/libapps.a(nsh_parse.home.andressanchez.Escritorio.GIT.project_template.build.NuttX.apps.nshlib.o)
 .text.nsh_memlist_free
                0x000000000800424c       0x24 ../../NuttX/apps/libapps.a(nsh_parse.home.andressanchez.Escritorio.GIT.project_template.build.NuttX.apps.nshlib.o)
 .text.nsh_releaseargs
                0x0000000008004270       0x3a ../../NuttX/apps/libapps.a(nsh_parse.home.andressanchez.Escritorio.GIT.project_template.build.NuttX.apps.nshlib.o)
 .text.nsh_child
                0x00000000080042aa       0x1c ../../NuttX/apps/libapps.a(nsh_parse.home.andressanchez.Escritorio.GIT.project_template.build.NuttX.apps.nshlib.o)
 .text.nsh_saveresult
                0x00000000080042c6       0x88 ../../NuttX/apps/libapps.a(nsh_parse.home.andressanchez.Escritorio.GIT.project_template.build.NuttX.apps.nshlib.o)
 *fill*         0x000000000800434e        0x2 
 .text.nsh_strcat
                0x0000000008004350       0x54 ../../NuttX/apps/libapps.a(nsh_parse.home.andressanchez.Escritorio.GIT.project_template.build.NuttX.apps.nshlib.o)
 .text.nsh_execute
                0x00000000080043a4      0x1bc ../../NuttX/apps/libapps.a(nsh_parse.home.andressanchez.Escritorio.GIT.project_template.build.NuttX.apps.nshlib.o)
 .text.nsh_argument
                0x0000000008004560      0x4cc ../../NuttX/apps/libapps.a(nsh_parse.home.andressanchez.Escritorio.GIT.project_template.build.NuttX.apps.nshlib.o)
 .text.nsh_parse_command
                0x0000000008004a2c      0x664 ../../NuttX/apps/libapps.a(nsh_parse.home.andressanchez.Escritorio.GIT.project_template.build.NuttX.apps.nshlib.o)
 .text.nsh_parse
                0x0000000008005090       0x9c ../../NuttX/apps/libapps.a(nsh_parse.home.andressanchez.Escritorio.GIT.project_template.build.NuttX.apps.nshlib.o)
                0x0000000008005090                nsh_parse
 .text.cmd_break
                0x000000000800512c       0x2c ../../NuttX/apps/libapps.a(nsh_parse.home.andressanchez.Escritorio.GIT.project_template.build.NuttX.apps.nshlib.o)
                0x000000000800512c                cmd_break
 .text.nsh_script
                0x0000000008005158      0x110 ../../NuttX/apps/libapps.a(nsh_script.home.andressanchez.Escritorio.GIT.project_template.build.NuttX.apps.nshlib.o)
                0x0000000008005158                nsh_script
 .text.cmd_unrecognized
                0x0000000008005268       0x14 ../../NuttX/apps/libapps.a(nsh_command.home.andressanchez.Escritorio.GIT.project_template.build.NuttX.apps.nshlib.o)
 .text.cmd_true
                0x000000000800527c        0x4 ../../NuttX/apps/libapps.a(nsh_command.home.andressanchez.Escritorio.GIT.project_template.build.NuttX.apps.nshlib.o)
 .text.cmd_false
                0x0000000008005280        0x6 ../../NuttX/apps/libapps.a(nsh_command.home.andressanchez.Escritorio.GIT.project_template.build.NuttX.apps.nshlib.o)
 .text.cmd_exit
                0x0000000008005286        0x8 ../../NuttX/apps/libapps.a(nsh_command.home.andressanchez.Escritorio.GIT.project_template.build.NuttX.apps.nshlib.o)
 *fill*         0x000000000800528e        0x2 
 .text.help_showcmd
                0x0000000008005290       0x28 ../../NuttX/apps/libapps.a(nsh_command.home.andressanchez.Escritorio.GIT.project_template.build.NuttX.apps.nshlib.o)
 .text.help_cmd
                0x00000000080052b8       0x4c ../../NuttX/apps/libapps.a(nsh_command.home.andressanchez.Escritorio.GIT.project_template.build.NuttX.apps.nshlib.o)
 .text.cmd_help
                0x0000000008005304      0x2a4 ../../NuttX/apps/libapps.a(nsh_command.home.andressanchez.Escritorio.GIT.project_template.build.NuttX.apps.nshlib.o)
 .text.nsh_command
                0x00000000080055a8       0x68 ../../NuttX/apps/libapps.a(nsh_command.home.andressanchez.Escritorio.GIT.project_template.build.NuttX.apps.nshlib.o)
                0x00000000080055a8                nsh_command
 .text.nsh_getdirpath
                0x0000000008005610       0x54 ../../NuttX/apps/libapps.a(nsh_fscmds.home.andressanchez.Escritorio.GIT.project_template.build.NuttX.apps.nshlib.o)
 .text.ls_specialdir
                0x0000000008005664       0x28 ../../NuttX/apps/libapps.a(nsh_fscmds.home.andressanchez.Escritorio.GIT.project_template.build.NuttX.apps.nshlib.o)
 .text.ls_handler
                0x000000000800568c      0x180 ../../NuttX/apps/libapps.a(nsh_fscmds.home.andressanchez.Escritorio.GIT.project_template.build.NuttX.apps.nshlib.o)
 .text.ls_recursive
                0x000000000800580c       0x70 ../../NuttX/apps/libapps.a(nsh_fscmds.home.andressanchez.Escritorio.GIT.project_template.build.NuttX.apps.nshlib.o)
 .text.cmd_basename
                0x000000000800587c       0x48 ../../NuttX/apps/libapps.a(nsh_fscmds.home.andressanchez.Escritorio.GIT.project_template.build.NuttX.apps.nshlib.o)
                0x000000000800587c                cmd_basename
 .text.cmd_dirname
                0x00000000080058c4       0x1c ../../NuttX/apps/libapps.a(nsh_fscmds.home.andressanchez.Escritorio.GIT.project_template.build.NuttX.apps.nshlib.o)
                0x00000000080058c4                cmd_dirname
 .text.cmd_cat  0x00000000080058e0       0x58 ../../NuttX/apps/libapps.a(nsh_fscmds.home.andressanchez.Escritorio.GIT.project_template.build.NuttX.apps.nshlib.o)
                0x00000000080058e0                cmd_cat
 .text.cmd_cp   0x0000000008005938      0x1d4 ../../NuttX/apps/libapps.a(nsh_fscmds.home.andressanchez.Escritorio.GIT.project_template.build.NuttX.apps.nshlib.o)
                0x0000000008005938                cmd_cp
 .text.cmd_ls   0x0000000008005b0c      0x164 ../../NuttX/apps/libapps.a(nsh_fscmds.home.andressanchez.Escritorio.GIT.project_template.build.NuttX.apps.nshlib.o)
                0x0000000008005b0c                cmd_ls
 .text.cmd_mkdir
                0x0000000008005c70       0x54 ../../NuttX/apps/libapps.a(nsh_fscmds.home.andressanchez.Escritorio.GIT.project_template.build.NuttX.apps.nshlib.o)
                0x0000000008005c70                cmd_mkdir
 .text.cmd_mkrd
                0x0000000008005cc4       0xfc ../../NuttX/apps/libapps.a(nsh_fscmds.home.andressanchez.Escritorio.GIT.project_template.build.NuttX.apps.nshlib.o)
                0x0000000008005cc4                cmd_mkrd
 .text.cmd_mv   0x0000000008005dc0       0x84 ../../NuttX/apps/libapps.a(nsh_fscmds.home.andressanchez.Escritorio.GIT.project_template.build.NuttX.apps.nshlib.o)
                0x0000000008005dc0                cmd_mv
 .text.cmd_rm   0x0000000008005e44       0x50 ../../NuttX/apps/libapps.a(nsh_fscmds.home.andressanchez.Escritorio.GIT.project_template.build.NuttX.apps.nshlib.o)
                0x0000000008005e44                cmd_rm
 .text.cmd_rmdir
                0x0000000008005e94       0x50 ../../NuttX/apps/libapps.a(nsh_fscmds.home.andressanchez.Escritorio.GIT.project_template.build.NuttX.apps.nshlib.o)
                0x0000000008005e94                cmd_rmdir
 .text.cmd_source
                0x0000000008005ee4        0x6 ../../NuttX/apps/libapps.a(nsh_fscmds.home.andressanchez.Escritorio.GIT.project_template.build.NuttX.apps.nshlib.o)
                0x0000000008005ee4                cmd_source
 *fill*         0x0000000008005eea        0x2 
 .text.cmd_cmp  0x0000000008005eec      0x134 ../../NuttX/apps/libapps.a(nsh_fscmds.home.andressanchez.Escritorio.GIT.project_template.build.NuttX.apps.nshlib.o)
                0x0000000008005eec                cmd_cmp
 .text.cmd_dd   0x0000000008006020      0x26c ../../NuttX/apps/libapps.a(nsh_ddcmd.home.andressanchez.Escritorio.GIT.project_template.build.NuttX.apps.nshlib.o)
                0x0000000008006020                cmd_dd
 .text.cmd_exec
                0x000000000800628c       0x48 ../../NuttX/apps/libapps.a(nsh_proccmds.home.andressanchez.Escritorio.GIT.project_template.build.NuttX.apps.nshlib.o)
                0x000000000800628c                cmd_exec
 .text.cmd_kill
                0x00000000080062d4       0x98 ../../NuttX/apps/libapps.a(nsh_proccmds.home.andressanchez.Escritorio.GIT.project_template.build.NuttX.apps.nshlib.o)
                0x00000000080062d4                cmd_kill
 .text.cmd_sleep
                0x000000000800636c       0x3c ../../NuttX/apps/libapps.a(nsh_proccmds.home.andressanchez.Escritorio.GIT.project_template.build.NuttX.apps.nshlib.o)
                0x000000000800636c                cmd_sleep
 .text.cmd_usleep
                0x00000000080063a8       0x3c ../../NuttX/apps/libapps.a(nsh_proccmds.home.andressanchez.Escritorio.GIT.project_template.build.NuttX.apps.nshlib.o)
                0x00000000080063a8                cmd_usleep
 .text.cmd_time
                0x00000000080063e4       0xbc ../../NuttX/apps/libapps.a(nsh_timcmds.home.andressanchez.Escritorio.GIT.project_template.build.NuttX.apps.nshlib.o)
                0x00000000080063e4                cmd_time
 .text.nsh_getcwd
                0x00000000080064a0       0x1c ../../NuttX/apps/libapps.a(nsh_envcmds.home.andressanchez.Escritorio.GIT.project_template.build.NuttX.apps.nshlib.o)
                0x00000000080064a0                nsh_getcwd
 .text.nsh_getfullpath
                0x00000000080064bc       0xa8 ../../NuttX/apps/libapps.a(nsh_envcmds.home.andressanchez.Escritorio.GIT.project_template.build.NuttX.apps.nshlib.o)
                0x00000000080064bc                nsh_getfullpath
 .text.nsh_freefullpath
                0x0000000008006564        0x8 ../../NuttX/apps/libapps.a(nsh_envcmds.home.andressanchez.Escritorio.GIT.project_template.build.NuttX.apps.nshlib.o)
                0x0000000008006564                nsh_freefullpath
 .text.cmd_cd   0x000000000800656c       0xcc ../../NuttX/apps/libapps.a(nsh_envcmds.home.andressanchez.Escritorio.GIT.project_template.build.NuttX.apps.nshlib.o)
                0x000000000800656c                cmd_cd
 .text.cmd_echo
                0x0000000008006638       0x74 ../../NuttX/apps/libapps.a(nsh_envcmds.home.andressanchez.Escritorio.GIT.project_template.build.NuttX.apps.nshlib.o)
                0x0000000008006638                cmd_echo
 .text.cmd_pwd  0x00000000080066ac       0x1c ../../NuttX/apps/libapps.a(nsh_envcmds.home.andressanchez.Escritorio.GIT.project_template.build.NuttX.apps.nshlib.o)
                0x00000000080066ac                cmd_pwd
 .text.cmd_set  0x00000000080066c8      0x10c ../../NuttX/apps/libapps.a(nsh_envcmds.home.andressanchez.Escritorio.GIT.project_template.build.NuttX.apps.nshlib.o)
                0x00000000080066c8                cmd_set
 .text.cmd_unset
                0x00000000080067d4       0x3c ../../NuttX/apps/libapps.a(nsh_envcmds.home.andressanchez.Escritorio.GIT.project_template.build.NuttX.apps.nshlib.o)
                0x00000000080067d4                cmd_unset
 .text.cmd_uname
                0x0000000008006810      0x158 ../../NuttX/apps/libapps.a(nsh_syscmds.home.andressanchez.Escritorio.GIT.project_template.build.NuttX.apps.nshlib.o)
                0x0000000008006810                cmd_uname
 .text.mem_parse.isra.0
                0x0000000008006968       0x4e ../../NuttX/apps/libapps.a(nsh_dbgcmds.home.andressanchez.Escritorio.GIT.project_template.build.NuttX.apps.nshlib.o)
 *fill*         0x00000000080069b6        0x2 
 .text.cmd_mb   0x00000000080069b8       0x98 ../../NuttX/apps/libapps.a(nsh_dbgcmds.home.andressanchez.Escritorio.GIT.project_template.build.NuttX.apps.nshlib.o)
                0x00000000080069b8                cmd_mb
 .text.cmd_mh   0x0000000008006a50       0xa0 ../../NuttX/apps/libapps.a(nsh_dbgcmds.home.andressanchez.Escritorio.GIT.project_template.build.NuttX.apps.nshlib.o)
                0x0000000008006a50                cmd_mh
 .text.cmd_mw   0x0000000008006af0       0x78 ../../NuttX/apps/libapps.a(nsh_dbgcmds.home.andressanchez.Escritorio.GIT.project_template.build.NuttX.apps.nshlib.o)
                0x0000000008006af0                cmd_mw
 .text.nsh_dumpbuffer
                0x0000000008006b68       0xc0 ../../NuttX/apps/libapps.a(nsh_dbgcmds.home.andressanchez.Escritorio.GIT.project_template.build.NuttX.apps.nshlib.o)
                0x0000000008006b68                nsh_dumpbuffer
 .text.cmd_xd   0x0000000008006c28       0x58 ../../NuttX/apps/libapps.a(nsh_dbgcmds.home.andressanchez.Escritorio.GIT.project_template.build.NuttX.apps.nshlib.o)
                0x0000000008006c28                cmd_xd
 .text.cmd_hexdump
                0x0000000008006c80      0x188 ../../NuttX/apps/libapps.a(nsh_dbgcmds.home.andressanchez.Escritorio.GIT.project_template.build.NuttX.apps.nshlib.o)
                0x0000000008006c80                cmd_hexdump
 .text.nsh_catfile
                0x0000000008006e08      0x100 ../../NuttX/apps/libapps.a(nsh_fsutils.home.andressanchez.Escritorio.GIT.project_template.build.NuttX.apps.nshlib.o)
                0x0000000008006e08                nsh_catfile
 .text.nsh_foreach_direntry
                0x0000000008006f08       0x60 ../../NuttX/apps/libapps.a(nsh_fsutils.home.andressanchez.Escritorio.GIT.project_template.build.NuttX.apps.nshlib.o)
                0x0000000008006f08                nsh_foreach_direntry
 .text.nsh_trimdir
                0x0000000008006f68       0x22 ../../NuttX/apps/libapps.a(nsh_fsutils.home.andressanchez.Escritorio.GIT.project_template.build.NuttX.apps.nshlib.o)
                0x0000000008006f68                nsh_trimdir
 .text.nsh_trimspaces
                0x0000000008006f8a       0x3a ../../NuttX/apps/libapps.a(nsh_fsutils.home.andressanchez.Escritorio.GIT.project_template.build.NuttX.apps.nshlib.o)
                0x0000000008006f8a                nsh_trimspaces
 .text.nsh_builtin
                0x0000000008006fc4       0xb8 ../../NuttX/apps/libapps.a(nsh_builtin.home.andressanchez.Escritorio.GIT.project_template.build.NuttX.apps.nshlib.o)
                0x0000000008006fc4                nsh_builtin
 .text.cmd_mount
                0x000000000800707c      0x138 ../../NuttX/apps/libapps.a(nsh_mntcmds.home.andressanchez.Escritorio.GIT.project_template.build.NuttX.apps.nshlib.o)
                0x000000000800707c                cmd_mount
 .text.cmd_umount
                0x00000000080071b4       0x50 ../../NuttX/apps/libapps.a(nsh_mntcmds.home.andressanchez.Escritorio.GIT.project_template.build.NuttX.apps.nshlib.o)
                0x00000000080071b4                cmd_umount
 .text.expression
                0x0000000008007204      0x320 ../../NuttX/apps/libapps.a(nsh_test.home.andressanchez.Escritorio.GIT.project_template.build.NuttX.apps.nshlib.o)
 .text.cmd_test
                0x0000000008007524        0x8 ../../NuttX/apps/libapps.a(nsh_test.home.andressanchez.Escritorio.GIT.project_template.build.NuttX.apps.nshlib.o)
                0x0000000008007524                cmd_test
 .text.cmd_lbracket
                0x000000000800752c       0x40 ../../NuttX/apps/libapps.a(nsh_test.home.andressanchez.Escritorio.GIT.project_template.build.NuttX.apps.nshlib.o)
                0x000000000800752c                cmd_lbracket
 .text.exec_builtin
                0x000000000800756c       0xd4 ../../NuttX/apps/libapps.a(exec_builtin.home.andressanchez.Escritorio.GIT.project_template.build.NuttX.apps.builtin.o)
                0x000000000800756c                exec_builtin
 .text.up_allocate_heap
                0x0000000008007640       0x18 ../../NuttX/nuttx/arch/arm/src/libarch.a(stm32_allocateheap.o)
                0x0000000008007640                up_allocate_heap
 .text.arm_addregion
                0x0000000008007658       0x2a ../../NuttX/nuttx/arch/arm/src/libarch.a(stm32_allocateheap.o)
                0x0000000008007658                arm_addregion
 .text.stm32_timerisr
                0x0000000008007682        0xa ../../NuttX/nuttx/arch/arm/src/libarch.a(stm32_timerisr.o)
 .text.up_timer_initialize
                0x000000000800768c       0x34 ../../NuttX/nuttx/arch/arm/src/libarch.a(stm32_timerisr.o)
                0x000000000800768c                up_timer_initialize
 .text.up_stackdump
                0x00000000080076c0       0x50 ../../NuttX/nuttx/arch/arm/src/libarch.a(arm_assert.o)
 .text.up_assert
                0x0000000008007710      0x19c ../../NuttX/nuttx/arch/arm/src/libarch.a(arm_assert.o)
                0x0000000008007710                up_assert
 .text.up_block_task
                0x00000000080078ac       0x70 ../../NuttX/nuttx/arch/arm/src/libarch.a(arm_blocktask.o)
                0x00000000080078ac                up_block_task
 .text.arm_copyfullstate
                0x000000000800791c       0x18 ../../NuttX/nuttx/arch/arm/src/libarch.a(arm_copyfullstate.o)
                0x000000000800791c                arm_copyfullstate
 .text.up_create_stack
                0x0000000008007934       0x48 ../../NuttX/nuttx/arch/arm/src/libarch.a(arm_createstack.o)
                0x0000000008007934                up_create_stack
 .text.up_exit  0x000000000800797c       0x34 ../../NuttX/nuttx/arch/arm/src/libarch.a(arm_exit.o)
                0x000000000800797c                up_exit
 .text.up_initialize
                0x00000000080079b0       0x1c ../../NuttX/nuttx/arch/arm/src/libarch.a(arm_initialize.o)
                0x00000000080079b0                up_initialize
 .text.up_initial_state
                0x00000000080079cc       0x5c ../../NuttX/nuttx/arch/arm/src/libarch.a(arm_initialstate.o)
                0x00000000080079cc                up_initial_state
 .text.up_interrupt_context
                0x0000000008007a28       0x10 ../../NuttX/nuttx/arch/arm/src/libarch.a(arm_interruptcontext.o)
                0x0000000008007a28                up_interrupt_context
 .text.up_release_pending
                0x0000000008007a38       0x48 ../../NuttX/nuttx/arch/arm/src/libarch.a(arm_releasepending.o)
                0x0000000008007a38                up_release_pending
 .text.up_release_stack
                0x0000000008007a80       0x1e ../../NuttX/nuttx/arch/arm/src/libarch.a(arm_releasestack.o)
                0x0000000008007a80                up_release_stack
 *fill*         0x0000000008007a9e        0x2 
 .text.up_schedule_sigaction
                0x0000000008007aa0       0x9c ../../NuttX/nuttx/arch/arm/src/libarch.a(arm_schedulesigaction.o)
                0x0000000008007aa0                up_schedule_sigaction
 .text.arm_sigdeliver
                0x0000000008007b3c       0x60 ../../NuttX/nuttx/arch/arm/src/libarch.a(arm_sigdeliver.o)
                0x0000000008007b3c                arm_sigdeliver
 .text.up_stack_frame
                0x0000000008007b9c       0x26 ../../NuttX/nuttx/arch/arm/src/libarch.a(arm_stackframe.o)
                0x0000000008007b9c                up_stack_frame
 *fill*         0x0000000008007bc2        0x2 
 .text.up_unblock_task
                0x0000000008007bc4       0x50 ../../NuttX/nuttx/arch/arm/src/libarch.a(arm_unblocktask.o)
                0x0000000008007bc4                up_unblock_task
 .text.up_use_stack
                0x0000000008007c14       0x40 ../../NuttX/nuttx/arch/arm/src/libarch.a(arm_usestack.o)
                0x0000000008007c14                up_use_stack
 .text.up_idle  0x0000000008007c54        0x2 ../../NuttX/nuttx/arch/arm/src/libarch.a(arm_idle.o)
                0x0000000008007c54                up_idle
 .text          0x0000000008007c56       0x14 ../../NuttX/nuttx/arch/arm/src/libarch.a(arm_saveusercontext.o)
                0x0000000008007c56                arm_saveusercontext
 .text          0x0000000008007c6a        0xa ../../NuttX/nuttx/arch/arm/src/libarch.a(arm_fullcontextrestore.o)
                0x0000000008007c6a                arm_fullcontextrestore
 .text          0x0000000008007c74        0xc ../../NuttX/nuttx/arch/arm/src/libarch.a(arm_switchcontext.o)
                0x0000000008007c74                arm_switchcontext
 .text.binfmt_initialize
                0x0000000008007c80        0x2 ../../NuttX/nuttx/binfmt/libbinfmt.a(binfmt_initialize.o)
                0x0000000008007c80                binfmt_initialize
 .text.builtin_isavail
                0x0000000008007c82       0x26 ../../NuttX/nuttx/libs/libc/libc.a(lib_builtin_isavail.o)
                0x0000000008007c82                builtin_isavail
 .text.builtin_for_index
                0x0000000008007ca8       0x1c ../../NuttX/nuttx/libs/libc/libc.a(lib_builtin_forindex.o)
                0x0000000008007ca8                builtin_for_index
 .text.isprint  0x0000000008007cc4        0xc ../../NuttX/nuttx/libs/libc/libc.a(lib_isprint.o)
                0x0000000008007cc4                isprint
 .text.isspace  0x0000000008007cd0       0x14 ../../NuttX/nuttx/libs/libc/libc.a(lib_isspace.o)
                0x0000000008007cd0                isspace
 .text.__errno  0x0000000008007ce4        0xa ../../NuttX/nuttx/libs/libc/libc.a(lib_errno.o)
                0x0000000008007ce4                __errno
 *fill*         0x0000000008007cee        0x2 
 .text.basename
                0x0000000008007cf0       0x48 ../../NuttX/nuttx/libs/libc/libc.a(lib_basename.o)
                0x0000000008007cf0                basename
 .text.dirname  0x0000000008007d38       0x50 ../../NuttX/nuttx/libs/libc/libc.a(lib_dirname.o)
                0x0000000008007d38                dirname
 .text.lib_stream_initialize
                0x0000000008007d88       0x44 ../../NuttX/nuttx/libs/libc/libc.a(lib_stream.o)
                0x0000000008007d88                lib_stream_initialize
 .text.lib_stream_release
                0x0000000008007dcc       0x48 ../../NuttX/nuttx/libs/libc/libc.a(lib_stream.o)
                0x0000000008007dcc                lib_stream_release
 .text.uname    0x0000000008007e14       0x7c ../../NuttX/nuttx/libs/libc/libc.a(lib_utsname.o)
                0x0000000008007e14                uname
 .text.lib_sem_initialize
                0x0000000008007e90       0x1a ../../NuttX/nuttx/libs/libc/libc.a(lib_filesem.o)
                0x0000000008007e90                lib_sem_initialize
 .text.lib_take_semaphore
                0x0000000008007eaa       0x2e ../../NuttX/nuttx/libs/libc/libc.a(lib_filesem.o)
                0x0000000008007eaa                lib_take_semaphore
 .text.lib_give_semaphore
                0x0000000008007ed8       0x1c ../../NuttX/nuttx/libs/libc/libc.a(lib_filesem.o)
                0x0000000008007ed8                lib_give_semaphore
 .text.pthread_attr_init
                0x0000000008007ef4       0x1c ../../NuttX/nuttx/libs/libc/libc.a(pthread_attr_init.o)
                0x0000000008007ef4                pthread_attr_init
 .text.pthread_attr_setschedpolicy
                0x0000000008007f10       0x12 ../../NuttX/nuttx/libs/libc/libc.a(pthread_attr_setschedpolicy.o)
                0x0000000008007f10                pthread_attr_setschedpolicy
 .text.pthread_attr_setschedparam
                0x0000000008007f22       0x10 ../../NuttX/nuttx/libs/libc/libc.a(pthread_attr_setschedparam.o)
                0x0000000008007f22                pthread_attr_setschedparam
 .text.sq_addlast
                0x0000000008007f32       0x14 ../../NuttX/nuttx/libs/libc/libc.a(sq_addlast.o)
                0x0000000008007f32                sq_addlast
 .text.sq_addfirst
                0x0000000008007f46        0xe ../../NuttX/nuttx/libs/libc/libc.a(sq_addfirst.o)
                0x0000000008007f46                sq_addfirst
 .text.sq_addafter
                0x0000000008007f54       0x1c ../../NuttX/nuttx/libs/libc/libc.a(sq_addafter.o)
                0x0000000008007f54                sq_addafter
 .text.sq_rem   0x0000000008007f70       0x2c ../../NuttX/nuttx/libs/libc/libc.a(sq_rem.o)
                0x0000000008007f70                sq_rem
 .text.sq_remfirst
                0x0000000008007f9c       0x14 ../../NuttX/nuttx/libs/libc/libc.a(sq_remfirst.o)
                0x0000000008007f9c                sq_remfirst
 .text.sq_remafter
                0x0000000008007fb0       0x20 ../../NuttX/nuttx/libs/libc/libc.a(sq_remafter.o)
                0x0000000008007fb0                sq_remafter
 .text.dq_addfirst
                0x0000000008007fd0       0x18 ../../NuttX/nuttx/libs/libc/libc.a(dq_addfirst.o)
                0x0000000008007fd0                dq_addfirst
 .text.dq_rem   0x0000000008007fe8       0x1c ../../NuttX/nuttx/libs/libc/libc.a(dq_rem.o)
                0x0000000008007fe8                dq_rem
 .text.sched_get_priority_max
                0x0000000008008004        0x4 ../../NuttX/nuttx/libs/libc/libc.a(sched_getprioritymax.o)
                0x0000000008008004                sched_get_priority_max
 .text.sched_get_priority_min
                0x0000000008008008        0x4 ../../NuttX/nuttx/libs/libc/libc.a(sched_getprioritymin.o)
                0x0000000008008008                sched_get_priority_min
 .text.nxtask_startup
                0x000000000800800c       0x54 ../../NuttX/nuttx/libs/libc/libc.a(task_startup.o)
                0x000000000800800c                nxtask_startup
 .text.nxsem_init
                0x0000000008008060       0x16 ../../NuttX/nuttx/libs/libc/libc.a(sem_init.o)
                0x0000000008008060                nxsem_init
 .text.sem_init
                0x0000000008008076       0x20 ../../NuttX/nuttx/libs/libc/libc.a(sem_init.o)
                0x0000000008008076                sem_init
 .text.nxsem_get_value
                0x0000000008008096       0x14 ../../NuttX/nuttx/libs/libc/libc.a(sem_getvalue.o)
                0x0000000008008096                nxsem_get_value
 .text.nxsem_set_protocol
                0x00000000080080aa       0x16 ../../NuttX/nuttx/libs/libc/libc.a(sem_setprotocol.o)
                0x00000000080080aa                nxsem_set_protocol
 .text.nxsig_addset
                0x00000000080080c0       0x1a ../../NuttX/nuttx/libs/libc/libc.a(sig_addset.o)
                0x00000000080080c0                nxsig_addset
 .text.nxsig_delset
                0x00000000080080da       0x1a ../../NuttX/nuttx/libs/libc/libc.a(sig_delset.o)
                0x00000000080080da                nxsig_delset
 .text.sigemptyset
                0x00000000080080f4        0x8 ../../NuttX/nuttx/libs/libc/libc.a(sig_emptyset.o)
                0x00000000080080f4                sigemptyset
 .text.nxsig_ismember
                0x00000000080080fc       0x12 ../../NuttX/nuttx/libs/libc/libc.a(sig_ismember.o)
                0x00000000080080fc                nxsig_ismember
 .text.posix_spawn_file_actions_addopen
                0x000000000800810e       0x4e ../../NuttX/nuttx/libs/libc/libc.a(lib_psfa_addopen.o)
                0x000000000800810e                posix_spawn_file_actions_addopen
 .text.posix_spawn_file_actions_destroy
                0x000000000800815c       0x16 ../../NuttX/nuttx/libs/libc/libc.a(lib_psfa_destroy.o)
                0x000000000800815c                posix_spawn_file_actions_destroy
 .text.posix_spawn_file_actions_init
                0x0000000008008172        0x8 ../../NuttX/nuttx/libs/libc/libc.a(lib_psfa_init.o)
                0x0000000008008172                posix_spawn_file_actions_init
 .text.posix_spawnattr_init
                0x000000000800817a       0x3a ../../NuttX/nuttx/libs/libc/libc.a(lib_psa_init.o)
                0x000000000800817a                posix_spawnattr_init
 .text.posix_spawnattr_setflags
                0x00000000080081b4        0x6 ../../NuttX/nuttx/libs/libc/libc.a(lib_psa_setflags.o)
                0x00000000080081b4                posix_spawnattr_setflags
 .text.posix_spawnattr_setschedparam
                0x00000000080081ba        0x8 ../../NuttX/nuttx/libs/libc/libc.a(lib_psa_setschedparam.o)
                0x00000000080081ba                posix_spawnattr_setschedparam
 .text.posix_spawnattr_setschedpolicy
                0x00000000080081c2        0x6 ../../NuttX/nuttx/libs/libc/libc.a(lib_psa_setschedpolicy.o)
                0x00000000080081c2                posix_spawnattr_setschedpolicy
 .text.task_spawnattr_setstacksize
                0x00000000080081c8        0x6 ../../NuttX/nuttx/libs/libc/libc.a(lib_psa_setstacksize.o)
                0x00000000080081c8                task_spawnattr_setstacksize
 .text.sprintf  0x00000000080081ce       0x2e ../../NuttX/nuttx/libs/libc/libc.a(lib_sprintf.o)
                0x00000000080081ce                sprintf
 .text.asprintf
                0x00000000080081fc       0x1a ../../NuttX/nuttx/libs/libc/libc.a(lib_asprintf.o)
                0x00000000080081fc                asprintf
 .text.snprintf
                0x0000000008008216       0x2e ../../NuttX/nuttx/libs/libc/libc.a(lib_snprintf.o)
                0x0000000008008216                snprintf
 .text.vasprintf
                0x0000000008008244       0x4a ../../NuttX/nuttx/libs/libc/libc.a(lib_vasprintf.o)
                0x0000000008008244                vasprintf
 .text.memoutstream_putc
                0x000000000800828e       0x1a ../../NuttX/nuttx/libs/libc/libc.a(lib_memoutstream.o)
 .text.lib_memoutstream
                0x00000000080082a8       0x20 ../../NuttX/nuttx/libs/libc/libc.a(lib_memoutstream.o)
                0x00000000080082a8                lib_memoutstream
 .text.nulloutstream_putc
                0x00000000080082c8        0x8 ../../NuttX/nuttx/libs/libc/libc.a(lib_nulloutstream.o)
 .text.lib_nulloutstream
                0x00000000080082d0       0x18 ../../NuttX/nuttx/libs/libc/libc.a(lib_nulloutstream.o)
                0x00000000080082d0                lib_nulloutstream
 .text.lib_noflush
                0x00000000080082e8        0x4 ../../NuttX/nuttx/libs/libc/libc.a(lib_libnoflush.o)
                0x00000000080082e8                lib_noflush
 .text.lib_vsprintf
                0x00000000080082ec      0x4e0 ../../NuttX/nuttx/libs/libc/libc.a(lib_libvsprintf.o)
                0x00000000080082ec                lib_vsprintf
 .text.__ultoa_invert
                0x00000000080087cc       0x5e ../../NuttX/nuttx/libs/libc/libc.a(lib_ultoa_invert.o)
                0x00000000080087cc                __ultoa_invert
 .text.lib_mode2oflags
                0x000000000800882a       0xb0 ../../NuttX/nuttx/libs/libc/libc.a(lib_fopen.o)
                0x000000000800882a                lib_mode2oflags
 .text.fdopen   0x00000000080088da       0x22 ../../NuttX/nuttx/libs/libc/libc.a(lib_fopen.o)
                0x00000000080088da                fdopen
 .text.fopen    0x00000000080088fc       0x42 ../../NuttX/nuttx/libs/libc/libc.a(lib_fopen.o)
                0x00000000080088fc                fopen
 .text.fclose   0x000000000800893e       0xc6 ../../NuttX/nuttx/libs/libc/libc.a(lib_fclose.o)
                0x000000000800893e                fclose
 .text.fseek    0x0000000008008a04       0x3c ../../NuttX/nuttx/libs/libc/libc.a(lib_fseek.o)
                0x0000000008008a04                fseek
 .text.ftell    0x0000000008008a40       0x4c ../../NuttX/nuttx/libs/libc/libc.a(lib_ftell.o)
                0x0000000008008a40                ftell
 .text.fgets    0x0000000008008a8c       0x1c ../../NuttX/nuttx/libs/libc/libc.a(lib_fgets.o)
                0x0000000008008a8c                fgets
 .text.consume_eol
                0x0000000008008aa8       0x20 ../../NuttX/nuttx/libs/libc/libc.a(lib_libfgets.o)
 .text.lib_fgets
                0x0000000008008ac8       0x8e ../../NuttX/nuttx/libs/libc/libc.a(lib_libfgets.o)
                0x0000000008008ac8                lib_fgets
 .text.fwrite   0x0000000008008b56       0x18 ../../NuttX/nuttx/libs/libc/libc.a(lib_fwrite.o)
                0x0000000008008b56                fwrite
 .text.lib_fwrite
                0x0000000008008b6e       0xb8 ../../NuttX/nuttx/libs/libc/libc.a(lib_libfwrite.o)
                0x0000000008008b6e                lib_fwrite
 .text.fflush   0x0000000008008c26       0x2c ../../NuttX/nuttx/libs/libc/libc.a(lib_fflush.o)
                0x0000000008008c26                fflush
 .text.lib_flushall
                0x0000000008008c52       0x3c ../../NuttX/nuttx/libs/libc/libc.a(lib_libflushall.o)
                0x0000000008008c52                lib_flushall
 .text.lib_fflush
                0x0000000008008c8e       0x92 ../../NuttX/nuttx/libs/libc/libc.a(lib_libfflush.o)
                0x0000000008008c8e                lib_fflush
 .text.lib_rdflush
                0x0000000008008d20       0x56 ../../NuttX/nuttx/libs/libc/libc.a(lib_rdflush.o)
                0x0000000008008d20                lib_rdflush
 .text.lib_wrflush
                0x0000000008008d76       0x16 ../../NuttX/nuttx/libs/libc/libc.a(lib_wrflush.o)
                0x0000000008008d76                lib_wrflush
 .text.fputs    0x0000000008008d8c       0x5a ../../NuttX/nuttx/libs/libc/libc.a(lib_fputs.o)
                0x0000000008008d8c                fputs
 .text.fprintf  0x0000000008008de6       0x1a ../../NuttX/nuttx/libs/libc/libc.a(lib_fprintf.o)
                0x0000000008008de6                fprintf
 .text.vfprintf
                0x0000000008008e00       0x36 ../../NuttX/nuttx/libs/libc/libc.a(lib_vfprintf.o)
                0x0000000008008e00                vfprintf
 .text.stdoutstream_flush
                0x0000000008008e36        0x8 ../../NuttX/nuttx/libs/libc/libc.a(lib_stdoutstream.o)
 .text.stdoutstream_putc
                0x0000000008008e3e       0x26 ../../NuttX/nuttx/libs/libc/libc.a(lib_stdoutstream.o)
 .text.lib_stdoutstream
                0x0000000008008e64       0x2c ../../NuttX/nuttx/libs/libc/libc.a(lib_stdoutstream.o)
                0x0000000008008e64                lib_stdoutstream
 .text.atoi     0x0000000008008e90        0x8 ../../NuttX/nuttx/libs/libc/libc.a(lib_atoi.o)
                0x0000000008008e90                atoi
 .text.strtol   0x0000000008008e98       0x74 ../../NuttX/nuttx/libs/libc/libc.a(lib_strtol.o)
                0x0000000008008e98                strtol
 .text.strtoul  0x0000000008008f0c       0xba ../../NuttX/nuttx/libs/libc/libc.a(lib_strtoul.o)
                0x0000000008008f0c                strtoul
 .text.lib_checkbase
                0x0000000008008fc6       0x5c ../../NuttX/nuttx/libs/libc/libc.a(lib_checkbase.o)
                0x0000000008008fc6                lib_checkbase
 .text.lib_isbasedigit
                0x0000000008009022       0x4e ../../NuttX/nuttx/libs/libc/libc.a(lib_isbasedigit.o)
                0x0000000008009022                lib_isbasedigit
 .text.memset   0x0000000008009070       0x10 ../../NuttX/nuttx/libs/libc/libc.a(lib_memset.o)
                0x0000000008009070                memset
 .text.memcmp   0x0000000008009080       0x26 ../../NuttX/nuttx/libs/libc/libc.a(lib_memcmp.o)
                0x0000000008009080                memcmp
 .text.lib_skipspace
                0x00000000080090a6       0x18 ../../NuttX/nuttx/libs/libc/libc.a(lib_skipspace.o)
                0x00000000080090a6                lib_skipspace
 .text.strcat   0x00000000080090be       0x20 ../../NuttX/nuttx/libs/libc/libc.a(lib_strcat.o)
                0x00000000080090be                strcat
 .text.strchr   0x00000000080090de       0x16 ../../NuttX/nuttx/libs/libc/libc.a(lib_strchr.o)
                0x00000000080090de                strchr
 .text.strcmp   0x00000000080090f4       0x16 ../../NuttX/nuttx/libs/libc/libc.a(lib_strcmp.o)
                0x00000000080090f4                strcmp
 .text.strcspn  0x000000000800910a       0x1e ../../NuttX/nuttx/libs/libc/libc.a(lib_strcspn.o)
                0x000000000800910a                strcspn
 .text.strdup   0x0000000008009128       0x1c ../../NuttX/nuttx/libs/libc/libc.a(lib_strdup.o)
                0x0000000008009128                strdup
 .text.strlen   0x0000000008009144       0x10 ../../NuttX/nuttx/libs/libc/libc.a(lib_strlen.o)
                0x0000000008009144                strlen
 .text.strnlen  0x0000000008009154       0x18 ../../NuttX/nuttx/libs/libc/libc.a(lib_strnlen.o)
                0x0000000008009154                strnlen
 .text.strncmp  0x000000000800916c       0x20 ../../NuttX/nuttx/libs/libc/libc.a(lib_strncmp.o)
                0x000000000800916c                strncmp
 .text.strncpy  0x000000000800918c       0x24 ../../NuttX/nuttx/libs/libc/libc.a(lib_strncpy.o)
                0x000000000800918c                strncpy
 .text.strrchr  0x00000000080091b0       0x20 ../../NuttX/nuttx/libs/libc/libc.a(lib_strrchr.o)
                0x00000000080091b0                strrchr
 .text.tls_get_info
                0x00000000080091d0       0x18 ../../NuttX/nuttx/libs/libc/libc.a(tls_getinfo.o)
                0x00000000080091d0                tls_get_info
 .text.getopt   0x00000000080091e8      0x130 ../../NuttX/nuttx/libs/libc/libc.a(lib_getopt.o)
                0x00000000080091e8                getopt
 .text.sleep    0x0000000008009318       0x38 ../../NuttX/nuttx/libs/libc/libc.a(lib_sleep.o)
                0x0000000008009318                sleep
 .text.usleep   0x0000000008009350       0x30 ../../NuttX/nuttx/libs/libc/libc.a(lib_usleep.o)
                0x0000000008009350                usleep
 .text.chdir    0x0000000008009380       0x78 ../../NuttX/nuttx/libs/libc/libc.a(lib_chdir.o)
                0x0000000008009380                chdir
 .text.gethostname
                0x00000000080093f8       0x30 ../../NuttX/nuttx/libs/libc/libc.a(lib_gethostname.o)
                0x00000000080093f8                gethostname
 .text.builtin_getname
                0x0000000008009428        0xc ../../NuttX/nuttx/libs/libc/libc.a(lib_builtin_getname.o)
                0x0000000008009428                builtin_getname
 .text.stream_semtake
                0x0000000008009434       0x10 ../../NuttX/nuttx/libs/libc/libc.a(lib_streamsem.o)
                0x0000000008009434                stream_semtake
 .text.stream_semgive
                0x0000000008009444        0x4 ../../NuttX/nuttx/libs/libc/libc.a(lib_streamsem.o)
                0x0000000008009444                stream_semgive
 .text.add_file_action
                0x0000000008009448       0x1a ../../NuttX/nuttx/libs/libc/libc.a(lib_psfa_addaction.o)
                0x0000000008009448                add_file_action
 .text.fgetc    0x0000000008009462       0x20 ../../NuttX/nuttx/libs/libc/libc.a(lib_fgetc.o)
                0x0000000008009462                fgetc
 .text.fputc    0x0000000008009482       0x3c ../../NuttX/nuttx/libs/libc/libc.a(lib_fputc.o)
                0x0000000008009482                fputc
 .text.lib_fread
                0x00000000080094be      0x114 ../../NuttX/nuttx/libs/libc/libc.a(lib_libfread.o)
                0x00000000080094be                lib_fread
 .text.boardctl
                0x00000000080095d2       0x56 ../../NuttX/nuttx/boards/libboards.a(boardctl.o)
                0x00000000080095d2                boardctl
 .text.syslog_flush
                0x0000000008009628       0x10 ../../NuttX/nuttx/drivers/libdrivers.a(syslog_flush.o)
                0x0000000008009628                syslog_flush
 .text.syslog_initialize
                0x0000000008009638        0x4 ../../NuttX/nuttx/drivers/libdrivers.a(syslog_initialize.o)
                0x0000000008009638                syslog_initialize
 .text.devnull_read
                0x000000000800963c        0x4 ../../NuttX/nuttx/drivers/libdrivers.a(dev_null.o)
 .text.devnull_write
                0x0000000008009640        0x4 ../../NuttX/nuttx/drivers/libdrivers.a(dev_null.o)
 .text.devnull_poll
                0x0000000008009644       0x1c ../../NuttX/nuttx/drivers/libdrivers.a(dev_null.o)
 .text.devnull_register
                0x0000000008009660       0x18 ../../NuttX/nuttx/drivers/libdrivers.a(dev_null.o)
                0x0000000008009660                devnull_register
 .text.mkrd     0x0000000008009678       0x40 ../../NuttX/nuttx/drivers/libdrivers.a(mkrd.o)
                0x0000000008009678                mkrd
 .text.rd_open  0x00000000080096b8        0xc ../../NuttX/nuttx/drivers/libdrivers.a(ramdisk.o)
 .text.rd_geometry
                0x00000000080096c4       0x24 ../../NuttX/nuttx/drivers/libdrivers.a(ramdisk.o)
 .text.rd_ioctl
                0x00000000080096e8       0x1a ../../NuttX/nuttx/drivers/libdrivers.a(ramdisk.o)
 .text.rd_close
                0x0000000008009702       0x24 ../../NuttX/nuttx/drivers/libdrivers.a(ramdisk.o)
 .text.rd_write
                0x0000000008009726       0x3a ../../NuttX/nuttx/drivers/libdrivers.a(ramdisk.o)
 .text.rd_read  0x0000000008009760       0x32 ../../NuttX/nuttx/drivers/libdrivers.a(ramdisk.o)
 .text.rd_unlink
                0x0000000008009792       0x20 ../../NuttX/nuttx/drivers/libdrivers.a(ramdisk.o)
 *fill*         0x00000000080097b2        0x2 
 .text.ramdisk_register
                0x00000000080097b4       0x60 ../../NuttX/nuttx/drivers/libdrivers.a(ramdisk.o)
                0x00000000080097b4                ramdisk_register
 .text.fs_initialize
                0x0000000008009814        0x4 ../../NuttX/nuttx/fs/libfs.a(fs_initialize.o)
                0x0000000008009814                fs_initialize
 .text._files_close
                0x0000000008009818       0x2a ../../NuttX/nuttx/fs/libfs.a(fs_files.o)
 .text.files_initialize
                0x0000000008009842        0x2 ../../NuttX/nuttx/fs/libfs.a(fs_files.o)
                0x0000000008009842                files_initialize
 .text.files_initlist
                0x0000000008009844        0x8 ../../NuttX/nuttx/fs/libfs.a(fs_files.o)
                0x0000000008009844                files_initlist
 .text.files_releaselist
                0x000000000800984c       0x22 ../../NuttX/nuttx/fs/libfs.a(fs_files.o)
                0x000000000800984c                files_releaselist
 .text.file_dup2
                0x000000000800986e       0xaa ../../NuttX/nuttx/fs/libfs.a(fs_files.o)
                0x000000000800986e                file_dup2
 .text.files_allocate
                0x0000000008009918       0x58 ../../NuttX/nuttx/fs/libfs.a(fs_files.o)
                0x0000000008009918                files_allocate
 .text.files_close
                0x0000000008009970       0x38 ../../NuttX/nuttx/fs/libfs.a(fs_files.o)
                0x0000000008009970                files_close
 .text.files_release
                0x00000000080099a8       0x2e ../../NuttX/nuttx/fs/libfs.a(fs_files.o)
                0x00000000080099a8                files_release
 .text.inode_addref
                0x00000000080099d6       0x20 ../../NuttX/nuttx/fs/libfs.a(fs_inodeaddref.o)
                0x00000000080099d6                inode_addref
 .text.inode_release
                0x00000000080099f6       0x3e ../../NuttX/nuttx/fs/libfs.a(fs_inoderelease.o)
                0x00000000080099f6                inode_release
 .text.nx_close
                0x0000000008009a34        0xe ../../NuttX/nuttx/fs/libfs.a(fs_close.o)
                0x0000000008009a34                nx_close
 .text.close    0x0000000008009a42       0x1a ../../NuttX/nuttx/fs/libfs.a(fs_close.o)
                0x0000000008009a42                close
 .text.fs_dupfd2
                0x0000000008009a5c       0x3e ../../NuttX/nuttx/fs/libfs.a(fs_dupfd2.o)
                0x0000000008009a5c                fs_dupfd2
 .text.fs_getfilep
                0x0000000008009a9a       0x2e ../../NuttX/nuttx/fs/libfs.a(fs_getfilep.o)
                0x0000000008009a9a                fs_getfilep
 .text.file_vioctl
                0x0000000008009ac8       0x1c ../../NuttX/nuttx/fs/libfs.a(fs_ioctl.o)
                0x0000000008009ac8                file_vioctl
 .text.nx_vioctl
                0x0000000008009ae4       0x8c ../../NuttX/nuttx/fs/libfs.a(fs_ioctl.o)
                0x0000000008009ae4                nx_vioctl
 .text.ioctl    0x0000000008009b70       0x2c ../../NuttX/nuttx/fs/libfs.a(fs_ioctl.o)
                0x0000000008009b70                ioctl
 .text.file_seek
                0x0000000008009b9c       0x40 ../../NuttX/nuttx/fs/libfs.a(fs_lseek.o)
                0x0000000008009b9c                file_seek
 .text.nx_seek  0x0000000008009bdc       0x1e ../../NuttX/nuttx/fs/libfs.a(fs_lseek.o)
                0x0000000008009bdc                nx_seek
 .text.lseek    0x0000000008009bfa       0x1a ../../NuttX/nuttx/fs/libfs.a(fs_lseek.o)
                0x0000000008009bfa                lseek
 .text.mkdir    0x0000000008009c14       0xa2 ../../NuttX/nuttx/fs/libfs.a(fs_mkdir.o)
                0x0000000008009c14                mkdir
 .text.inode_checkflags
                0x0000000008009cb6       0x28 ../../NuttX/nuttx/fs/libfs.a(fs_open.o)
                0x0000000008009cb6                inode_checkflags
 .text.nx_vopen
                0x0000000008009cde       0xd0 ../../NuttX/nuttx/fs/libfs.a(fs_open.o)
                0x0000000008009cde                nx_vopen
 .text.nx_open  0x0000000008009dae       0x1a ../../NuttX/nuttx/fs/libfs.a(fs_open.o)
                0x0000000008009dae                nx_open
 .text.open     0x0000000008009dc8       0x2c ../../NuttX/nuttx/fs/libfs.a(fs_open.o)
                0x0000000008009dc8                open
 .text.file_read
                0x0000000008009df4       0x2a ../../NuttX/nuttx/fs/libfs.a(fs_read.o)
                0x0000000008009df4                file_read
 .text.nx_read  0x0000000008009e1e       0x28 ../../NuttX/nuttx/fs/libfs.a(fs_read.o)
                0x0000000008009e1e                nx_read
 .text.read     0x0000000008009e46       0x1a ../../NuttX/nuttx/fs/libfs.a(fs_read.o)
                0x0000000008009e46                read
 .text.rename   0x0000000008009e60      0x294 ../../NuttX/nuttx/fs/libfs.a(fs_rename.o)
                0x0000000008009e60                rename
 .text.rmdir    0x000000000800a0f4       0xb0 ../../NuttX/nuttx/fs/libfs.a(fs_rmdir.o)
                0x000000000800a0f4                rmdir
 .text.inode_stat
                0x000000000800a1a4       0x9a ../../NuttX/nuttx/fs/libfs.a(fs_stat.o)
                0x000000000800a1a4                inode_stat
 .text.nx_stat  0x000000000800a23e       0x7e ../../NuttX/nuttx/fs/libfs.a(fs_stat.o)
                0x000000000800a23e                nx_stat
 .text.stat     0x000000000800a2bc       0x1c ../../NuttX/nuttx/fs/libfs.a(fs_stat.o)
                0x000000000800a2bc                stat
 .text.unlink   0x000000000800a2d8       0xe0 ../../NuttX/nuttx/fs/libfs.a(fs_unlink.o)
                0x000000000800a2d8                unlink
 .text.file_write
                0x000000000800a3b8       0x24 ../../NuttX/nuttx/fs/libfs.a(fs_write.o)
                0x000000000800a3b8                file_write
 .text.nx_write
                0x000000000800a3dc       0x30 ../../NuttX/nuttx/fs/libfs.a(fs_write.o)
                0x000000000800a3dc                nx_write
 .text.write    0x000000000800a40c       0x1a ../../NuttX/nuttx/fs/libfs.a(fs_write.o)
                0x000000000800a40c                write
 .text.fs_fdopen
                0x000000000800a426       0xe0 ../../NuttX/nuttx/fs/libfs.a(fs_fdopen.o)
                0x000000000800a426                fs_fdopen
 .text.register_blockdriver
                0x000000000800a506       0x3a ../../NuttX/nuttx/fs/libfs.a(fs_registerblockdriver.o)
                0x000000000800a506                register_blockdriver
 .text.block_proxy
                0x000000000800a540       0xa8 ../../NuttX/nuttx/fs/libfs.a(fs_blockproxy.o)
                0x000000000800a540                block_proxy
 .text.closedir
                0x000000000800a5e8       0x62 ../../NuttX/nuttx/fs/libfs.a(fs_closedir.o)
                0x000000000800a5e8                closedir
 .text.opendir  0x000000000800a64a       0xd8 ../../NuttX/nuttx/fs/libfs.a(fs_opendir.o)
                0x000000000800a64a                opendir
 .text.readdir  0x000000000800a722       0xdc ../../NuttX/nuttx/fs/libfs.a(fs_readdir.o)
                0x000000000800a722                readdir
 .text.mq_inode_release
                0x000000000800a7fe       0x48 ../../NuttX/nuttx/fs/libfs.a(mq_close.o)
                0x000000000800a7fe                mq_inode_release
 .text.nxmq_close_group
                0x000000000800a846       0x28 ../../NuttX/nuttx/fs/libfs.a(mq_close.o)
                0x000000000800a846                nxmq_close_group
 .text.mount    0x000000000800a86e       0x10 ../../NuttX/nuttx/fs/libfs.a(fs_mount.o)
                0x000000000800a86e                mount
 .text.nx_umount2
                0x000000000800a87e       0xbe ../../NuttX/nuttx/fs/libfs.a(fs_umount2.o)
                0x000000000800a87e                nx_umount2
 .text.umount2  0x000000000800a93c       0x1a ../../NuttX/nuttx/fs/libfs.a(fs_umount2.o)
                0x000000000800a93c                umount2
 .text.inode_find
                0x000000000800a956       0x26 ../../NuttX/nuttx/fs/libfs.a(fs_inodefind.o)
                0x000000000800a956                inode_find
 .text.inode_free
                0x000000000800a97c       0x1e ../../NuttX/nuttx/fs/libfs.a(fs_inodefree.o)
                0x000000000800a97c                inode_free
 .text.inode_unlink
                0x000000000800a99a       0x4a ../../NuttX/nuttx/fs/libfs.a(fs_inoderemove.o)
                0x000000000800a99a                inode_unlink
 .text.inode_remove
                0x000000000800a9e4       0x2a ../../NuttX/nuttx/fs/libfs.a(fs_inoderemove.o)
                0x000000000800a9e4                inode_remove
 .text.file_vfcntl
                0x000000000800aa0e       0x70 ../../NuttX/nuttx/fs/libfs.a(fs_fcntl.o)
                0x000000000800aa0e                file_vfcntl
 .text.nx_vfcntl
                0x000000000800aa7e       0x28 ../../NuttX/nuttx/fs/libfs.a(fs_fcntl.o)
                0x000000000800aa7e                nx_vfcntl
 .text.nx_fcntl
                0x000000000800aaa6       0x1a ../../NuttX/nuttx/fs/libfs.a(fs_fcntl.o)
                0x000000000800aaa6                nx_fcntl
 .text.file_dup
                0x000000000800aac0       0x52 ../../NuttX/nuttx/fs/libfs.a(fs_dupfd.o)
                0x000000000800aac0                file_dup
 *fill*         0x000000000800ab12        0x2 
 .text.umm_initialize
                0x000000000800ab14       0x10 ../../NuttX/nuttx/mm/libmm.a(umm_initialize.o)
                0x000000000800ab14                umm_initialize
 .text.umm_addregion
                0x000000000800ab24       0x10 ../../NuttX/nuttx/mm/libmm.a(umm_addregion.o)
                0x000000000800ab24                umm_addregion
 .text.malloc   0x000000000800ab34        0xc ../../NuttX/nuttx/mm/libmm.a(umm_malloc.o)
                0x000000000800ab34                malloc
 .text.memalign
                0x000000000800ab40       0x10 ../../NuttX/nuttx/mm/libmm.a(umm_memalign.o)
                0x000000000800ab40                memalign
 .text.realloc  0x000000000800ab50       0x10 ../../NuttX/nuttx/mm/libmm.a(umm_realloc.o)
                0x000000000800ab50                realloc
 .text.umm_heapmember
                0x000000000800ab60        0xc ../../NuttX/nuttx/mm/libmm.a(umm_heapmember.o)
                0x000000000800ab60                umm_heapmember
 .text.mm_addregion
                0x000000000800ab6c       0x72 ../../NuttX/nuttx/mm/libmm.a(mm_initialize.o)
                0x000000000800ab6c                mm_addregion
 .text.mm_initialize
                0x000000000800abde       0x4a ../../NuttX/nuttx/mm/libmm.a(mm_initialize.o)
                0x000000000800abde                mm_initialize
 .text.mm_memalign
                0x000000000800ac28       0xac ../../NuttX/nuttx/mm/libmm.a(mm_memalign.o)
                0x000000000800ac28                mm_memalign
 .text.mm_realloc
                0x000000000800acd4      0x1aa ../../NuttX/nuttx/mm/libmm.a(mm_realloc.o)
                0x000000000800acd4                mm_realloc
 .text.mm_heapmember
                0x000000000800ae7e       0x26 ../../NuttX/nuttx/mm/libmm.a(mm_heapmember.o)
                0x000000000800ae7e                mm_heapmember
 .text.mm_shrinkchunk
                0x000000000800aea4       0x66 ../../NuttX/nuttx/mm/libmm.a(mm_shrinkchunk.o)
                0x000000000800aea4                mm_shrinkchunk
 *fill*         0x000000000800af0a        0x2 
 .text.nxmq_desclose_group
                0x000000000800af0c       0x34 ../../NuttX/nuttx/sched/libsched.a(mq_desclose.o)
                0x000000000800af0c                nxmq_desclose_group
 .text.nxmq_free_msgq
                0x000000000800af40       0x1c ../../NuttX/nuttx/sched/libsched.a(mq_msgqfree.o)
                0x000000000800af40                nxmq_free_msgq
 .text.pthread_start
                0x000000000800af5c       0x5c ../../NuttX/nuttx/sched/libsched.a(pthread_create.o)
 .text.pthread_create
                0x000000000800afb8      0x1d4 ../../NuttX/nuttx/sched/libsched.a(pthread_create.o)
                0x000000000800afb8                pthread_create
 .text.pthread_exit
                0x000000000800b18c       0x48 ../../NuttX/nuttx/sched/libsched.a(pthread_exit.o)
                0x000000000800b18c                pthread_exit
 .text.pthread_detach
                0x000000000800b1d4       0x48 ../../NuttX/nuttx/sched/libsched.a(pthread_detach.o)
                0x000000000800b1d4                pthread_detach
 .text.pthread_destroyjoin
                0x000000000800b21c       0x4e ../../NuttX/nuttx/sched/libsched.a(pthread_completejoin.o)
                0x000000000800b21c                pthread_destroyjoin
 .text.pthread_completejoin
                0x000000000800b26a       0x98 ../../NuttX/nuttx/sched/libsched.a(pthread_completejoin.o)
                0x000000000800b26a                pthread_completejoin
 .text.pthread_findjoininfo
                0x000000000800b302       0x12 ../../NuttX/nuttx/sched/libsched.a(pthread_findjoininfo.o)
                0x000000000800b302                pthread_findjoininfo
 .text.nxsched_get_files
                0x000000000800b314       0x10 ../../NuttX/nuttx/sched/libsched.a(sched_getfiles.o)
                0x000000000800b314                nxsched_get_files
 .text.nxsched_add_readytorun
                0x000000000800b324       0x4c ../../NuttX/nuttx/sched/libsched.a(sched_addreadytorun.o)
                0x000000000800b324                nxsched_add_readytorun
 .text.nxsched_remove_readytorun
                0x000000000800b370       0x28 ../../NuttX/nuttx/sched/libsched.a(sched_removereadytorun.o)
                0x000000000800b370                nxsched_remove_readytorun
 .text.nxsched_add_prioritized
                0x000000000800b398       0x48 ../../NuttX/nuttx/sched/libsched.a(sched_addprioritized.o)
                0x000000000800b398                nxsched_add_prioritized
 .text.nxsched_merge_pending
                0x000000000800b3e0       0x58 ../../NuttX/nuttx/sched/libsched.a(sched_mergepending.o)
                0x000000000800b3e0                nxsched_merge_pending
 .text.nxsched_add_blocked
                0x000000000800b438       0x28 ../../NuttX/nuttx/sched/libsched.a(sched_addblocked.o)
                0x000000000800b438                nxsched_add_blocked
 .text.nxsched_remove_blocked
                0x000000000800b460       0x1c ../../NuttX/nuttx/sched/libsched.a(sched_removeblocked.o)
                0x000000000800b460                nxsched_remove_blocked
 .text.nxsched_get_streams
                0x000000000800b47c       0x10 ../../NuttX/nuttx/sched/libsched.a(sched_getstreams.o)
                0x000000000800b47c                nxsched_get_streams
 .text.nxsched_set_param
                0x000000000800b48c       0x44 ../../NuttX/nuttx/sched/libsched.a(sched_setparam.o)
                0x000000000800b48c                nxsched_set_param
 .text.sched_setparam
                0x000000000800b4d0       0x1a ../../NuttX/nuttx/sched/libsched.a(sched_setparam.o)
                0x000000000800b4d0                sched_setparam
 *fill*         0x000000000800b4ea        0x2 
 .text.nxsched_set_priority
                0x000000000800b4ec       0x94 ../../NuttX/nuttx/sched/libsched.a(sched_setpriority.o)
                0x000000000800b4ec                nxsched_set_priority
 .text.nxsched_get_param
                0x000000000800b580       0x48 ../../NuttX/nuttx/sched/libsched.a(sched_getparam.o)
                0x000000000800b580                nxsched_get_param
 .text.sched_getparam
                0x000000000800b5c8       0x1a ../../NuttX/nuttx/sched/libsched.a(sched_getparam.o)
                0x000000000800b5c8                sched_getparam
 *fill*         0x000000000800b5e2        0x2 
 .text.nxsched_get_scheduler
                0x000000000800b5e4       0x24 ../../NuttX/nuttx/sched/libsched.a(sched_getscheduler.o)
                0x000000000800b5e4                nxsched_get_scheduler
 .text.sched_getscheduler
                0x000000000800b608       0x1a ../../NuttX/nuttx/sched/libsched.a(sched_getscheduler.o)
                0x000000000800b608                sched_getscheduler
 *fill*         0x000000000800b622        0x2 
 .text.nxsched_self