Archive member included to satisfy reference by file (symbol)

../../NuttX/nuttx/arch/arm/src/libarch.a(arm_vectors.o)
                              (_vectors)
../../NuttX/nuttx/arch/arm/src/libarch.a(arm_exception.o)
                              ../../NuttX/nuttx/arch/arm/src/libarch.a(arm_vectors.o) (exception_common)
../../NuttX/nuttx/arch/arm/src/libarch.a(stm32_start.o)
                              ../../NuttX/nuttx/arch/arm/src/libarch.a(arm_vectors.o) (__start)
../../NuttX/nuttx/arch/arm/src/libarch.a(stm32_rcc.o)
                              ../../NuttX/nuttx/arch/arm/src/libarch.a(stm32_start.o) (stm32_clockconfig)
../../NuttX/nuttx/arch/arm/src/libarch.a(stm32_lowputc.o)
                              ../../NuttX/nuttx/arch/arm/src/libarch.a(stm32_start.o) (stm32_lowsetup)
../../NuttX/nuttx/arch/arm/src/libarch.a(stm32_serial.o)
                              ../../NuttX/nuttx/arch/arm/src/libarch.a(stm32_start.o) (arm_earlyserialinit)
../../NuttX/nuttx/arch/arm/src/libarch.a(arm_doirq.o)
                              ../../NuttX/nuttx/arch/arm/src/libarch.a(arm_exception.o) (arm_doirq)
../../NuttX/nuttx/arch/arm/src/libarch.a(arm_modifyreg32.o)
                              ../../NuttX/nuttx/arch/arm/src/libarch.a(stm32_lowputc.o) (modifyreg32)
../../NuttX/nuttx/arch/arm/src/libarch.a(arm_cache.o)
                              ../../NuttX/nuttx/arch/arm/src/libarch.a(stm32_start.o) (up_enable_icache)
../../NuttX/nuttx/arch/arm/src/libarch.a(stm32_gpio.o)
                              ../../NuttX/nuttx/arch/arm/src/libarch.a(stm32_lowputc.o) (stm32_configgpio)
../../NuttX/nuttx/arch/arm/src/libarch.a(stm32_irq.o)
                              ../../NuttX/nuttx/arch/arm/src/libarch.a(stm32_serial.o) (up_disable_irq)
../../NuttX/nuttx/arch/arm/src/libarch.a(arm_hardfault.o)
                              ../../NuttX/nuttx/arch/arm/src/libarch.a(stm32_irq.o) (arm_hardfault)
../../NuttX/nuttx/arch/arm/src/libarch.a(arm_svcall.o)
                              ../../NuttX/nuttx/arch/arm/src/libarch.a(stm32_irq.o) (arm_svcall)
../../NuttX/nuttx/libs/libc/libc.a(arch_memcpy.o)
                              ../../NuttX/nuttx/arch/arm/src/libarch.a(arm_svcall.o) (memcpy)
../../NuttX/nuttx/libs/libc/libc.a(lib_assert.o)
                              ../../NuttX/nuttx/arch/arm/src/libarch.a(arm_hardfault.o) (_assert)
../../NuttX/nuttx/libs/libc/libc.a(lib_strcpy.o)
                              ../../NuttX/nuttx/arch/arm/src/libarch.a(stm32_serial.o) (strcpy)
../../NuttX/nuttx/libs/libc/libc.a(lib_syslog.o)
                              ../../NuttX/nuttx/arch/arm/src/libarch.a(arm_hardfault.o) (syslog)
../../NuttX/nuttx/libs/libc/libc.a(lib_setlogmask.o)
                              ../../NuttX/nuttx/libs/libc/libc.a(lib_syslog.o) (g_syslog_mask)
../../NuttX/nuttx/drivers/libdrivers.a(serial.o)
                              ../../NuttX/nuttx/arch/arm/src/libarch.a(stm32_serial.o) (uart_register)
../../NuttX/nuttx/drivers/libdrivers.a(serial_io.o)
                              ../../NuttX/nuttx/arch/arm/src/libarch.a(stm32_serial.o) (uart_xmitchars)
../../NuttX/nuttx/drivers/libdrivers.a(vsyslog.o)
                              ../../NuttX/nuttx/libs/libc/libc.a(lib_syslog.o) (nx_vsyslog)
../../NuttX/nuttx/drivers/libdrivers.a(syslog_stream.o)
                              ../../NuttX/nuttx/drivers/libdrivers.a(vsyslog.o) (syslogstream_create)
../../NuttX/nuttx/drivers/libdrivers.a(syslog_emergstream.o)
                              ../../NuttX/nuttx/drivers/libdrivers.a(vsyslog.o) (emergstream)
../../NuttX/nuttx/drivers/libdrivers.a(syslog_putc.o)
                              ../../NuttX/nuttx/drivers/libdrivers.a(syslog_stream.o) (syslog_putc)
../../NuttX/nuttx/drivers/libdrivers.a(syslog_force.o)
                              ../../NuttX/nuttx/drivers/libdrivers.a(syslog_emergstream.o) (syslog_force)
../../NuttX/nuttx/drivers/libdrivers.a(syslog_channel.o)
                              ../../NuttX/nuttx/drivers/libdrivers.a(syslog_putc.o) (g_syslog_channel)
../../NuttX/nuttx/fs/libfs.a(fs_registerdriver.o)
                              ../../NuttX/nuttx/drivers/libdrivers.a(serial.o) (register_driver)
../../NuttX/nuttx/fs/libfs.a(fs_inode.o)
                              ../../NuttX/nuttx/fs/libfs.a(fs_registerdriver.o) (inode_semtake)
../../NuttX/nuttx/fs/libfs.a(fs_inodereserve.o)
                              ../../NuttX/nuttx/fs/libfs.a(fs_inode.o) (inode_root_reserve)
../../NuttX/nuttx/fs/libfs.a(fs_inodesearch.o)
                              ../../NuttX/nuttx/fs/libfs.a(fs_inodereserve.o) (inode_nextname)
../../NuttX/nuttx/mm/libmm.a(umm_free.o)
                              ../../NuttX/nuttx/fs/libfs.a(fs_inodereserve.o) (free)
../../NuttX/nuttx/mm/libmm.a(umm_zalloc.o)
                              ../../NuttX/nuttx/fs/libfs.a(fs_inodereserve.o) (zalloc)
../../NuttX/nuttx/mm/libmm.a(umm_globals.o)
                              ../../NuttX/nuttx/mm/libmm.a(umm_free.o) (g_mmheap)
[...]
Memory Configuration

Name             Origin             Length             Attributes
itcm             0x0000000000000000 0x0000000000010000 xrw
flash            0x0000000008000000 0x0000000000200000 xr
dtcm1            0x0000000020000000 0x0000000000010000 xrw
dtcm2            0x0000000020010000 0x0000000000010000 xrw
sram             0x0000000024000000 0x0000000000080000 xrw
sram1            0x0000000030000000 0x0000000000020000 xrw
sram2            0x0000000030020000 0x0000000000020000 xrw
sram3            0x0000000030040000 0x0000000000008000 xrw
sram4            0x0000000038000000 0x0000000000010000 xrw
bbram            0x0000000038800000 0x0000000000001000 xrw
*default*        0x0000000000000000 0xffffffffffffffff

Linker script and memory map

LOAD CMakeFiles/embedded_project_template.dir/__/common/src/platform_common/empty.c.obj

.text           0x0000000008000000    0x11580
                0x0000000008000000                _stext = ABSOLUTE (.)
 *(.vectors)
 .vectors       0x0000000008000000      0x298 ../../NuttX/nuttx/arch/arm/src/libarch.a(arm_vectors.o)
                0x0000000008000000                _vectors
 *(.text .text.*)
 .text          0x0000000008000298       0x7a ../../NuttX/nuttx/arch/arm/src/libarch.a(arm_exception.o)
                0x0000000008000298                exception_common
 *fill*         0x0000000008000312        0x2 
 .text.__start  0x0000000008000314       0xa8 ../../NuttX/nuttx/arch/arm/src/libarch.a(stm32_start.o)
                0x0000000008000314                __start
 .text.stm32_clockconfig
                0x00000000080003bc      0x20c ../../NuttX/nuttx/arch/arm/src/libarch.a(stm32_rcc.o)
                0x00000000080003bc                stm32_clockconfig
 .text.arm_lowputc
                0x00000000080005c8       0x18 ../../NuttX/nuttx/arch/arm/src/libarch.a(stm32_lowputc.o)
                0x00000000080005c8                arm_lowputc
 .text.stm32_lowsetup
                0x00000000080005e0       0x80 ../../NuttX/nuttx/arch/arm/src/libarch.a(stm32_lowputc.o)
                0x00000000080005e0                stm32_lowsetup
 .text.up_setusartint
                0x0000000008000660       0x26 ../../NuttX/nuttx/arch/arm/src/libarch.a(stm32_serial.o)
 .text.up_restoreusartint
                0x0000000008000686       0x24 ../../NuttX/nuttx/arch/arm/src/libarch.a(stm32_serial.o)
 .text.up_disableusartint
                0x00000000080006aa       0x3a ../../NuttX/nuttx/arch/arm/src/libarch.a(stm32_serial.o)
 .text.up_ioctl
                0x00000000080006e4        0x6 ../../NuttX/nuttx/arch/arm/src/libarch.a(stm32_serial.o)
 .text.up_receive
                0x00000000080006ea       0x16 ../../NuttX/nuttx/arch/arm/src/libarch.a(stm32_serial.o)
 .text.up_rxint
                0x0000000008000700       0x38 ../../NuttX/nuttx/arch/arm/src/libarch.a(stm32_serial.o)
 .text.up_rxavailable
                0x0000000008000738        0xc ../../NuttX/nuttx/arch/arm/src/libarch.a(stm32_serial.o)
 .text.up_send  0x0000000008000744        0x8 ../../NuttX/nuttx/arch/arm/src/libarch.a(stm32_serial.o)
 .text.up_txready
                0x000000000800074c        0xc ../../NuttX/nuttx/arch/arm/src/libarch.a(stm32_serial.o)
 .text.up_txint
                0x0000000008000758       0x46 ../../NuttX/nuttx/arch/arm/src/libarch.a(stm32_serial.o)
 .text.up_detach
                0x000000000800079e       0x1c ../../NuttX/nuttx/arch/arm/src/libarch.a(stm32_serial.o)
 *fill*         0x00000000080007ba        0x2 
 .text.up_attach
                0x00000000080007bc       0x24 ../../NuttX/nuttx/arch/arm/src/libarch.a(stm32_serial.o)
 .text.up_interrupt
                0x00000000080007e0       0x50 ../../NuttX/nuttx/arch/arm/src/libarch.a(stm32_serial.o)
 .text.up_setup
                0x0000000008000830      0x158 ../../NuttX/nuttx/arch/arm/src/libarch.a(stm32_serial.o)
 .text.up_shutdown
                0x0000000008000988       0x4c ../../NuttX/nuttx/arch/arm/src/libarch.a(stm32_serial.o)
 .text.arm_earlyserialinit
                0x00000000080009d4       0x2c ../../NuttX/nuttx/arch/arm/src/libarch.a(stm32_serial.o)
                0x00000000080009d4                arm_earlyserialinit
 .text.arm_serialinit
                0x0000000008000a00       0x58 ../../NuttX/nuttx/arch/arm/src/libarch.a(stm32_serial.o)
                0x0000000008000a00                arm_serialinit
 .text.up_putc  0x0000000008000a58       0x34 ../../NuttX/nuttx/arch/arm/src/libarch.a(stm32_serial.o)
                0x0000000008000a58                up_putc
 .text.arm_doirq
                0x0000000008000a8c       0x34 ../../NuttX/nuttx/arch/arm/src/libarch.a(arm_doirq.o)
                0x0000000008000a8c                arm_doirq
 .text.modifyreg32
                0x0000000008000ac0       0x2a ../../NuttX/nuttx/arch/arm/src/libarch.a(arm_modifyreg32.o)
                0x0000000008000ac0                modifyreg32
 *fill*         0x0000000008000aea        0x2 
 .text.up_enable_icache
                0x0000000008000aec       0x2c ../../NuttX/nuttx/arch/arm/src/libarch.a(arm_cache.o)
                0x0000000008000aec                up_enable_icache
 .text.up_enable_dcache
                0x0000000008000b18       0x78 ../../NuttX/nuttx/arch/arm/src/libarch.a(arm_cache.o)
                0x0000000008000b18                up_enable_dcache
 .text.stm32_gpiowrite
                0x0000000008000b90       0x28 ../../NuttX/nuttx/arch/arm/src/libarch.a(stm32_gpio.o)
                0x0000000008000b90                stm32_gpiowrite
 .text.stm32_configgpio
                0x0000000008000bb8      0x1a4 ../../NuttX/nuttx/arch/arm/src/libarch.a(stm32_gpio.o)
                0x0000000008000bb8                stm32_configgpio
 .text.stm32_unconfiggpio
                0x0000000008000d5c        0x6 ../../NuttX/nuttx/arch/arm/src/libarch.a(stm32_gpio.o)
                0x0000000008000d5c                stm32_unconfiggpio
 *fill*         0x0000000008000d62        0x2 
 .text.stm32_irqinfo
                0x0000000008000d64       0xb4 ../../NuttX/nuttx/arch/arm/src/libarch.a(stm32_irq.o)
 .text.up_irqinitialize
                0x0000000008000e18       0x94 ../../NuttX/nuttx/arch/arm/src/libarch.a(stm32_irq.o)
                0x0000000008000e18                up_irqinitialize
 .text.up_disable_irq
                0x0000000008000eac       0x28 ../../NuttX/nuttx/arch/arm/src/libarch.a(stm32_irq.o)
                0x0000000008000eac                up_disable_irq
 .text.up_enable_irq
                0x0000000008000ed4       0x26 ../../NuttX/nuttx/arch/arm/src/libarch.a(stm32_irq.o)
                0x0000000008000ed4                up_enable_irq
 .text.arm_ack_irq
                0x0000000008000efa        0x2 ../../NuttX/nuttx/arch/arm/src/libarch.a(stm32_irq.o)
                0x0000000008000efa                arm_ack_irq
 .text.arm_hardfault
                0x0000000008000efc       0x40 ../../NuttX/nuttx/arch/arm/src/libarch.a(arm_hardfault.o)
                0x0000000008000efc                arm_hardfault
 .text.arm_svcall
                0x0000000008000f3c       0x38 ../../NuttX/nuttx/arch/arm/src/libarch.a(arm_svcall.o)
                0x0000000008000f3c                arm_svcall
 *fill*         0x0000000008000f74        0xc 
 .text          0x0000000008000f80      0x230 ../../NuttX/nuttx/libs/libc/libc.a(arch_memcpy.o)
                0x0000000008000fa0                memcpy
 .text._assert  0x00000000080011b0        0xc ../../NuttX/nuttx/libs/libc/libc.a(lib_assert.o)
                0x00000000080011b0                _assert
 .text.strcpy   0x00000000080011bc       0x10 ../../NuttX/nuttx/libs/libc/libc.a(lib_strcpy.o)
                0x00000000080011bc                strcpy
 .text.vsyslog  0x00000000080011cc       0x24 ../../NuttX/nuttx/libs/libc/libc.a(lib_syslog.o)
                0x00000000080011cc                vsyslog
 .text.syslog   0x00000000080011f0       0x1a ../../NuttX/nuttx/libs/libc/libc.a(lib_syslog.o)
                0x00000000080011f0                syslog
 .text.uart_putc
                0x000000000800120a       0x20 ../../NuttX/nuttx/drivers/libdrivers.a(serial.o)
 .text.uart_ioctl
                0x000000000800122a       0xec ../../NuttX/nuttx/drivers/libdrivers.a(serial.o)
 .text.uart_putxmitchar
                0x0000000008001316       0x9c ../../NuttX/nuttx/drivers/libdrivers.a(serial.o)
 .text.uart_read
                0x00000000080013b2      0x102 ../../NuttX/nuttx/drivers/libdrivers.a(serial.o)
 .text.uart_open
                0x00000000080014b4       0x88 ../../NuttX/nuttx/drivers/libdrivers.a(serial.o)
 .text.uart_pollnotify
                0x000000000800153c       0x5c ../../NuttX/nuttx/drivers/libdrivers.a(serial.o)
 .text.uart_poll
                0x0000000008001598       0xd0 ../../NuttX/nuttx/drivers/libdrivers.a(serial.o)
 .text.uart_write
                0x0000000008001668       0xee ../../NuttX/nuttx/drivers/libdrivers.a(serial.o)
 *fill*         0x0000000008001756        0x2 
 .text.uart_register
                0x0000000008001758       0x78 ../../NuttX/nuttx/drivers/libdrivers.a(serial.o)
                0x0000000008001758                uart_register
 .text.uart_datareceived
                0x00000000080017d0       0x20 ../../NuttX/nuttx/drivers/libdrivers.a(serial.o)
                0x00000000080017d0                uart_datareceived
 .text.uart_datasent
                0x00000000080017f0       0x1e ../../NuttX/nuttx/drivers/libdrivers.a(serial.o)
                0x00000000080017f0                uart_datasent
 .text.uart_reset_sem
                0x000000000800180e       0x38 ../../NuttX/nuttx/drivers/libdrivers.a(serial.o)
                0x000000000800180e                uart_reset_sem
 *fill*         0x0000000008001846        0x2 
 .text.uart_close
                0x0000000008001848      0x110 ../../NuttX/nuttx/drivers/libdrivers.a(serial.o)
 .text.uart_xmitchars
                0x0000000008001958       0x6c ../../NuttX/nuttx/drivers/libdrivers.a(serial_io.o)
                0x0000000008001958                uart_xmitchars
 .text.uart_recvchars
                0x00000000080019c4       0x66 ../../NuttX/nuttx/drivers/libdrivers.a(serial_io.o)
                0x00000000080019c4                uart_recvchars
 .text.nx_vsyslog
                0x0000000008001a2a       0x26 ../../NuttX/nuttx/drivers/libdrivers.a(vsyslog.o)
                0x0000000008001a2a                nx_vsyslog
 .text.syslogstream_putc
                0x0000000008001a50       0x22 ../../NuttX/nuttx/drivers/libdrivers.a(syslog_stream.o)
 *fill*         0x0000000008001a72        0x2 
 .text.syslogstream_create
                0x0000000008001a74       0x18 ../../NuttX/nuttx/drivers/libdrivers.a(syslog_stream.o)
                0x0000000008001a74                syslogstream_create
 .text.emergstream_putc
                0x0000000008001a8c       0x1e ../../NuttX/nuttx/drivers/libdrivers.a(syslog_emergstream.o)
 *fill*         0x0000000008001aaa        0x2 
 .text.emergstream
                0x0000000008001aac       0x18 ../../NuttX/nuttx/drivers/libdrivers.a(syslog_emergstream.o)
                0x0000000008001aac                emergstream
 .text.syslog_putc
                0x0000000008001ac4       0x2c ../../NuttX/nuttx/drivers/libdrivers.a(syslog_putc.o)
                0x0000000008001ac4                syslog_putc
 .text.syslog_force
                0x0000000008001af0        0xc ../../NuttX/nuttx/drivers/libdrivers.a(syslog_force.o)
                0x0000000008001af0                syslog_force
 .text.register_driver
                0x0000000008001afc       0x36 ../../NuttX/nuttx/fs/libfs.a(fs_registerdriver.o)
                0x0000000008001afc                register_driver
 *fill*         0x0000000008001b32        0x2 
 .text.inode_initialize
                0x0000000008001b34       0x30 ../../NuttX/nuttx/fs/libfs.a(fs_inode.o)
                0x0000000008001b34                inode_initialize
 .text.inode_semtake
                0x0000000008001b64       0x34 ../../NuttX/nuttx/fs/libfs.a(fs_inode.o)
                0x0000000008001b64                inode_semtake
 .text.inode_semgive
                0x0000000008001b98       0x24 ../../NuttX/nuttx/fs/libfs.a(fs_inode.o)
                0x0000000008001b98                inode_semgive
 .text.inode_alloc
                0x0000000008001bbc       0x3c ../../NuttX/nuttx/fs/libfs.a(fs_inodereserve.o)
 .text.inode_root_reserve
                0x0000000008001bf8       0x18 ../../NuttX/nuttx/fs/libfs.a(fs_inodereserve.o)
                0x0000000008001bf8                inode_root_reserve
 .text.inode_reserve
                0x0000000008001c10       0x9c ../../NuttX/nuttx/fs/libfs.a(fs_inodereserve.o)
                0x0000000008001c10                inode_reserve
 .text.inode_nextname
                0x0000000008001cac       0x20 ../../NuttX/nuttx/fs/libfs.a(fs_inodesearch.o)
                0x0000000008001cac                inode_nextname
 .text.inode_search
                0x0000000008001ccc       0xcc ../../NuttX/nuttx/fs/libfs.a(fs_inodesearch.o)
                0x0000000008001ccc                inode_search
 .text.free     0x0000000008001d98        0xc ../../NuttX/nuttx/mm/libmm.a(umm_free.o)
                0x0000000008001d98                free
 .text.zalloc   0x0000000008001da4        0xc ../../NuttX/nuttx/mm/libmm.a(umm_zalloc.o)
                0x0000000008001da4                zalloc
 .text.mm_add_delaylist
                0x0000000008001db0       0x2a ../../NuttX/nuttx/mm/libmm.a(mm_free.o)
 .text.mm_free  0x0000000008001dda       0xbe ../../NuttX/nuttx/mm/libmm.a(mm_free.o)
                0x0000000008001dda                mm_free
 .text.mm_zalloc
                0x0000000008001e98       0x18 ../../NuttX/nuttx/mm/libmm.a(mm_zalloc.o)
                0x0000000008001e98                mm_zalloc
 .text.mm_seminitialize
                0x0000000008001eb0       0x18 ../../NuttX/nuttx/mm/libmm.a(mm_sem.o)
                0x0000000008001eb0                mm_seminitialize
 .text.mm_trysemaphore
                0x0000000008001ec8       0x32 ../../NuttX/nuttx/mm/libmm.a(mm_sem.o)
                0x0000000008001ec8                mm_trysemaphore
 .text.mm_takesemaphore
                0x0000000008001efa       0x2a ../../NuttX/nuttx/mm/libmm.a(mm_sem.o)
                0x0000000008001efa                mm_takesemaphore
 .text.mm_givesemaphore
                0x0000000008001f24       0x1a ../../NuttX/nuttx/mm/libmm.a(mm_sem.o)
                0x0000000008001f24                mm_givesemaphore
 .text.mm_addfreechunk
                0x0000000008001f3e       0x36 ../../NuttX/nuttx/mm/libmm.a(mm_addfreechunk.o)
                0x0000000008001f3e                mm_addfreechunk
 .text.mm_size2ndx
                0x0000000008001f74       0x1a ../../NuttX/nuttx/mm/libmm.a(mm_size2ndx.o)
                0x0000000008001f74                mm_size2ndx
 .text.mm_malloc
                0x0000000008001f8e       0xb4 ../../NuttX/nuttx/mm/libmm.a(mm_malloc.o)
                0x0000000008001f8e                mm_malloc
 .text.clock_initialize
                0x0000000008002042        0x4 ../../NuttX/nuttx/sched/libsched.a(clock_initialize.o)
                0x0000000008002042                clock_initialize
 *fill*         0x0000000008002046        0x2 
 .text.clock_timer
                0x0000000008002048       0x10 ../../NuttX/nuttx/sched/libsched.a(clock_initialize.o)
                0x0000000008002048                clock_timer
 .text.getenv   0x0000000008002058       0x48 ../../NuttX/nuttx/sched/libsched.a(env_getenv.o)
                0x0000000008002058                getenv
 .text.nx_start
                0x00000000080020a0      0x180 ../../NuttX/nuttx/sched/libsched.a(nx_start.o)
                0x00000000080020a0                nx_start
 .text.nx_bringup
                0x0000000008002220       0x34 ../../NuttX/nuttx/sched/libsched.a(nx_bringup.o)
                0x0000000008002220                nx_bringup
 .text.irq_attach
                0x0000000008002254       0x50 ../../NuttX/nuttx/sched/libsched.a(irq_attach.o)
                0x0000000008002254                irq_attach
 .text.irq_dispatch
                0x00000000080022a4       0x3c ../../NuttX/nuttx/sched/libsched.a(irq_dispatch.o)
                0x00000000080022a4                irq_dispatch
 .text.irq_unexpected_isr
                0x00000000080022e0       0x24 ../../NuttX/nuttx/sched/libsched.a(irq_unexpectedisr.o)
                0x00000000080022e0                irq_unexpected_isr
 .text.sched_lock
                0x0000000008002304       0x1c ../../NuttX/nuttx/sched/libsched.a(sched_lock.o)
                0x0000000008002304                sched_lock
 .text.sched_unlock
                0x0000000008002320       0x74 ../../NuttX/nuttx/sched/libsched.a(sched_unlock.o)
                0x0000000008002320                sched_unlock
 .text.sched_idletask
                0x0000000008002394       0x18 ../../NuttX/nuttx/sched/libsched.a(sched_idletask.o)
                0x0000000008002394                sched_idletask
 .text.nxsem_wait
                0x00000000080023ac       0x60 ../../NuttX/nuttx/sched/libsched.a(sem_wait.o)
                0x00000000080023ac                nxsem_wait
 .text.nxsem_wait_uninterruptible
                0x000000000800240c       0x10 ../../NuttX/nuttx/sched/libsched.a(sem_wait.o)
                0x000000000800240c                nxsem_wait_uninterruptible
 .text.sem_wait
                0x000000000800241c       0x1c ../../NuttX/nuttx/sched/libsched.a(sem_wait.o)
                0x000000000800241c                sem_wait
 .text.nxsem_trywait
                0x0000000008002438       0x4c ../../NuttX/nuttx/sched/libsched.a(sem_trywait.o)
                0x0000000008002438                nxsem_trywait
 .text.sem_trywait
                0x0000000008002484       0x1a ../../NuttX/nuttx/sched/libsched.a(sem_trywait.o)
                0x0000000008002484                sem_trywait
 *fill*         0x000000000800249e        0x2 
 .text.nxsem_post
                0x00000000080024a0       0x70 ../../NuttX/nuttx/sched/libsched.a(sem_post.o)
                0x00000000080024a0                nxsem_post
 .text.sem_post
                0x0000000008002510       0x1a ../../NuttX/nuttx/sched/libsched.a(sem_post.o)
                0x0000000008002510                sem_post
 .text.nxsem_reset
                0x000000000800252a       0x4e ../../NuttX/nuttx/sched/libsched.a(sem_reset.o)
                0x000000000800252a                nxsem_reset
 .text.nxsig_usleep
                0x0000000008002578       0x2c ../../NuttX/nuttx/sched/libsched.a(sig_usleep.o)
                0x0000000008002578                nxsig_usleep
 .text.nxthread_create
                0x00000000080025a4       0x54 ../../NuttX/nuttx/sched/libsched.a(task_create.o)
 .text.nxtask_create
                0x00000000080025f8       0x16 ../../NuttX/nuttx/sched/libsched.a(task_create.o)
                0x00000000080025f8                nxtask_create
 .text.task_create
                0x000000000800260e       0x20 ../../NuttX/nuttx/sched/libsched.a(task_create.o)
                0x000000000800260e                task_create
 *fill*         0x000000000800262e        0x2 
 .text.nxtask_init
                0x0000000008002630       0xa0 ../../NuttX/nuttx/sched/libsched.a(task_init.o)
                0x0000000008002630                nxtask_init
 .text.nxtask_assign_pid
                0x00000000080026d0       0x54 ../../NuttX/nuttx/sched/libsched.a(task_setup.o)
 .text.nxtask_setup_scheduler
                0x0000000008002724       0x64 ../../NuttX/nuttx/sched/libsched.a(task_setup.o)
                0x0000000008002724                nxtask_setup_scheduler
 .text.pthread_setup_scheduler
                0x0000000008002788       0x60 ../../NuttX/nuttx/sched/libsched.a(task_setup.o)
                0x0000000008002788                pthread_setup_scheduler
 .text.nxtask_setup_arguments
                0x00000000080027e8       0xb0 ../../NuttX/nuttx/sched/libsched.a(task_setup.o)
                0x00000000080027e8                nxtask_setup_arguments
 .text.nxtask_activate
                0x0000000008002898       0x24 ../../NuttX/nuttx/sched/libsched.a(task_activate.o)
                0x0000000008002898                nxtask_activate
 .text.nxtask_start
                0x00000000080028bc       0x44 ../../NuttX/nuttx/sched/libsched.a(task_start.o)
                0x00000000080028bc                nxtask_start
 .text.getpid   0x0000000008002900       0x1c ../../NuttX/nuttx/sched/libsched.a(task_getpid.o)
                0x0000000008002900                getpid
 .text._exit    0x000000000800291c        0x6 ../../NuttX/nuttx/sched/libsched.a(exit.o)
                0x000000000800291c                _exit
 *fill*         0x0000000008002922        0x2 
 .text.exit     0x0000000008002924       0x24 ../../NuttX/nuttx/sched/libsched.a(exit.o)
                0x0000000008002924                exit
 .text.env_findvar
                0x0000000008002948       0x38 ../../NuttX/nuttx/sched/libsched.a(env_findvar.o)
                0x0000000008002948                env_findvar
 .text.setenv   0x0000000008002980       0xc4 ../../NuttX/nuttx/sched/libsched.a(env_setenv.o)
                0x0000000008002980                setenv
 .text.unsetenv
                0x0000000008002a44       0x64 ../../NuttX/nuttx/sched/libsched.a(env_unsetenv.o)
                0x0000000008002a44                unsetenv
 .text.group_allocate
                0x0000000008002aa8       0x52 ../../NuttX/nuttx/sched/libsched.a(group_create.o)
                0x0000000008002aa8                group_allocate
 .text.group_initialize
                0x0000000008002afa        0xa ../../NuttX/nuttx/sched/libsched.a(group_create.o)
                0x0000000008002afa                group_initialize
 .text.group_leave
                0x0000000008002b04       0x54 ../../NuttX/nuttx/sched/libsched.a(group_leave.o)
                0x0000000008002b04                group_leave
 .text.group_setupidlefiles
                0x0000000008002b58       0x40 ../../NuttX/nuttx/sched/libsched.a(group_setupidlefiles.o)
                0x0000000008002b58                group_setupidlefiles
 .text.group_setuptaskfiles
                0x0000000008002b98       0x44 ../../NuttX/nuttx/sched/libsched.a(group_setuptaskfiles.o)
                0x0000000008002b98                group_setuptaskfiles
 .text.irq_initialize
                0x0000000008002bdc       0x28 ../../NuttX/nuttx/sched/libsched.a(irq_initialize.o)
                0x0000000008002bdc                irq_initialize
 .text.nxmq_release
                0x0000000008002c04       0x14 ../../NuttX/nuttx/sched/libsched.a(mq_release.o)
                0x0000000008002c04                nxmq_release
 .text.pthread_release
                0x0000000008002c18       0x30 ../../NuttX/nuttx/sched/libsched.a(pthread_release.o)
                0x0000000008002c18                pthread_release
 .text.pthread_mutex_inconsistent
                0x0000000008002c48       0x4c ../../NuttX/nuttx/sched/libsched.a(pthread_mutexinconsistent.o)
                0x0000000008002c48                pthread_mutex_inconsistent
 .text.nxsched_release_tcb
                0x0000000008002c94       0x54 ../../NuttX/nuttx/sched/libsched.a(sched_releasetcb.o)
                0x0000000008002c94                nxsched_release_tcb
 .text.nxsem_destroy
                0x0000000008002ce8       0x16 ../../NuttX/nuttx/sched/libsched.a(sem_destroy.o)
                0x0000000008002ce8                nxsem_destroy
 .text.sem_destroy
                0x0000000008002cfe       0x1a ../../NuttX/nuttx/sched/libsched.a(sem_destroy.o)
                0x0000000008002cfe                sem_destroy
 .text.nxsig_procmask
                0x0000000008002d18       0x70 ../../NuttX/nuttx/sched/libsched.a(sig_procmask.o)
                0x0000000008002d18                nxsig_procmask
 .text.nxsig_unmask_pendingsignal
                0x0000000008002d88       0x64 ../../NuttX/nuttx/sched/libsched.a(sig_unmaskpendingsignal.o)
                0x0000000008002d88                nxsig_unmask_pendingsignal
 .text.nxsig_remove_pendingsignal
                0x0000000008002dec       0x48 ../../NuttX/nuttx/sched/libsched.a(sig_removependingsignal.o)
                0x0000000008002dec                nxsig_remove_pendingsignal
 .text.nxsig_release_pendingsignal
                0x0000000008002e34       0x5c ../../NuttX/nuttx/sched/libsched.a(sig_releasependingsignal.o)
                0x0000000008002e34                nxsig_release_pendingsignal
 .text.nxsig_lowest
                0x0000000008002e90       0x1e ../../NuttX/nuttx/sched/libsched.a(sig_lowest.o)
                0x0000000008002e90                nxsig_lowest
 .text.nxsig_cleanup
                0x0000000008002eae       0x32 ../../NuttX/nuttx/sched/libsched.a(sig_cleanup.o)
                0x0000000008002eae                nxsig_cleanup
 .text.nxsig_release
                0x0000000008002ee0       0x28 ../../NuttX/nuttx/sched/libsched.a(sig_cleanup.o)
                0x0000000008002ee0                nxsig_release
 .text.nxsig_tcbdispatch
                0x0000000008002f08      0x1ec ../../NuttX/nuttx/sched/libsched.a(sig_dispatch.o)
                0x0000000008002f08                nxsig_tcbdispatch
 .text.nxsig_dispatch
                0x00000000080030f4       0x1a ../../NuttX/nuttx/sched/libsched.a(sig_dispatch.o)
                0x00000000080030f4                nxsig_dispatch
 .text.nxsig_deliver
                0x000000000800310e       0xc8 ../../NuttX/nuttx/sched/libsched.a(sig_deliver.o)
                0x000000000800310e                nxsig_deliver
 *fill*         0x00000000080031d6        0x2 
 .text.nxsig_nanosleep
                0x00000000080031d8       0x90 ../../NuttX/nuttx/sched/libsched.a(sig_nanosleep.o)
                0x00000000080031d8                nxsig_nanosleep
 .text.clock_nanosleep
                0x0000000008003268       0x6c ../../NuttX/nuttx/sched/libsched.a(sig_nanosleep.o)
                0x0000000008003268                clock_nanosleep
 .text.nxtask_exithook
                0x00000000080032d4       0x6c ../../NuttX/nuttx/sched/libsched.a(task_exithook.o)
                0x00000000080032d4                nxtask_exithook
 .text.nxtask_recover
                0x0000000008003340       0x18 ../../NuttX/nuttx/sched/libsched.a(task_recover.o)
                0x0000000008003340                nxtask_recover
 .text.wd_recover
                0x0000000008003358        0x6 ../../NuttX/nuttx/sched/libsched.a(wd_recover.o)
                0x0000000008003358                wd_recover
 *fill*         0x000000000800335e        0x2 
 .text.clock_gettime
                0x0000000008003360       0x9c ../../NuttX/nuttx/sched/libsched.a(clock_gettime.o)
                0x0000000008003360                clock_gettime
 *fill*         0x00000000080033fc        0x4 
 .text.clock_time2ticks
                0x0000000008003400       0x40 ../../NuttX/nuttx/sched/libsched.a(clock_time2ticks.o)
                0x0000000008003400                clock_time2ticks
 .text.clock_ticks2time
                0x0000000008003440       0x1c ../../NuttX/nuttx/sched/libsched.a(clock_ticks2time.o)
                0x0000000008003440                clock_ticks2time
 .text.clock_systime_timespec
                0x000000000800345c       0x40 ../../NuttX/nuttx/sched/libsched.a(clock_systime_timespec.o)
                0x000000000800345c                clock_systime_timespec
 .text.clock_timespec_subtract
                0x000000000800349c       0x3c ../../NuttX/nuttx/sched/libsched.a(clock_timespec_subtract.o)
                0x000000000800349c                clock_timespec_subtract
 .text.env_dup  0x00000000080034d8       0x50 ../../NuttX/nuttx/sched/libsched.a(env_dup.o)
                0x00000000080034d8                env_dup
 .text.env_release
                0x0000000008003528       0x14 ../../NuttX/nuttx/sched/libsched.a(env_release.o)
                0x0000000008003528                env_release
 .text.env_removevar
                0x000000000800353c       0x46 ../../NuttX/nuttx/sched/libsched.a(env_removevar.o)
                0x000000000800353c                env_removevar
 .text.group_setupstreams
                0x0000000008003582       0x32 ../../NuttX/nuttx/sched/libsched.a(group_setupstreams.o)
                0x0000000008003582                group_setupstreams
 .text.nxmq_recover
                0x00000000080035b4       0x20 ../../NuttX/nuttx/sched/libsched.a(mq_recover.o)
                0x00000000080035b4                nxmq_recover
 .text.nxmq_wait_irq
                0x00000000080035d4       0x4c ../../NuttX/nuttx/sched/libsched.a(mq_waitirq.o)
                0x00000000080035d4                nxmq_wait_irq
 .text.pthread_initialize
                0x0000000008003620        0x2 ../../NuttX/nuttx/sched/libsched.a(pthread_initialize.o)
                0x0000000008003620                pthread_initialize
 .text.pthread_sem_take
                0x0000000008003622       0x22 ../../NuttX/nuttx/sched/libsched.a(pthread_initialize.o)
                0x0000000008003622                pthread_sem_take
 .text.pthread_sem_give
                0x0000000008003644       0x18 ../../NuttX/nuttx/sched/libsched.a(pthread_initialize.o)
                0x0000000008003644                pthread_sem_give
 .text.nxsched_get_tcb
                0x000000000800365c       0x44 ../../NuttX/nuttx/sched/libsched.a(sched_gettcb.o)
                0x000000000800365c                nxsched_get_tcb
 .text.nxsem_timedwait
                0x00000000080036a0        0x8 ../../NuttX/nuttx/sched/libsched.a(sem_timedwait.o)
                0x00000000080036a0                nxsem_timedwait
 .text.nxsem_timedwait_uninterruptible
                0x00000000080036a8        0x8 ../../NuttX/nuttx/sched/libsched.a(sem_timedwait.o)
                0x00000000080036a8                nxsem_timedwait_uninterruptible
 .text.nxsem_clockwait
                0x00000000080036b0       0x90 ../../NuttX/nuttx/sched/libsched.a(sem_clockwait.o)
                0x00000000080036b0                nxsem_clockwait
 .text.nxsem_clockwait_uninterruptible
                0x0000000008003740       0x18 ../../NuttX/nuttx/sched/libsched.a(sem_clockwait.o)
                0x0000000008003740                nxsem_clockwait_uninterruptible
 .text.nxsem_timeout
                0x0000000008003758       0x34 ../../NuttX/nuttx/sched/libsched.a(sem_timeout.o)
                0x0000000008003758                nxsem_timeout
 .text.nxsem_recover
                0x000000000800378c       0x32 ../../NuttX/nuttx/sched/libsched.a(sem_recover.o)
                0x000000000800378c                nxsem_recover
 .text.nxsem_wait_irq
                0x00000000080037be       0x3a ../../NuttX/nuttx/sched/libsched.a(sem_waitirq.o)
                0x00000000080037be                nxsem_wait_irq
 .text.nxsig_initialize
                0x00000000080037f8       0xc4 ../../NuttX/nuttx/sched/libsched.a(sig_initialize.o)
                0x00000000080037f8                nxsig_initialize
 .text.nxsig_release_action
                0x00000000080038bc        0xc ../../NuttX/nuttx/sched/libsched.a(sig_action.o)
                0x00000000080038bc                nxsig_release_action
 .text.nxsig_pendingset
                0x00000000080038c8       0x3c ../../NuttX/nuttx/sched/libsched.a(sig_pending.o)
                0x00000000080038c8                nxsig_pendingset
 .text.nxsig_timeout
                0x0000000008003904       0x22 ../../NuttX/nuttx/sched/libsched.a(sig_timedwait.o)
 *fill*         0x0000000008003926        0x2 
 .text.nxsig_timedwait
                0x0000000008003928      0x108 ../../NuttX/nuttx/sched/libsched.a(sig_timedwait.o)
                0x0000000008003928                nxsig_timedwait
 .text.nxsig_find_action
                0x0000000008003a30       0x22 ../../NuttX/nuttx/sched/libsched.a(sig_findaction.o)
                0x0000000008003a30                nxsig_find_action
 *fill*         0x0000000008003a52        0x2 
 .text.nxsig_alloc_pendingsigaction
                0x0000000008003a54       0x54 ../../NuttX/nuttx/sched/libsched.a(sig_allocpendingsigaction.o)
                0x0000000008003a54                nxsig_alloc_pendingsigaction
 .text.nxsig_release_pendingsigaction
                0x0000000008003aa8       0x5c ../../NuttX/nuttx/sched/libsched.a(sig_releasependingsigaction.o)
                0x0000000008003aa8                nxsig_release_pendingsigaction
 .text.wd_start
                0x0000000008003b04       0xc0 ../../NuttX/nuttx/sched/libsched.a(wd_start.o)
                0x0000000008003b04                wd_start
 .text.wd_timer
                0x0000000008003bc4       0x48 ../../NuttX/nuttx/sched/libsched.a(wd_start.o)
                0x0000000008003bc4                wd_timer
 .text.wd_cancel
                0x0000000008003c0c       0x74 ../../NuttX/nuttx/sched/libsched.a(wd_cancel.o)
                0x0000000008003c0c                wd_cancel
 .text.clock_timespec_compare
                0x0000000008003c80       0x1c ../../NuttX/nuttx/sched/libsched.a(clock_abstime2ticks.o)
                0x0000000008003c80                clock_timespec_compare
 .text.clock_abstime2ticks
                0x0000000008003c9c       0x5c ../../NuttX/nuttx/sched/libsched.a(clock_abstime2ticks.o)
                0x0000000008003c9c                clock_abstime2ticks
 .text.wd_initialize
                0x0000000008003cf8       0x10 ../../NuttX/nuttx/sched/libsched.a(wd_initialize.o)
                0x0000000008003cf8                wd_initialize
 .text.nsh_main
                0x0000000008003d08       0x48 ../../NuttX/apps/libapps.a(nsh_main.home.andressanchez.Escritorio.GIT.project_template.build.NuttX.apps.system.nsh.o)
                0x0000000008003d08                nsh_main
 .text.nsh_initialize
                0x0000000008003d50        0x4 ../../NuttX/apps/libapps.a(nsh_init.home.andressanchez.Escritorio.GIT.project_template.build.NuttX.apps.nshlib.o)
                0x0000000008003d50                nsh_initialize
 .text.nsh_romfsetc
                0x0000000008003d54       0x5c ../../NuttX/apps/libapps.a(nsh_romfsetc.home.andressanchez.Escritorio.GIT.project_template.build.NuttX.apps.nshlib.o)
                0x0000000008003d54                nsh_romfsetc
 .text.nsh_consolemain
                0x0000000008003db0       0x24 ../../NuttX/apps/libapps.a(nsh_consolemain.home.andressanchez.Escritorio.GIT.project_template.build.NuttX.apps.nshlib.o)
                0x0000000008003db0                nsh_consolemain
 .text.nsh_consolelinebuffer
                0x0000000008003dd4        0x6 ../../NuttX/apps/libapps.a(nsh_console.home.andressanchez.Escritorio.GIT.project_template.build.NuttX.apps.nshlib.o)
 .text.nsh_consoleredirect
                0x0000000008003dda       0x44 ../../NuttX/apps/libapps.a(nsh_console.home.andressanchez.Escritorio.GIT.project_template.build.NuttX.apps.nshlib.o)
 .text.nsh_closeifnotclosed
                0x0000000008003e1e       0x60 ../../NuttX/apps/libapps.a(nsh_console.home.andressanchez.Escritorio.GIT.project_template.build.NuttX.apps.nshlib.o)
 .text.nsh_consoleundirect
                0x0000000008003e7e       0x24 ../../NuttX/apps/libapps.a(nsh_console.home.andressanchez.Escritorio.GIT.project_template.build.NuttX.apps.nshlib.o)
 .text.nsh_consolerelease
                0x0000000008003ea2       0x12 ../../NuttX/apps/libapps.a(nsh_console.home.andressanchez.Escritorio.GIT.project_template.build.NuttX.apps.nshlib.o)
 .text.nsh_consoleexit
                0x0000000008003eb4        0xe ../../NuttX/apps/libapps.a(nsh_console.home.andressanchez.Escritorio.GIT.project_template.build.NuttX.apps.nshlib.o)
 *fill*         0x0000000008003ec2        0x2 
 .text.nsh_openifnotopen.part.1
                0x0000000008003ec4       0x30 ../../NuttX/apps/libapps.a(nsh_console.home.andressanchez.Escritorio.GIT.project_template.build.NuttX.apps.nshlib.o)
 .text.nsh_consolewrite
                0x0000000008003ef4       0x38 ../../NuttX/apps/libapps.a(nsh_console.home.andressanchez.Escritorio.GIT.project_template.build.NuttX.apps.nshlib.o)
 .text.nsh_erroroutput
                0x0000000008003f2c       0x32 ../../NuttX/apps/libapps.a(nsh_console.home.andressanchez.Escritorio.GIT.project_template.build.NuttX.apps.nshlib.o)
 .text.nsh_consoleoutput
                0x0000000008003f5e       0x32 ../../NuttX/apps/libapps.a(nsh_console.home.andressanchez.Escritorio.GIT.project_template.build.NuttX.apps.nshlib.o)
 .text.nsh_newconsole
                0x0000000008003f90       0x80 ../../NuttX/apps/libapps.a(nsh_console.home.andressanchez.Escritorio.GIT.project_template.build.NuttX.apps.nshlib.o)
                0x0000000008003f90                nsh_newconsole
 .text.nsh_consoleclone
                0x0000000008004010        0x8 ../../NuttX/apps/libapps.a(nsh_console.home.andressanchez.Escritorio.GIT.project_template.build.NuttX.apps.nshlib.o)
 .text.nsh_script
                0x0000000008004018      0x110 ../../NuttX/apps/libapps.a(nsh_script.home.andressanchez.Escritorio.GIT.project_template.build.NuttX.apps.nshlib.o)
                0x0000000008004018                nsh_script
 .text.nsh_initscript
                0x0000000008004128       0x38 ../../NuttX/apps/libapps.a(nsh_script.home.andressanchez.Escritorio.GIT.project_template.build.NuttX.apps.nshlib.o)
                0x0000000008004128                nsh_initscript
 .text.nsh_getcwd
                0x0000000008004160       0x1c ../../NuttX/apps/libapps.a(nsh_envcmds.home.andressanchez.Escritorio.GIT.project_template.build.NuttX.apps.nshlib.o)
                0x0000000008004160                nsh_getcwd
 .text.nsh_getfullpath
                0x000000000800417c       0xa8 ../../NuttX/apps/libapps.a(nsh_envcmds.home.andressanchez.Escritorio.GIT.project_template.build.NuttX.apps.nshlib.o)
                0x000000000800417c                nsh_getfullpath
 .text.nsh_freefullpath
                0x0000000008004224        0x8 ../../NuttX/apps/libapps.a(nsh_envcmds.home.andressanchez.Escritorio.GIT.project_template.build.NuttX.apps.nshlib.o)
                0x0000000008004224                nsh_freefullpath
 .text.cmd_cd   0x000000000800422c       0xcc ../../NuttX/apps/libapps.a(nsh_envcmds.home.andressanchez.Escritorio.GIT.project_template.build.NuttX.apps.nshlib.o)
                0x000000000800422c                cmd_cd
 .text.cmd_echo
                0x00000000080042f8       0x74 ../../NuttX/apps/libapps.a(nsh_envcmds.home.andressanchez.Escritorio.GIT.project_template.build.NuttX.apps.nshlib.o)
                0x00000000080042f8                cmd_echo
 .text.cmd_pwd  0x000000000800436c       0x1c ../../NuttX/apps/libapps.a(nsh_envcmds.home.andressanchez.Escritorio.GIT.project_template.build.NuttX.apps.nshlib.o)
                0x000000000800436c                cmd_pwd
 .text.cmd_set  0x0000000008004388      0x10c ../../NuttX/apps/libapps.a(nsh_envcmds.home.andressanchez.Escritorio.GIT.project_template.build.NuttX.apps.nshlib.o)
                0x0000000008004388                cmd_set
 .text.cmd_unset
                0x0000000008004494       0x3c ../../NuttX/apps/libapps.a(nsh_envcmds.home.andressanchez.Escritorio.GIT.project_template.build.NuttX.apps.nshlib.o)
                0x0000000008004494                cmd_unset
 .text.nsh_session
                0x00000000080044d0       0xf8 ../../NuttX/apps/libapps.a(nsh_session.home.andressanchez.Escritorio.GIT.project_template.build.NuttX.apps.nshlib.o)
                0x00000000080044d0                nsh_session
 .text.nsh_catfile
                0x00000000080045c8      0x100 ../../NuttX/apps/libapps.a(nsh_fsutils.home.andressanchez.Escritorio.GIT.project_template.build.NuttX.apps.nshlib.o)
                0x00000000080045c8                nsh_catfile
 .text.nsh_foreach_direntry
                0x00000000080046c8       0x60 ../../NuttX/apps/libapps.a(nsh_fsutils.home.andressanchez.Escritorio.GIT.project_template.build.NuttX.apps.nshlib.o)
                0x00000000080046c8                nsh_foreach_direntry
 .text.nsh_trimdir
                0x0000000008004728       0x22 ../../NuttX/apps/libapps.a(nsh_fsutils.home.andressanchez.Escritorio.GIT.project_template.build.NuttX.apps.nshlib.o)
                0x0000000008004728                nsh_trimdir
 .text.nsh_trimspaces
                0x000000000800474a       0x3a ../../NuttX/apps/libapps.a(nsh_fsutils.home.andressanchez.Escritorio.GIT.project_template.build.NuttX.apps.nshlib.o)
                0x000000000800474a                nsh_trimspaces
 .text.readline_write
                0x0000000008004784        0x6 ../../NuttX/apps/libapps.a(readline.home.andressanchez.Escritorio.GIT.project_template.build.NuttX.apps.system.readline.o)
 .text.readline_putc
                0x000000000800478a       0x26 ../../NuttX/apps/libapps.a(readline.home.andressanchez.Escritorio.GIT.project_template.build.NuttX.apps.system.readline.o)
 .text.readline_getc
                0x00000000080047b0       0x30 ../../NuttX/apps/libapps.a(readline.home.andressanchez.Escritorio.GIT.project_template.build.NuttX.apps.system.readline.o)
 .text.readline
                0x00000000080047e0       0x34 ../../NuttX/apps/libapps.a(readline.home.andressanchez.Escritorio.GIT.project_template.build.NuttX.apps.system.readline.o)
                0x00000000080047e0                readline
 .text.readline_common
                0x0000000008004814       0xd4 ../../NuttX/apps/libapps.a(readline_common.home.andressanchez.Escritorio.GIT.project_template.build.NuttX.apps.system.readline.o)
                0x0000000008004814                readline_common
 .text.nsh_strchr
                0x00000000080048e8       0x26 ../../NuttX/apps/libapps.a(nsh_parse.home.andressanchez.Escritorio.GIT.project_template.build.NuttX.apps.nshlib.o)
 .text.nsh_dequote
                0x000000000800490e       0x24 ../../NuttX/apps/libapps.a(nsh_parse.home.andressanchez.Escritorio.GIT.project_template.build.NuttX.apps.nshlib.o)
 .text.nsh_cmdenabled
                0x0000000008004932       0x42 ../../NuttX/apps/libapps.a(nsh_parse.home.andressanchez.Escritorio.GIT.project_template.build.NuttX.apps.nshlib.o)
 .text.nsh_memlist_free
                0x0000000008004974       0x24 ../../NuttX/apps/libapps.a(nsh_parse.home.andressanchez.Escritorio.GIT.project_template.build.NuttX.apps.nshlib.o)
 .text.nsh_releaseargs
                0x0000000008004998       0x3a ../../NuttX/apps/libapps.a(nsh_parse.home.andressanchez.Escritorio.GIT.project_template.build.NuttX.apps.nshlib.o)
 .text.nsh_child
                0x00000000080049d2       0x1c ../../NuttX/apps/libapps.a(nsh_parse.home.andressanchez.Escritorio.GIT.project_template.build.NuttX.apps.nshlib.o)
 .text.nsh_saveresult
                0x00000000080049ee       0x88 ../../NuttX/apps/libapps.a(nsh_parse.home.andressanchez.Escritorio.GIT.project_template.build.NuttX.apps.nshlib.o)
 *fill*         0x0000000008004a76        0x2 
 .text.nsh_strcat
                0x0000000008004a78       0x54 ../../NuttX/apps/libapps.a(nsh_parse.home.andressanchez.Escritorio.GIT.project_template.build.NuttX.apps.nshlib.o)
 .text.nsh_execute
                0x0000000008004acc      0x1bc ../../NuttX/apps/libapps.a(nsh_parse.home.andressanchez.Escritorio.GIT.project_template.build.NuttX.apps.nshlib.o)
 .text.nsh_argument
                0x0000000008004c88      0x4cc ../../NuttX/apps/libapps.a(nsh_parse.home.andressanchez.Escritorio.GIT.project_template.build.NuttX.apps.nshlib.o)
 .text.nsh_parse_command
                0x0000000008005154      0x664 ../../NuttX/apps/libapps.a(nsh_parse.home.andressanchez.Escritorio.GIT.project_template.build.NuttX.apps.nshlib.o)
 .text.nsh_parse
                0x00000000080057b8       0x9c ../../NuttX/apps/libapps.a(nsh_parse.home.andressanchez.Escritorio.GIT.project_template.build.NuttX.apps.nshlib.o)
                0x00000000080057b8                nsh_parse
 .text.cmd_break
                0x0000000008005854       0x2c ../../NuttX/apps/libapps.a(nsh_parse.home.andressanchez.Escritorio.GIT.project_template.build.NuttX.apps.nshlib.o)
                0x0000000008005854                cmd_break
 .text.cmd_unrecognized
                0x0000000008005880       0x14 ../../NuttX/apps/libapps.a(nsh_command.home.andressanchez.Escritorio.GIT.project_template.build.NuttX.apps.nshlib.o)
 .text.cmd_true
                0x0000000008005894        0x4 ../../NuttX/apps/libapps.a(nsh_command.home.andressanchez.Escritorio.GIT.project_template.build.NuttX.apps.nshlib.o)
 .text.cmd_false
                0x0000000008005898        0x6 ../../NuttX/apps/libapps.a(nsh_command.home.andressanchez.Escritorio.GIT.project_template.build.NuttX.apps.nshlib.o)
 .text.cmd_exit
                0x000000000800589e        0x8 ../../NuttX/apps/libapps.a(nsh_command.home.andressanchez.Escritorio.GIT.project_template.build.NuttX.apps.nshlib.o)
 *fill*         0x00000000080058a6        0x2 
 .text.help_showcmd
                0x00000000080058a8       0x28 ../../NuttX/apps/libapps.a(nsh_command.home.andressanchez.Escritorio.GIT.project_template.build.NuttX.apps.nshlib.o)
 .text.help_cmd
                0x00000000080058d0       0x4c ../../NuttX/apps/libapps.a(nsh_command.home.andressanchez.Escritorio.GIT.project_template.build.NuttX.apps.nshlib.o)
 .text.cmd_help
                0x000000000800591c      0x2a4 ../../NuttX/apps/libapps.a(nsh_command.home.andressanchez.Escritorio.GIT.project_template.build.NuttX.apps.nshlib.o)
 .text.nsh_command
                0x0000000008005bc0       0x68 ../../NuttX/apps/libapps.a(nsh_command.home.andressanchez.Escritorio.GIT.project_template.build.NuttX.apps.nshlib.o)
                0x0000000008005bc0                nsh_command
 .text.nsh_getdirpath
                0x0000000008005c28       0x54 ../../NuttX/apps/libapps.a(nsh_fscmds.home.andressanchez.Escritorio.GIT.project_template.build.NuttX.apps.nshlib.o)
 .text.ls_specialdir
                0x0000000008005c7c       0x28 ../../NuttX/apps/libapps.a(nsh_fscmds.home.andressanchez.Escritorio.GIT.project_template.build.NuttX.apps.nshlib.o)
 .text.ls_handler
                0x0000000008005ca4      0x180 ../../NuttX/apps/libapps.a(nsh_fscmds.home.andressanchez.Escritorio.GIT.project_template.build.NuttX.apps.nshlib.o)
 .text.ls_recursive
                0x0000000008005e24       0x70 ../../NuttX/apps/libapps.a(nsh_fscmds.home.andressanchez.Escritorio.GIT.project_template.build.NuttX.apps.nshlib.o)
 .text.cmd_basename
                0x0000000008005e94       0x48 ../../NuttX/apps/libapps.a(nsh_fscmds.home.andressanchez.Escritorio.GIT.project_template.build.NuttX.apps.nshlib.o)
                0x0000000008005e94                cmd_basename
 .text.cmd_dirname
                0x0000000008005edc       0x1c ../../NuttX/apps/libapps.a(nsh_fscmds.home.andressanchez.Escritorio.GIT.project_template.build.NuttX.apps.nshlib.o)
                0x0000000008005edc                cmd_dirname
 .text.cmd_cat  0x0000000008005ef8       0x58 ../../NuttX/apps/libapps.a(nsh_fscmds.home.andressanchez.Escritorio.GIT.project_template.build.NuttX.apps.nshlib.o)
                0x0000000008005ef8                cmd_cat
 .text.cmd_cp   0x0000000008005f50      0x1d4 ../../NuttX/apps/libapps.a(nsh_fscmds.home.andressanchez.Escritorio.GIT.project_template.build.NuttX.apps.nshlib.o)
                0x0000000008005f50                cmd_cp
 .text.cmd_ls   0x0000000008006124      0x164 ../../NuttX/apps/libapps.a(nsh_fscmds.home.andressanchez.Escritorio.GIT.project_template.build.NuttX.apps.nshlib.o)
                0x0000000008006124                cmd_ls
 .text.cmd_mkdir
                0x0000000008006288       0x54 ../../NuttX/apps/libapps.a(nsh_fscmds.home.andressanchez.Escritorio.GIT.project_template.build.NuttX.apps.nshlib.o)
                0x0000000008006288                cmd_mkdir
 .text.cmd_mkrd
                0x00000000080062dc       0xfc ../../NuttX/apps/libapps.a(nsh_fscmds.home.andressanchez.Escritorio.GIT.project_template.build.NuttX.apps.nshlib.o)
                0x00000000080062dc                cmd_mkrd
 .text.cmd_mv   0x00000000080063d8       0x84 ../../NuttX/apps/libapps.a(nsh_fscmds.home.andressanchez.Escritorio.GIT.project_template.build.NuttX.apps.nshlib.o)
                0x00000000080063d8                cmd_mv
 .text.cmd_rm   0x000000000800645c       0x50 ../../NuttX/apps/libapps.a(nsh_fscmds.home.andressanchez.Escritorio.GIT.project_template.build.NuttX.apps.nshlib.o)
                0x000000000800645c                cmd_rm
 .text.cmd_rmdir
                0x00000000080064ac       0x50 ../../NuttX/apps/libapps.a(nsh_fscmds.home.andressanchez.Escritorio.GIT.project_template.build.NuttX.apps.nshlib.o)
                0x00000000080064ac                cmd_rmdir
 .text.cmd_source
                0x00000000080064fc        0x6 ../../NuttX/apps/libapps.a(nsh_fscmds.home.andressanchez.Escritorio.GIT.project_template.build.NuttX.apps.nshlib.o)
                0x00000000080064fc                cmd_source
 *fill*         0x0000000008006502        0x2 
 .text.cmd_cmp  0x0000000008006504      0x134 ../../NuttX/apps/libapps.a(nsh_fscmds.home.andressanchez.Escritorio.GIT.project_template.build.NuttX.apps.nshlib.o)
                0x0000000008006504                cmd_cmp
 .text.cmd_dd   0x0000000008006638      0x26c ../../NuttX/apps/libapps.a(nsh_ddcmd.home.andressanchez.Escritorio.GIT.project_template.build.NuttX.apps.nshlib.o)
                0x0000000008006638                cmd_dd
 .text.cmd_exec
                0x00000000080068a4       0x48 ../../NuttX/apps/libapps.a(nsh_proccmds.home.andressanchez.Escritorio.GIT.project_template.build.NuttX.apps.nshlib.o)
                0x00000000080068a4                cmd_exec
 .text.cmd_kill
                0x00000000080068ec       0x98 ../../NuttX/apps/libapps.a(nsh_proccmds.home.andressanchez.Escritorio.GIT.project_template.build.NuttX.apps.nshlib.o)
                0x00000000080068ec                cmd_kill
 .text.cmd_sleep
                0x0000000008006984       0x3c ../../NuttX/apps/libapps.a(nsh_proccmds.home.andressanchez.Escritorio.GIT.project_template.build.NuttX.apps.nshlib.o)
                0x0000000008006984                cmd_sleep
 .text.cmd_usleep
                0x00000000080069c0       0x3c ../../NuttX/apps/libapps.a(nsh_proccmds.home.andressanchez.Escritorio.GIT.project_template.build.NuttX.apps.nshlib.o)
                0x00000000080069c0                cmd_usleep
 .text.cmd_time
                0x00000000080069fc       0xbc ../../NuttX/apps/libapps.a(nsh_timcmds.home.andressanchez.Escritorio.GIT.project_template.build.NuttX.apps.nshlib.o)
                0x00000000080069fc                cmd_time
 .text.cmd_uname
                0x0000000008006ab8      0x158 ../../NuttX/apps/libapps.a(nsh_syscmds.home.andressanchez.Escritorio.GIT.project_template.build.NuttX.apps.nshlib.o)
                0x0000000008006ab8                cmd_uname
 .text.mem_parse.isra.0
                0x0000000008006c10       0x4e ../../NuttX/apps/libapps.a(nsh_dbgcmds.home.andressanchez.Escritorio.GIT.project_template.build.NuttX.apps.nshlib.o)
 *fill*         0x0000000008006c5e        0x2 
 .text.cmd_mb   0x0000000008006c60       0x98 ../../NuttX/apps/libapps.a(nsh_dbgcmds.home.andressanchez.Escritorio.GIT.project_template.build.NuttX.apps.nshlib.o)
                0x0000000008006c60                cmd_mb
 .text.cmd_mh   0x0000000008006cf8       0xa0 ../../NuttX/apps/libapps.a(nsh_dbgcmds.home.andressanchez.Escritorio.GIT.project_template.build.NuttX.apps.nshlib.o)
                0x0000000008006cf8                cmd_mh
 .text.cmd_mw   0x0000000008006d98       0x78 ../../NuttX/apps/libapps.a(nsh_dbgcmds.home.andressanchez.Escritorio.GIT.project_template.build.NuttX.apps.nshlib.o)
                0x0000000008006d98                cmd_mw
 .text.nsh_dumpbuffer
                0x0000000008006e10       0xc0 ../../NuttX/apps/libapps.a(nsh_dbgcmds.home.andressanchez.Escritorio.GIT.project_template.build.NuttX.apps.nshlib.o)
                0x0000000008006e10                nsh_dumpbuffer
 .text.cmd_xd   0x0000000008006ed0       0x58 ../../NuttX/apps/libapps.a(nsh_dbgcmds.home.andressanchez.Escritorio.GIT.project_template.build.NuttX.apps.nshlib.o)
                0x0000000008006ed0                cmd_xd
 .text.cmd_hexdump
                0x0000000008006f28      0x188 ../../NuttX/apps/libapps.a(nsh_dbgcmds.home.andressanchez.Escritorio.GIT.project_template.build.NuttX.apps.nshlib.o)
                0x0000000008006f28                cmd_hexdump
 .text.nsh_builtin
                0x00000000080070b0       0xb8 ../../NuttX/apps/libapps.a(nsh_builtin.home.andressanchez.Escritorio.GIT.project_template.build.NuttX.apps.nshlib.o)
                0x00000000080070b0                nsh_builtin
 .text.cmd_mount
                0x0000000008007168      0x138 ../../NuttX/apps/libapps.a(nsh_mntcmds.home.andressanchez.Escritorio.GIT.project_template.build.NuttX.apps.nshlib.o)
                0x0000000008007168                cmd_mount
 .text.cmd_umount
                0x00000000080072a0       0x50 ../../NuttX/apps/libapps.a(nsh_mntcmds.home.andressanchez.Escritorio.GIT.project_template.build.NuttX.apps.nshlib.o)
                0x00000000080072a0                cmd_umount
 .text.expression
                0x00000000080072f0      0x320 ../../NuttX/apps/libapps.a(nsh_test.home.andressanchez.Escritorio.GIT.project_template.build.NuttX.apps.nshlib.o)
 .text.cmd_test
                0x0000000008007610        0x8 ../../NuttX/apps/libapps.a(nsh_test.home.andressanchez.Escritorio.GIT.project_template.build.NuttX.apps.nshlib.o)
                0x0000000008007610                cmd_test
 .text.cmd_lbracket
                0x0000000008007618       0x40 ../../NuttX/apps/libapps.a(nsh_test.home.andressanchez.Escritorio.GIT.project_template.build.NuttX.apps.nshlib.o)
                0x0000000008007618                cmd_lbracket
 .text.exec_builtin
                0x0000000008007658       0xd4 ../../NuttX/apps/libapps.a(exec_builtin.home.andressanchez.Escritorio.GIT.project_template.build.NuttX.apps.builtin.o)
                0x0000000008007658                exec_builtin
 .text.up_allocate_heap
                0x000000000800772c       0x24 ../../NuttX/nuttx/arch/arm/src/libarch.a(stm32_allocateheap.o)
                0x000000000800772c                up_allocate_heap
 .text.arm_addregion
                0x0000000008007750       0x2a ../../NuttX/nuttx/arch/arm/src/libarch.a(stm32_allocateheap.o)
                0x0000000008007750                arm_addregion
 .text.stm32_timerisr
                0x000000000800777a        0xa ../../NuttX/nuttx/arch/arm/src/libarch.a(stm32_timerisr.o)
 .text.up_timer_initialize
                0x0000000008007784       0x34 ../../NuttX/nuttx/arch/arm/src/libarch.a(stm32_timerisr.o)
                0x0000000008007784                up_timer_initialize
 .text.up_stackdump
                0x00000000080077b8       0x50 ../../NuttX/nuttx/arch/arm/src/libarch.a(arm_assert.o)
 .text.up_assert
                0x0000000008007808      0x1b8 ../../NuttX/nuttx/arch/arm/src/libarch.a(arm_assert.o)
                0x0000000008007808                up_assert
 .text.up_block_task
                0x00000000080079c0       0x70 ../../NuttX/nuttx/arch/arm/src/libarch.a(arm_blocktask.o)
                0x00000000080079c0                up_block_task
 .text.arm_copyfullstate
                0x0000000008007a30       0x18 ../../NuttX/nuttx/arch/arm/src/libarch.a(arm_copyfullstate.o)
                0x0000000008007a30                arm_copyfullstate
 .text.up_create_stack
                0x0000000008007a48       0x4e ../../NuttX/nuttx/arch/arm/src/libarch.a(arm_createstack.o)
                0x0000000008007a48                up_create_stack
 *fill*         0x0000000008007a96        0x2 
 .text.up_exit  0x0000000008007a98       0x34 ../../NuttX/nuttx/arch/arm/src/libarch.a(arm_exit.o)
                0x0000000008007a98                up_exit
 .text.up_initialize
                0x0000000008007acc       0x24 ../../NuttX/nuttx/arch/arm/src/libarch.a(arm_initialize.o)
                0x0000000008007acc                up_initialize
 .text.up_initial_state
                0x0000000008007af0       0x5c ../../NuttX/nuttx/arch/arm/src/libarch.a(arm_initialstate.o)
                0x0000000008007af0                up_initial_state
 .text.up_interrupt_context
                0x0000000008007b4c       0x10 ../../NuttX/nuttx/arch/arm/src/libarch.a(arm_interruptcontext.o)
                0x0000000008007b4c                up_interrupt_context
 .text.up_mdelay
                0x0000000008007b5c       0x2c ../../NuttX/nuttx/arch/arm/src/libarch.a(arm_mdelay.o)
                0x0000000008007b5c                up_mdelay
 .text.up_release_pending
                0x0000000008007b88       0x48 ../../NuttX/nuttx/arch/arm/src/libarch.a(arm_releasepending.o)
                0x0000000008007b88                up_release_pending
 .text.up_release_stack
                0x0000000008007bd0       0x1e ../../NuttX/nuttx/arch/arm/src/libarch.a(arm_releasestack.o)
                0x0000000008007bd0                up_release_stack
 *fill*         0x0000000008007bee        0x2 
 .text.up_schedule_sigaction
                0x0000000008007bf0       0x9c ../../NuttX/nuttx/arch/arm/src/libarch.a(arm_schedulesigaction.o)
                0x0000000008007bf0                up_schedule_sigaction
 .text.arm_sigdeliver
                0x0000000008007c8c       0x6c ../../NuttX/nuttx/arch/arm/src/libarch.a(arm_sigdeliver.o)
                0x0000000008007c8c                arm_sigdeliver
 .text.up_stack_frame
                0x0000000008007cf8       0x26 ../../NuttX/nuttx/arch/arm/src/libarch.a(arm_stackframe.o)
                0x0000000008007cf8                up_stack_frame
 *fill*         0x0000000008007d1e        0x2 
 .text.up_unblock_task
                0x0000000008007d20       0x50 ../../NuttX/nuttx/arch/arm/src/libarch.a(arm_unblocktask.o)
                0x0000000008007d20                up_unblock_task
 .text.up_use_stack
                0x0000000008007d70       0x40 ../../NuttX/nuttx/arch/arm/src/libarch.a(arm_usestack.o)
                0x0000000008007d70                up_use_stack
 .text.up_idle  0x0000000008007db0        0x2 ../../NuttX/nuttx/arch/arm/src/libarch.a(arm_idle.o)
                0x0000000008007db0                up_idle
 .text          0x0000000008007db2       0x14 ../../NuttX/nuttx/arch/arm/src/libarch.a(arm_saveusercontext.o)
                0x0000000008007db2                arm_saveusercontext
 .text          0x0000000008007dc6        0xa ../../NuttX/nuttx/arch/arm/src/libarch.a(arm_fullcontextrestore.o)
                0x0000000008007dc6                arm_fullcontextrestore
 .text          0x0000000008007dd0        0xc ../../NuttX/nuttx/arch/arm/src/libarch.a(arm_switchcontext.o)
                0x0000000008007dd0                arm_switchcontext
 .text.binfmt_initialize
                0x0000000008007ddc        0x2 ../../NuttX/nuttx/binfmt/libbinfmt.a(binfmt_initialize.o)
                0x0000000008007ddc                binfmt_initialize
 .text.builtin_isavail
                0x0000000008007dde       0x26 ../../NuttX/nuttx/libs/libc/libc.a(lib_builtin_isavail.o)
                0x0000000008007dde                builtin_isavail
 .text.builtin_for_index
                0x0000000008007e04       0x1c ../../NuttX/nuttx/libs/libc/libc.a(lib_builtin_forindex.o)
                0x0000000008007e04                builtin_for_index
 .text.isprint  0x0000000008007e20        0xc ../../NuttX/nuttx/libs/libc/libc.a(lib_isprint.o)
                0x0000000008007e20                isprint
 .text.isspace  0x0000000008007e2c       0x14 ../../NuttX/nuttx/libs/libc/libc.a(lib_isspace.o)
                0x0000000008007e2c                isspace
 .text.__errno  0x0000000008007e40        0xa ../../NuttX/nuttx/libs/libc/libc.a(lib_errno.o)
                0x0000000008007e40                __errno
 *fill*         0x0000000008007e4a        0x2 
 .text.basename
                0x0000000008007e4c       0x48 ../../NuttX/nuttx/libs/libc/libc.a(lib_basename.o)
                0x0000000008007e4c                basename
 .text.dirname  0x0000000008007e94       0x50 ../../NuttX/nuttx/libs/libc/libc.a(lib_dirname.o)
                0x0000000008007e94                dirname
 .text.lib_stream_initialize
                0x0000000008007ee4       0x44 ../../NuttX/nuttx/libs/libc/libc.a(lib_stream.o)
                0x0000000008007ee4                lib_stream_initialize
 .text.lib_stream_release
                0x0000000008007f28       0x48 ../../NuttX/nuttx/libs/libc/libc.a(lib_stream.o)
                0x0000000008007f28                lib_stream_release
 .text.uname    0x0000000008007f70       0x7c ../../NuttX/nuttx/libs/libc/libc.a(lib_utsname.o)
                0x0000000008007f70                uname
 .text.lib_sem_initialize
                0x0000000008007fec       0x1a ../../NuttX/nuttx/libs/libc/libc.a(lib_filesem.o)
                0x0000000008007fec                lib_sem_initialize
 .text.lib_take_semaphore
                0x0000000008008006       0x2e ../../NuttX/nuttx/libs/libc/libc.a(lib_filesem.o)
                0x0000000008008006                lib_take_semaphore
 .text.lib_give_semaphore
                0x0000000008008034       0x1c ../../NuttX/nuttx/libs/libc/libc.a(lib_filesem.o)
                0x0000000008008034                lib_give_semaphore
 .text.pthread_attr_init
                0x0000000008008050       0x1c ../../NuttX/nuttx/libs/libc/libc.a(pthread_attr_init.o)
                0x0000000008008050                pthread_attr_init
 .text.pthread_attr_setschedpolicy
                0x000000000800806c       0x12 ../../NuttX/nuttx/libs/libc/libc.a(pthread_attr_setschedpolicy.o)
                0x000000000800806c                pthread_attr_setschedpolicy
 .text.pthread_attr_setschedparam
                0x000000000800807e       0x10 ../../NuttX/nuttx/libs/libc/libc.a(pthread_attr_setschedparam.o)
                0x000000000800807e                pthread_attr_setschedparam
 .text.sq_addlast
                0x000000000800808e       0x14 ../../NuttX/nuttx/libs/libc/libc.a(sq_addlast.o)
                0x000000000800808e                sq_addlast
 .text.sq_addfirst
                0x00000000080080a2        0xe ../../NuttX/nuttx/libs/libc/libc.a(sq_addfirst.o)
                0x00000000080080a2                sq_addfirst
 .text.sq_addafter
                0x00000000080080b0       0x1c ../../NuttX/nuttx/libs/libc/libc.a(sq_addafter.o)
                0x00000000080080b0                sq_addafter
 .text.sq_rem   0x00000000080080cc       0x2c ../../NuttX/nuttx/libs/libc/libc.a(sq_rem.o)
                0x00000000080080cc                sq_rem
 .text.sq_remfirst
                0x00000000080080f8       0x14 ../../NuttX/nuttx/libs/libc/libc.a(sq_remfirst.o)
                0x00000000080080f8                sq_remfirst
 .text.sq_remafter
                0x000000000800810c       0x20 ../../NuttX/nuttx/libs/libc/libc.a(sq_remafter.o)
                0x000000000800810c                sq_remafter
 .text.dq_addfirst
                0x000000000800812c       0x18 ../../NuttX/nuttx/libs/libc/libc.a(dq_addfirst.o)
                0x000000000800812c                dq_addfirst
 .text.dq_rem   0x0000000008008144       0x1c ../../NuttX/nuttx/libs/libc/libc.a(dq_rem.o)
                0x0000000008008144                dq_rem
 .text.sched_get_priority_max
                0x0000000008008160        0x4 ../../NuttX/nuttx/libs/libc/libc.a(sched_getprioritymax.o)
                0x0000000008008160                sched_get_priority_max
 .text.sched_get_priority_min
                0x0000000008008164        0x4 ../../NuttX/nuttx/libs/libc/libc.a(sched_getprioritymin.o)
                0x0000000008008164                sched_get_priority_min
 .text.nxtask_startup
                0x0000000008008168       0x54 ../../NuttX/nuttx/libs/libc/libc.a(task_startup.o)
                0x0000000008008168                nxtask_startup
 .text.nxsem_init
                0x00000000080081bc       0x16 ../../NuttX/nuttx/libs/libc/libc.a(sem_init.o)
                0x00000000080081bc                nxsem_init
 .text.sem_init
                0x00000000080081d2       0x20 ../../NuttX/nuttx/libs/libc/libc.a(sem_init.o)
                0x00000000080081d2                sem_init
 .text.nxsem_get_value
                0x00000000080081f2       0x14 ../../NuttX/nuttx/libs/libc/libc.a(sem_getvalue.o)
                0x00000000080081f2                nxsem_get_value
 .text.nxsem_set_protocol
                0x0000000008008206       0x16 ../../NuttX/nuttx/libs/libc/libc.a(sem_setprotocol.o)
                0x0000000008008206                nxsem_set_protocol
 .text.nxsig_addset
                0x000000000800821c       0x1a ../../NuttX/nuttx/libs/libc/libc.a(sig_addset.o)
                0x000000000800821c                nxsig_addset
 .text.nxsig_delset
                0x0000000008008236       0x1a ../../NuttX/nuttx/libs/libc/libc.a(sig_delset.o)
                0x0000000008008236                nxsig_delset
 .text.sigemptyset
                0x0000000008008250        0x8 ../../NuttX/nuttx/libs/libc/libc.a(sig_emptyset.o)
                0x0000000008008250                sigemptyset
 .text.nxsig_ismember
                0x0000000008008258       0x12 ../../NuttX/nuttx/libs/libc/libc.a(sig_ismember.o)
                0x0000000008008258                nxsig_ismember
 .text.posix_spawn_file_actions_addopen
                0x000000000800826a       0x4e ../../NuttX/nuttx/libs/libc/libc.a(lib_psfa_addopen.o)
                0x000000000800826a                posix_spawn_file_actions_addopen
 .text.posix_spawn_file_actions_destroy
                0x00000000080082b8       0x16 ../../NuttX/nuttx/libs/libc/libc.a(lib_psfa_destroy.o)
                0x00000000080082b8                posix_spawn_file_actions_destroy
 .text.posix_spawn_file_actions_init
                0x00000000080082ce        0x8 ../../NuttX/nuttx/libs/libc/libc.a(lib_psfa_init.o)
                0x00000000080082ce                posix_spawn_file_actions_init
 .text.posix_spawnattr_init
                0x00000000080082d6       0x3a ../../NuttX/nuttx/libs/libc/libc.a(lib_psa_init.o)
                0x00000000080082d6                posix_spawnattr_init
 .text.posix_spawnattr_setflags
                0x0000000008008310        0x6 ../../NuttX/nuttx/libs/libc/libc.a(lib_psa_setflags.o)
                0x0000000008008310                posix_spawnattr_setflags
 .text.posix_spawnattr_setschedparam
                0x0000000008008316        0x8 ../../NuttX/nuttx/libs/libc/libc.a(lib_psa_setschedparam.o)
                0x0000000008008316                posix_spawnattr_setschedparam
 .text.posix_spawnattr_setschedpolicy
                0x000000000800831e        0x6 ../../NuttX/nuttx/libs/libc/libc.a(lib_psa_setschedpolicy.o)
                0x000000000800831e                posix_spawnattr_setschedpolicy
 .text.task_spawnattr_setstacksize
                0x0000000008008324        0x6 ../../NuttX/nuttx/libs/libc/libc.a(lib_psa_setstacksize.o)
                0x0000000008008324                task_spawnattr_setstacksize
 .text.sprintf  0x000000000800832a       0x2e ../../NuttX/nuttx/libs/libc/libc.a(lib_sprintf.o)
                0x000000000800832a                sprintf
 .text.asprintf
                0x0000000008008358       0x1a ../../NuttX/nuttx/libs/libc/libc.a(lib_asprintf.o)
                0x0000000008008358                asprintf
 .text.snprintf
                0x0000000008008372       0x2e ../../NuttX/nuttx/libs/libc/libc.a(lib_snprintf.o)
                0x0000000008008372                snprintf
 .text.vasprintf
                0x00000000080083a0       0x4a ../../NuttX/nuttx/libs/libc/libc.a(lib_vasprintf.o)
                0x00000000080083a0                vasprintf
 .text.memoutstream_putc
                0x00000000080083ea       0x1a ../../NuttX/nuttx/libs/libc/libc.a(lib_memoutstream.o)
 .text.lib_memoutstream
                0x0000000008008404       0x20 ../../NuttX/nuttx/libs/libc/libc.a(lib_memoutstream.o)
                0x0000000008008404                lib_memoutstream
 .text.nulloutstream_putc
                0x0000000008008424        0x8 ../../NuttX/nuttx/libs/libc/libc.a(lib_nulloutstream.o)
 .text.lib_nulloutstream
                0x000000000800842c       0x18 ../../NuttX/nuttx/libs/libc/libc.a(lib_nulloutstream.o)
                0x000000000800842c                lib_nulloutstream
 .text.lib_noflush
                0x0000000008008444        0x4 ../../NuttX/nuttx/libs/libc/libc.a(lib_libnoflush.o)
                0x0000000008008444                lib_noflush
 .text.lib_vsprintf
                0x0000000008008448      0x4e0 ../../NuttX/nuttx/libs/libc/libc.a(lib_libvsprintf.o)
                0x0000000008008448                lib_vsprintf
 .text.__ultoa_invert
                0x0000000008008928       0x5e ../../NuttX/nuttx/libs/libc/libc.a(lib_ultoa_invert.o)
                0x0000000008008928                __ultoa_invert
 .text.lib_mode2oflags
                0x0000000008008986       0xb0 ../../NuttX/nuttx/libs/libc/libc.a(lib_fopen.o)
                0x0000000008008986                lib_mode2oflags
 .text.fdopen   0x0000000008008a36       0x22 ../../NuttX/nuttx/libs/libc/libc.a(lib_fopen.o)
                0x0000000008008a36                fdopen
 .text.fopen    0x0000000008008a58       0x42 ../../NuttX/nuttx/libs/libc/libc.a(lib_fopen.o)
                0x0000000008008a58                fopen
 .text.fclose   0x0000000008008a9a       0xc6 ../../NuttX/nuttx/libs/libc/libc.a(lib_fclose.o)
                0x0000000008008a9a                fclose
 .text.fseek    0x0000000008008b60       0x3c ../../NuttX/nuttx/libs/libc/libc.a(lib_fseek.o)
                0x0000000008008b60                fseek
 .text.ftell    0x0000000008008b9c       0x4c ../../NuttX/nuttx/libs/libc/libc.a(lib_ftell.o)
                0x0000000008008b9c                ftell
 .text.fgets    0x0000000008008be8       0x1c ../../NuttX/nuttx/libs/libc/libc.a(lib_fgets.o)
                0x0000000008008be8                fgets
 .text.consume_eol
                0x0000000008008c04       0x20 ../../NuttX/nuttx/libs/libc/libc.a(lib_libfgets.o)
 .text.lib_fgets
                0x0000000008008c24       0x8e ../../NuttX/nuttx/libs/libc/libc.a(lib_libfgets.o)
                0x0000000008008c24                lib_fgets
 .text.fwrite   0x0000000008008cb2       0x18 ../../NuttX/nuttx/libs/libc/libc.a(lib_fwrite.o)
                0x0000000008008cb2                fwrite
 .text.lib_fwrite
                0x0000000008008cca       0xb8 ../../NuttX/nuttx/libs/libc/libc.a(lib_libfwrite.o)
                0x0000000008008cca                lib_fwrite
 .text.fflush   0x0000000008008d82       0x2c ../../NuttX/nuttx/libs/libc/libc.a(lib_fflush.o)
                0x0000000008008d82                fflush
 .text.lib_flushall
                0x0000000008008dae       0x3c ../../NuttX/nuttx/libs/libc/libc.a(lib_libflushall.o)
                0x0000000008008dae                lib_flushall
 .text.lib_fflush
                0x0000000008008dea       0x92 ../../NuttX/nuttx/libs/libc/libc.a(lib_libfflush.o)
                0x0000000008008dea                lib_fflush
 .text.lib_rdflush
                0x0000000008008e7c       0x56 ../../NuttX/nuttx/libs/libc/libc.a(lib_rdflush.o)
                0x0000000008008e7c                lib_rdflush
 .text.lib_wrflush
                0x0000000008008ed2       0x16 ../../NuttX/nuttx/libs/libc/libc.a(lib_wrflush.o)
                0x0000000008008ed2                lib_wrflush
 .text.fputs    0x0000000008008ee8       0x5a ../../NuttX/nuttx/libs/libc/libc.a(lib_fputs.o)
                0x0000000008008ee8                fputs
 .text.fprintf  0x0000000008008f42       0x1a ../../NuttX/nuttx/libs/libc/libc.a(lib_fprintf.o)
                0x0000000008008f42                fprintf
 .text.vfprintf
                0x0000000008008f5c       0x36 ../../NuttX/nuttx/libs/libc/libc.a(lib_vfprintf.o)
                0x0000000008008f5c                vfprintf
 .text.stdoutstream_flush
                0x0000000008008f92        0x8 ../../NuttX/nuttx/libs/libc/libc.a(lib_stdoutstream.o)
 .text.stdoutstream_putc
                0x0000000008008f9a       0x26 ../../NuttX/nuttx/libs/libc/libc.a(lib_stdoutstream.o)
 .text.lib_stdoutstream
                0x0000000008008fc0       0x2c ../../NuttX/nuttx/libs/libc/libc.a(lib_stdoutstream.o)
                0x0000000008008fc0                lib_stdoutstream
 .text.atoi     0x0000000008008fec        0x8 ../../NuttX/nuttx/libs/libc/libc.a(lib_atoi.o)
                0x0000000008008fec                atoi
 .text.strtol   0x0000000008008ff4       0x74 ../../NuttX/nuttx/libs/libc/libc.a(lib_strtol.o)
                0x0000000008008ff4                strtol
 .text.strtoul  0x0000000008009068       0xba ../../NuttX/nuttx/libs/libc/libc.a(lib_strtoul.o)
                0x0000000008009068                strtoul
 .text.lib_checkbase
                0x0000000008009122       0x5c ../../NuttX/nuttx/libs/libc/libc.a(lib_checkbase.o)
                0x0000000008009122                lib_checkbase
 .text.lib_isbasedigit
                0x000000000800917e       0x4e ../../NuttX/nuttx/libs/libc/libc.a(lib_isbasedigit.o)
                0x000000000800917e                lib_isbasedigit
 .text.memset   0x00000000080091cc       0x10 ../../NuttX/nuttx/libs/libc/libc.a(lib_memset.o)
                0x00000000080091cc                memset
 .text.memcmp   0x00000000080091dc       0x26 ../../NuttX/nuttx/libs/libc/libc.a(lib_memcmp.o)
                0x00000000080091dc                memcmp
 .text.lib_skipspace
                0x0000000008009202       0x18 ../../NuttX/nuttx/libs/libc/libc.a(lib_skipspace.o)
                0x0000000008009202                lib_skipspace
 .text.strcat   0x000000000800921a       0x20 ../../NuttX/nuttx/libs/libc/libc.a(lib_strcat.o)
                0x000000000800921a                strcat
 .text.strchr   0x000000000800923a       0x16 ../../NuttX/nuttx/libs/libc/libc.a(lib_strchr.o)
                0x000000000800923a                strchr
 .text.strcmp   0x0000000008009250       0x16 ../../NuttX/nuttx/libs/libc/libc.a(lib_strcmp.o)
                0x0000000008009250                strcmp
 .text.strcspn  0x0000000008009266       0x1e ../../NuttX/nuttx/libs/libc/libc.a(lib_strcspn.o)
                0x0000000008009266                strcspn
 .text.strdup   0x0000000008009284       0x1c ../../NuttX/nuttx/libs/libc/libc.a(lib_strdup.o)
                0x0000000008009284                strdup
 .text.strlen   0x00000000080092a0       0x10 ../../NuttX/nuttx/libs/libc/libc.a(lib_strlen.o)
                0x00000000080092a0                strlen
 .text.strnlen  0x00000000080092b0       0x18 ../../NuttX/nuttx/libs/libc/libc.a(lib_strnlen.o)
                0x00000000080092b0                strnlen
 .text.strncmp  0x00000000080092c8       0x20 ../../NuttX/nuttx/libs/libc/libc.a(lib_strncmp.o)
                0x00000000080092c8                strncmp
 .text.strncpy  0x00000000080092e8       0x24 ../../NuttX/nuttx/libs/libc/libc.a(lib_strncpy.o)
                0x00000000080092e8                strncpy
 .text.strrchr  0x000000000800930c       0x20 ../../NuttX/nuttx/libs/libc/libc.a(lib_strrchr.o)
                0x000000000800930c                strrchr
 .text.tls_get_info
                0x000000000800932c       0x18 ../../NuttX/nuttx/libs/libc/libc.a(tls_getinfo.o)
                0x000000000800932c                tls_get_info
 .text.getopt   0x0000000008009344      0x130 ../../NuttX/nuttx/libs/libc/libc.a(lib_getopt.o)
                0x0000000008009344                getopt
 .text.getopt_long
                0x0000000008009474        0x4 ../../NuttX/nuttx/libs/libc/libc.a(lib_getopt.o)
                0x0000000008009474                getopt_long
 .text.sleep    0x0000000008009478       0x38 ../../NuttX/nuttx/libs/libc/libc.a(lib_sleep.o)
                0x0000000008009478                sleep
 .text.usleep   0x00000000080094b0       0x30 ../../NuttX/nuttx/libs/libc/libc.a(lib_usleep.o)
                0x00000000080094b0                usleep
 .text.chdir    0x00000000080094e0       0x78 ../../NuttX/nuttx/libs/libc/libc.a(lib_chdir.o)
                0x00000000080094e0                chdir
 .text.gethostname
                0x0000000008009558       0x30 ../../NuttX/nuttx/libs/libc/libc.a(lib_gethostname.o)
                0x0000000008009558                gethostname
 .text.builtin_getname
                0x0000000008009588        0xc ../../NuttX/nuttx/libs/libc/libc.a(lib_builtin_getname.o)
                0x0000000008009588                builtin_getname
 .text.stream_semtake
                0x0000000008009594       0x10 ../../NuttX/nuttx/libs/libc/libc.a(lib_streamsem.o)
                0x0000000008009594                stream_semtake
 .text.stream_semgive
                0x00000000080095a4        0x4 ../../NuttX/nuttx/libs/libc/libc.a(lib_streamsem.o)
                0x00000000080095a4                stream_semgive
 .text.add_file_action
                0x00000000080095a8       0x1a ../../NuttX/nuttx/libs/libc/libc.a(lib_psfa_addaction.o)
                0x00000000080095a8                add_file_action
 .text.fgetc    0x00000000080095c2       0x20 ../../NuttX/nuttx/libs/libc/libc.a(lib_fgetc.o)
                0x00000000080095c2                fgetc
 .text.fputc    0x00000000080095e2       0x3c ../../NuttX/nuttx/libs/libc/libc.a(lib_fputc.o)
                0x00000000080095e2                fputc
 .text.lib_fread
                0x000000000800961e      0x114 ../../NuttX/nuttx/libs/libc/libc.a(lib_libfread.o)
                0x000000000800961e                lib_fread
 .text.boardctl
                0x0000000008009732       0x70 ../../NuttX/nuttx/boards/libboards.a(boardctl.o)
                0x0000000008009732                boardctl
 *fill*         0x00000000080097a2        0x2 
 .text.syslog_flush
                0x00000000080097a4       0x10 ../../NuttX/nuttx/drivers/libdrivers.a(syslog_flush.o)
                0x00000000080097a4                syslog_flush
 .text.syslog_initialize
                0x00000000080097b4        0x4 ../../NuttX/nuttx/drivers/libdrivers.a(syslog_initialize.o)
                0x00000000080097b4                syslog_initialize
 .text.devnull_read
                0x00000000080097b8        0x4 ../../NuttX/nuttx/drivers/libdrivers.a(dev_null.o)
 .text.devnull_write
                0x00000000080097bc        0x4 ../../NuttX/nuttx/drivers/libdrivers.a(dev_null.o)
 .text.devnull_poll
                0x00000000080097c0       0x1c ../../NuttX/nuttx/drivers/libdrivers.a(dev_null.o)
 .text.devnull_register
                0x00000000080097dc       0x18 ../../NuttX/nuttx/drivers/libdrivers.a(dev_null.o)
                0x00000000080097dc                devnull_register
 .text.rd_open  0x00000000080097f4        0xc ../../NuttX/nuttx/drivers/libdrivers.a(ramdisk.o)
 .text.rd_geometry
                0x0000000008009800       0x24 ../../NuttX/nuttx/drivers/libdrivers.a(ramdisk.o)
 .text.rd_ioctl
                0x0000000008009824       0x1a ../../NuttX/nuttx/drivers/libdrivers.a(ramdisk.o)
 .text.rd_close
                0x000000000800983e       0x24 ../../NuttX/nuttx/drivers/libdrivers.a(ramdisk.o)
 .text.rd_write
                0x0000000008009862       0x3a ../../NuttX/nuttx/drivers/libdrivers.a(ramdisk.o)
 .text.rd_read  0x000000000800989c       0x32 ../../NuttX/nuttx/drivers/libdrivers.a(ramdisk.o)
 .text.rd_unlink
                0x00000000080098ce       0x20 ../../NuttX/nuttx/drivers/libdrivers.a(ramdisk.o)
 *fill*         0x00000000080098ee        0x2 
 .text.ramdisk_register
                0x00000000080098f0       0x60 ../../NuttX/nuttx/drivers/libdrivers.a(ramdisk.o)
                0x00000000080098f0                ramdisk_register
 .text.mkrd     0x0000000008009950       0x40 ../../NuttX/nuttx/drivers/libdrivers.a(mkrd.o)
                0x0000000008009950                mkrd
 .text.fs_initialize
                0x0000000008009990        0x4 ../../NuttX/nuttx/fs/libfs.a(fs_initialize.o)
                0x0000000008009990                fs_initialize
 .text._files_close
                0x0000000008009994       0x2a ../../NuttX/nuttx/fs/libfs.a(fs_files.o)
 .text.files_initialize
                0x00000000080099be        0x2 ../../NuttX/nuttx/fs/libfs.a(fs_files.o)
                0x00000000080099be                files_initialize
 .text.files_initlist
                0x00000000080099c0        0x8 ../../NuttX/nuttx/fs/libfs.a(fs_files.o)
                0x00000000080099c0                files_initlist
 .text.files_releaselist
                0x00000000080099c8       0x22 ../../NuttX/nuttx/fs/libfs.a(fs_files.o)
                0x00000000080099c8                files_releaselist
 .text.file_dup2
                0x00000000080099ea       0xaa ../../NuttX/nuttx/fs/libfs.a(fs_files.o)
                0x00000000080099ea                file_dup2
 .text.files_allocate
                0x0000000008009a94       0x58 ../../NuttX/nuttx/fs/libfs.a(fs_files.o)
                0x0000000008009a94                files_allocate
 .text.files_close
                0x0000000008009aec       0x38 ../../NuttX/nuttx/fs/libfs.a(fs_files.o)
                0x0000000008009aec                files_close
 .text.files_release
                0x0000000008009b24       0x2e ../../NuttX/nuttx/fs/libfs.a(fs_files.o)
                0x0000000008009b24                files_release
 .text.inode_addref
                0x0000000008009b52       0x20 ../../NuttX/nuttx/fs/libfs.a(fs_inodeaddref.o)
                0x0000000008009b52                inode_addref
 .text.inode_release
                0x0000000008009b72       0x3e ../../NuttX/nuttx/fs/libfs.a(fs_inoderelease.o)
                0x0000000008009b72                inode_release
 .text.nx_close
                0x0000000008009bb0        0xe ../../NuttX/nuttx/fs/libfs.a(fs_close.o)
                0x0000000008009bb0                nx_close
 .text.close    0x0000000008009bbe       0x1a ../../NuttX/nuttx/fs/libfs.a(fs_close.o)
                0x0000000008009bbe                close
 .text.fs_dupfd2
                0x0000000008009bd8       0x3e ../../NuttX/nuttx/fs/libfs.a(fs_dupfd2.o)
                0x0000000008009bd8                fs_dupfd2
 .text.fs_getfilep
                0x0000000008009c16       0x2e ../../NuttX/nuttx/fs/libfs.a(fs_getfilep.o)
                0x0000000008009c16                fs_getfilep
 .text.file_vioctl
                0x0000000008009c44       0x1c ../../NuttX/nuttx/fs/libfs.a(fs_ioctl.o)
                0x0000000008009c44                file_vioctl
 .text.nx_vioctl
                0x0000000008009c60       0x8c ../../NuttX/nuttx/fs/libfs.a(fs_ioctl.o)
                0x0000000008009c60                nx_vioctl
 .text.ioctl    0x0000000008009cec       0x2c ../../NuttX/nuttx/fs/libfs.a(fs_ioctl.o)
                0x0000000008009cec                ioctl
 .text.file_seek
                0x0000000008009d18       0x40 ../../NuttX/nuttx/fs/libfs.a(fs_lseek.o)
                0x0000000008009d18                file_seek
 .text.nx_seek  0x0000000008009d58       0x1e ../../NuttX/nuttx/fs/libfs.a(fs_lseek.o)
                0x0000000008009d58                nx_seek
 .text.lseek    0x0000000008009d76       0x1a ../../NuttX/nuttx/fs/libfs.a(fs_lseek.o)
                0x0000000008009d76                lseek
 .text.mkdir    0x0000000008009d90       0xa2 ../../NuttX/nuttx/fs/libfs.a(fs_mkdir.o)
                0x0000000008009d90                mkdir
 .text.inode_checkflags
                0x0000000008009e32       0x28 ../../NuttX/nuttx/fs/libfs.a(fs_open.o)
                0x0000000008009e32                inode_checkflags
 .text.nx_vopen
                0x0000000008009e5a       0xd0 ../../NuttX/nuttx/fs/libfs.a(fs_open.o)
                0x0000000008009e5a                nx_vopen
 .text.nx_open  0x0000000008009f2a       0x1a ../../NuttX/nuttx/fs/libfs.a(fs_open.o)
                0x0000000008009f2a                nx_open
 .text.open     0x0000000008009f44       0x2c ../../NuttX/nuttx/fs/libfs.a(fs_open.o)
                0x0000000008009f44                open
 .text.file_read
                0x0000000008009f70       0x2a ../../NuttX/nuttx/fs/libfs.a(fs_read.o)
                0x0000000008009f70                file_read
 .text.nx_read  0x0000000008009f9a       0x28 ../../NuttX/nuttx/fs/libfs.a(fs_read.o)
                0x0000000008009f9a                nx_read
 .text.read     0x0000000008009fc2       0x1a ../../NuttX/nuttx/fs/libfs.a(fs_read.o)
                0x0000000008009fc2                read
 .text.rename   0x0000000008009fdc      0x294 ../../NuttX/nuttx/fs/libfs.a(fs_rename.o)
                0x0000000008009fdc                rename
 .text.rmdir    0x000000000800a270       0xb0 ../../NuttX/nuttx/fs/libfs.a(fs_rmdir.o)
                0x000000000800a270                rmdir
 .text.inode_stat
                0x000000000800a320       0x9a ../../NuttX/nuttx/fs/libfs.a(fs_stat.o)
                0x000000000800a320                inode_stat
 .text.nx_stat  0x000000000800a3ba       0x7e ../../NuttX/nuttx/fs/libfs.a(fs_stat.o)
                0x000000000800a3ba                nx_stat
 .text.stat     0x000000000800a438       0x1c ../../NuttX/nuttx/fs/libfs.a(fs_stat.o)
                0x000000000800a438                stat
 .text.unlink   0x000000000800a454       0xe0 ../../NuttX/nuttx/fs/libfs.a(fs_unlink.o)
                0x000000000800a454                unlink
 .text.file_write
                0x000000000800a534       0x24 ../../NuttX/nuttx/fs/libfs.a(fs_write.o)
                0x000000000800a534                file_write
 .text.nx_write
                0x000000000800a558       0x30 ../../NuttX/nuttx/fs/libfs.a(fs_write.o)
                0x000000000800a558                nx_write
 .text.write    0x000000000800a588       0x1a ../../NuttX/nuttx/fs/libfs.a(fs_write.o)
                0x000000000800a588                write
 .text.fs_fdopen
                0x000000000800a5a2       0xe0 ../../NuttX/nuttx/fs/libfs.a(fs_fdopen.o)
                0x000000000800a5a2                fs_fdopen
 .text.register_blockdriver
                0x000000000800a682       0x3a ../../NuttX/nuttx/fs/libfs.a(fs_registerblockdriver.o)
                0x000000000800a682                register_blockdriver
 .text.block_proxy
                0x000000000800a6bc       0xa8 ../../NuttX/nuttx/fs/libfs.a(fs_blockproxy.o)
                0x000000000800a6bc                block_proxy
 .text.closedir
                0x000000000800a764       0x62 ../../NuttX/nuttx/fs/libfs.a(fs_closedir.o)
                0x000000000800a764                closedir
 .text.opendir  0x000000000800a7c6       0xd8 ../../NuttX/nuttx/fs/libfs.a(fs_opendir.o)
                0x000000000800a7c6                opendir
 .text.readdir  0x000000000800a89e       0xdc ../../NuttX/nuttx/fs/libfs.a(fs_readdir.o)
                0x000000000800a89e                readdir
 .text.mq_inode_release
                0x000000000800a97a       0x48 ../../NuttX/nuttx/fs/libfs.a(mq_close.o)
                0x000000000800a97a                mq_inode_release
 .text.nxmq_close_group
                0x000000000800a9c2       0x28 ../../NuttX/nuttx/fs/libfs.a(mq_close.o)
                0x000000000800a9c2                nxmq_close_group
 *fill*         0x000000000800a9ea        0x2 
 .text.nx_mount
                0x000000000800a9ec      0x10c ../../NuttX/nuttx/fs/libfs.a(fs_mount.o)
                0x000000000800a9ec                nx_mount
 .text.mount    0x000000000800aaf8       0x20 ../../NuttX/nuttx/fs/libfs.a(fs_mount.o)
                0x000000000800aaf8                mount
 .text.nx_umount2
                0x000000000800ab18       0xbe ../../NuttX/nuttx/fs/libfs.a(fs_umount2.o)
                0x000000000800ab18                nx_umount2
 .text.umount2  0x000000000800abd6       0x1a ../../NuttX/nuttx/fs/libfs.a(fs_umount2.o)
                0x000000000800abd6                umount2
 .text.romfs_ioctl
                0x000000000800abf0       0x26 ../../NuttX/nuttx/fs/libfs.a(fs_romfs.o)
 .text.romfs_rewinddir
                0x000000000800ac16       0x28 ../../NuttX/nuttx/fs/libfs.a(fs_romfs.o)
 .text.romfs_seek
                0x000000000800ac3e       0x5a ../../NuttX/nuttx/fs/libfs.a(fs_romfs.o)
 .text.romfs_stat_common
                0x000000000800ac98       0x62 ../../NuttX/nuttx/fs/libfs.a(fs_romfs.o)
 .text.romfs_stat
                0x000000000800acfa       0x4a ../../NuttX/nuttx/fs/libfs.a(fs_romfs.o)
 .text.romfs_fstat
                0x000000000800ad44       0x36 ../../NuttX/nuttx/fs/libfs.a(fs_romfs.o)
 .text.romfs_statfs
                0x000000000800ad7a       0x50 ../../NuttX/nuttx/fs/libfs.a(fs_romfs.o)
 .text.romfs_close
                0x000000000800adca       0x22 ../../NuttX/nuttx/fs/libfs.a(fs_romfs.o)
 .text.romfs_bind
                0x000000000800adec       0x82 ../../NuttX/nuttx/fs/libfs.a(fs_romfs.o)
 .text.romfs_readdir
                0x000000000800ae6e       0x7c ../../NuttX/nuttx/fs/libfs.a(fs_romfs.o)
 .text.romfs_opendir
                0x000000000800aeea       0x54 ../../NuttX/nuttx/fs/libfs.a(fs_romfs.o)
 .text.romfs_dup
                0x000000000800af3e       0x6c ../../NuttX/nuttx/fs/libfs.a(fs_romfs.o)
 .text.romfs_read
                0x000000000800afaa       0xc8 ../../NuttX/nuttx/fs/libfs.a(fs_romfs.o)
 .text.romfs_open
                0x000000000800b072       0xc6 ../../NuttX/nuttx/fs/libfs.a(fs_romfs.o)
 .text.romfs_unbind
                0x000000000800b138       0x64 ../../NuttX/nuttx/fs/libfs.a(fs_romfs.o)
 .text.romfs_devread32
                0x000000000800b19c       0x1c ../../NuttX/nuttx/fs/libfs.a(fs_romfsutil.o)
 .text.romfs_semtake
                0x000000000800b1b8        0x6 ../../NuttX/nuttx/fs/libfs.a(fs_romfsutil.o)
                0x000000000800b1b8                romfs_semtake
 .text.romfs_semgive
                0x000000000800b1be        0x6 ../../NuttX/nuttx/fs/libfs.a(fs_romfsutil.o)
                0x000000000800b1be                romfs_semgive
 .text.romfs_hwread
                0x000000000800b1c4       0x58 ../../NuttX/nuttx/fs/libfs.a(fs_romfsutil.o)
                0x000000000800b1c4                romfs_hwread
 .text.romfs_devcacheread
                0x000000000800b21c       0x3a ../../NuttX/nuttx/fs/libfs.a(fs_romfsutil.o)
                0x000000000800b21c                romfs_devcacheread
 .text.romfs_followhardlinks
                0x000000000800b256       0x50 ../../NuttX/nuttx/fs/libfs.a(fs_romfsutil.o)
 .text.romfs_filecacheread
                0x000000000800b2a6       0x2c ../../NuttX/nuttx/fs/libfs.a(fs_romfsutil.o)
                0x000000000800b2a6                romfs_filecacheread
 .text.romfs_hwconfigure
                0x000000000800b2d2       0xb0 ../../NuttX/nuttx/fs/libfs.a(fs_romfsutil.o)
                0x000000000800b2d2                romfs_hwconfigure
 *fill*         0x000000000800b382        0x2 
 .text.romfs_fsconfigure
                0x000000000800b384       0x4c ../../NuttX/nuttx/fs/libfs.a(fs_romfsutil.o)
                0x000000000800b384                romfs_fsconfigure
 .text.romfs_fileconfigure
                0x000000000800b3d0       0x2e ../../NuttX/nuttx/fs/libfs.a(fs_romfsutil.o)
                0x000000000800b3d0                romfs_fileconfigure
 .text.romfs_checkmount
                0x000000000800b3fe       0x44 ../../NuttX/nuttx/fs/libfs.a(fs_romfsutil.o)
                0x000000000800b3fe                romfs_checkmount
 .text.romfs_parsedirentry
                0x000000000800b442       0x74 ../../NuttX/nuttx/fs/libfs.a(fs_romfsutil.o)
                0x000000000800b442                romfs_parsedirentry
 .text.romfs_parsefilename
                0x000000000800b4b6       0x72 ../../NuttX/nuttx/fs/libfs.a(fs_romfsutil.o)
                0x000000000800b4b6                romfs_parsefilename
 .text.romfs_finddirentry
                0x000000000800b528       0xfe ../../NuttX/nuttx/fs/libfs.a(fs_romfsutil.o)
                0x000000000800b528                romfs_finddirentry
 .text.romfs_datastart
                0x000000000800b626       0x4a ../../NuttX/nuttx/fs/libfs.a(fs_romfsutil.o)
                0x000000000800b626                romfs_datastart
 .text.inode_find
                0x000000000800b670       0x26 ../../NuttX/nuttx/fs/libfs.a(fs_inodefind.o)
                0x000000000800b670                inode_find
 .text.inode_free
                0x000000000800b696       0x1e ../../NuttX/nuttx/fs/libfs.a(fs_inodefree.o)
                0x000000000800b696                inode_free
 .text.inode_unlink
                0x000000000800b6b4       0x4a ../../NuttX/nuttx/fs/libfs.a(fs_inoderemove.o)
                0x000000000800b6b4                inode_unlink
 .text.inode_remove
                0x000000000800b6fe       0x2a ../../NuttX/nuttx/fs/libfs.a(fs_inoderemove.o)
                0x000000000800b6fe                inode_remove
 .text.file_vfcntl
                0x000000000800b728       0x70 ../../NuttX/nuttx/fs/libfs.a(fs_fcntl.o)
                0x000000000800b728                file_vfcntl
 .text.nx_vfcntl
                0x000000000800b798       0x28 ../../NuttX/nuttx/fs/libfs.a(fs_fcntl.o)
                0x000000000800b798                nx_vfcntl
 .text.nx_fcntl
                0x000000000800b7c0       0x1a ../../NuttX/nuttx/fs/libfs.a(fs_fcntl.o)
                0x000000000800b7c0                nx_fcntl
 .text.file_dup
                0x000000000800b7da       0x52 ../../NuttX/nuttx/fs/libfs.a(fs_dupfd.o)
                0x000000000800b7da                file_dup
 .text.find_blockdriver
                0x000000000800b82c       0x76 ../../NuttX/nuttx/fs/libfs.a(fs_findblockdriver.o)
                0x000000000800b82c                find_blockdriver
 *fill*         0x000000000800b8a2        0x2 
 .text.umm_initialize
                0x000000000800b8a4       0x10 ../../NuttX/nuttx/mm/libmm.a(umm_initialize.o)
                0x000000000800b8a4                umm_initialize
 .text.umm_addregion
                0x000000000800b8b4       0x10 ../../NuttX/nuttx/mm/libmm.a(umm_addregion.o)
                0x000000000800b8b4                umm_addregion
 .text.malloc   0x000000000800b8c4        0xc ../../NuttX/nuttx/mm/libmm.a(umm_malloc.o)
                0x000000000800b8c4                malloc
 .text.memalign
                0x000000000800b8d0       0x10 ../../NuttX/nuttx/mm/libmm.a(umm_memalign.o)
                0x000000000800b8d0                memalign
 .text.realloc  0x000000000800b8e0       0x10 ../../NuttX/nuttx/mm/libmm.a(umm_realloc.o)
                0x000000000800b8e0                realloc
 .text.umm_heapmember
                0x000000000800b8f0        0xc ../../NuttX/nuttx/mm/libmm.a(umm_heapmember.o)
                0x000000000800b8f0                umm_heapmember
 .text.mm_addregion